06-08 15:43:36.206 E/StatsCompanionService(  496): 	at com.android.internal.os.RuntimeInit$MethodAndArgsCaller.run(RuntimeInit.java:548)
06-08 15:43:36.206 E/StatsCompanionService(  496): 	at com.android.internal.os.ZygoteInit.main(ZygoteInit.java:914)
06-08 15:43:36.206 D/SystemServerTiming(  496): OnBootPhase_600_com.android.server.scheduling.RebootReadinessManagerService$Lifecycle
06-08 15:43:36.206 D/SystemServerTiming(  496): OnBootPhase_600_com.android.server.stats.pull.StatsPullAtomService
06-08 15:43:36.206 D/SystemServerTiming(  496): OnBootPhase_600_com.android.server.stats.bootstrap.StatsBootstrapAtomService$Lifecycle
06-08 15:43:36.206 D/SystemServerTiming(  496): OnBootPhase_600_com.android.server.incident.IncidentCompanionService
06-08 15:43:36.206 D/SystemServerTiming(  496): OnBootPhase_600_com.android.server.sdksandbox.SdkSandboxManagerService$Lifecycle
06-08 15:43:36.206 D/SystemServerTiming(  496): OnBootPhase_600_com.android.server.adservices.AdServicesManagerService$Lifecycle
06-08 15:43:36.206 D/SystemServerTiming(  496): OnBootPhase_600_com.android.server.MmsServiceBroker
06-08 15:43:36.206 D/SystemServerTiming(  496): OnBootPhase_600_com.android.server.autofill.AutofillManagerService
06-08 15:43:36.207 D/StatsPullAtomService(  496): Registering NetworkStats pullers with statsd
06-08 15:43:36.207 V/SystemUIService(  688): SystemUIApplication constructed.
06-08 15:43:36.207 D/SystemServerTiming(  496): OnBootPhase_600_com.android.server.translation.TranslationManagerService
06-08 15:43:36.207 D/SystemServerTiming(  496): OnBootPhase_600_com.android.server.clipboard.ClipboardService
06-08 15:43:36.207 D/SystemServerTiming(  496): OnBootPhase_600_com.android.server.appbinding.AppBindingService$Lifecycle
06-08 15:43:36.207 D/SystemServerTiming(  496): OnBootPhase_600_com.android.server.tracing.TracingServiceProxy
06-08 15:43:36.207 D/SystemServerTiming(  496): OnBootPhase_600_com.android.server.policy.PermissionPolicyService
06-08 15:43:36.207 D/SystemServerTiming(  496): OnBootPhase_600_com.android.server.pm.StagingManager$Lifecycle
06-08 15:43:36.207 D/SystemServerTiming(  496): OnBootPhase_600_com.android.server.app.GameManagerService$Lifecycle
06-08 15:43:36.207 D/SystemServerTiming(  496): OnBootPhase_600_com.android.safetycenter.SafetyCenterService
06-08 15:43:36.207 D/SystemServerTiming(  496): OnBootPhase_600_com.android.server.appsearch.AppSearchModule$Lifecycle
06-08 15:43:36.207 D/SystemServerTiming(  496): OnBootPhase_600_com.android.server.media.MediaCommunicationService
06-08 15:43:36.207 D/SystemServerTiming(  496): OnBootPhase_600_com.android.server.compat.overrides.AppCompatOverridesService$Lifecycle
06-08 15:43:36.207 D/SystemServerTiming(  496): StartNetworkStack
06-08 15:43:36.207 D/ConnectivityModuleConnector(  496): Starting networking module android.net.INetworkStackConnector
06-08 15:43:36.207 D/ConnectivityModuleConnector(  496): Starting networking module in network_stack process
06-08 15:43:36.207 W/BestClock(  496): java.time.DateTimeException: Missing NTP fix
06-08 15:43:36.208 V/C2Store (  398): in ~ComponentModule
06-08 15:43:36.208 V/C2Store (  398): unloading dll
06-08 15:43:36.208 V/C2Store (  398): in init
06-08 15:43:36.208 V/C2Store (  398): loading dll
06-08 15:43:36.208 D/CompatibilityChangeReporter(  496): Compat change id reported: 135634846; UID 1073; state: DISABLED
06-08 15:43:36.209 D/CompatibilityChangeReporter(  496): Compat change id reported: 177438394; UID 1073; state: DISABLED
06-08 15:43:36.209 D/CompatibilityChangeReporter(  496): Compat change id reported: 135772972; UID 1073; state: DISABLED
06-08 15:43:36.209 D/CompatibilityChangeReporter(  496): Compat change id reported: 135754954; UID 1073; state: ENABLED
06-08 15:43:36.209 D/ConnectivityModuleConnector(  496): Networking module service start requested
06-08 15:43:36.209 D/SystemServerTiming(  496): StartTethering
06-08 15:43:36.209 D/ConnectivityModuleConnector(  496): Starting networking module android.net.ITetheringConnector
06-08 15:43:36.209 D/ConnectivityModuleConnector(  496): Starting networking module in network_stack process
06-08 15:43:36.209 D/ConnectivityModuleConnector(  496): Networking module service start requested
06-08 15:43:36.210 D/SystemServerTiming(  496): MakeCountryDetectionServiceReady
06-08 15:43:36.210 D/SystemServerTiming(  496): MakeNetworkTimeUpdateReady
06-08 15:43:36.210 D/ConnectivityService(  496): requestNetwork for uid/pid:1000/496 activeRequest: null callbackRequest: 20 [NetworkRequest [ REQUEST id=21, [ Capabilities: INTERNET&NOT_RESTRICTED&TRUSTED&NOT_VCN_MANAGED Uid: 1000 RequestorUid: 1000 RequestorPkg: android UnderlyingNetworks: Null] ]] callback flags: 0 order: 2147483647
06-08 15:43:36.211 D/ConnectivityService(  496): NetReassign [no changes] [c 0] [a 0] [i 0]
06-08 15:43:36.211 D/SystemServerTiming(  496): MakeInputManagerServiceReady
06-08 15:43:36.211 D/SystemServerTiming(  496): MakeTelephonyRegistryReady
06-08 15:43:36.211 D/SystemServerTiming(  496): MakeMediaRouterServiceReady
06-08 15:43:36.211 I/MR2ServiceImpl(  496): switchUser | user: 0
06-08 15:43:36.211 D/SystemServerTiming(  496): MakeMmsServiceReady
06-08 15:43:36.211 I/MmsServiceBroker(  496): Delay connecting to MmsService until an API is called
06-08 15:43:36.211 D/SystemServerTiming(  496): IncidentDaemonReady
06-08 15:43:36.212 D/Zygote  (  292): Forked child process 741
06-08 15:43:36.212 I/InputReader(  496): Reconfiguring input devices, changes=KEYBOARD_LAYOUTS | DEVICE_ALIAS | 
06-08 15:43:36.213 I/ActivityManager(  496): Start proc 741:com.android.networkstack.process/1073 for service {com.google.android.networkstack/com.android.server.NetworkStackService}
06-08 15:43:36.214 D/SystemServerTiming(  496): MakeIncrementalServiceReady
06-08 15:43:36.214 D/SystemServerTiming(  496): OdsignStatsLogger
06-08 15:43:36.214 D/SystemServerTiming(  496): getCurrentUser
06-08 15:43:36.214 I/ActivityManager(  496): Current user:0
06-08 15:43:36.214 D/SystemServerTiming(  496): ActivityManagerStartApps
06-08 15:43:36.214 D/SystemServerTiming(  496): ssm.StartUser-0
06-08 15:43:36.214 I/SystemServiceManager(  496): Calling onStartUser 0
06-08 15:43:36.214 D/SystemServerTiming(  496): ssm.onStartUser-0_com.android.server.security.FileIntegrityService
06-08 15:43:36.214 D/SystemServerTiming(  496): ssm.onStartUser-0_com.android.server.pm.Installer
06-08 15:43:36.214 D/SystemServerTiming(  496): ssm.onStartUser-0_com.android.server.os.DeviceIdentifiersPolicyService
06-08 15:43:36.214 D/SystemServerTiming(  496): ssm.onStartUser-0_com.android.server.uri.UriGrantsManagerService$Lifecycle
06-08 15:43:36.214 D/SystemServerTiming(  496): ssm.onStartUser-0_com.android.server.powerstats.PowerStatsService
06-08 15:43:36.214 D/SystemServerTiming(  496): ssm.onStartUser-0_com.android.server.wm.ActivityTaskManagerService$Lifecycle
06-08 15:43:36.214 D/SystemServerTiming(  496): ssm.onStartUser-0_com.android.server.am.ActivityManagerService$Lifecycle
06-08 15:43:36.214 D/SystemServerTiming(  496): ssm.onStartUser-0_com.android.server.pm.DataLoaderManagerService
06-08 15:43:36.214 D/SystemServerTiming(  496): ssm.onStartUser-0_com.android.server.power.PowerManagerService
06-08 15:43:36.214 D/SystemServerTiming(  496): ssm.onStartUser-0_com.android.server.power.ThermalManagerService
06-08 15:43:36.214 D/SystemServerTiming(  496): ssm.onStartUser-0_com.android.server.power.hint.HintManagerService
06-08 15:43:36.214 D/SystemServerTiming(  496): ssm.onStartUser-0_com.android.server.recoverysystem.RecoverySystemService$Lifecycle
06-08 15:43:36.214 D/SystemServerTiming(  496): ssm.onStartUser-0_com.android.server.lights.LightsService
06-08 15:43:36.214 D/SystemServerTiming(  496): ssm.onStartUser-0_com.android.server.display.DisplayManagerService
06-08 15:43:36.214 D/SystemServerTiming(  496): ssm.onStartUser-0_com.android.server.pm.verify.domain.DomainVerificationService
06-08 15:43:36.214 D/SystemServerTiming(  496): ssm.onStartUser-0_com.android.server.pm.PackageInstallerService$Lifecycle
06-08 15:43:36.214 D/SystemServerTiming(  496): ssm.onStartUser-0_com.android.server.pm.UserManagerService$LifeCycle
06-08 15:43:36.214 D/SystemServerTiming(  496): ssm.onStartUser-0_com.android.server.om.OverlayManagerService
06-08 15:43:36.214 D/SystemServerTiming(  496): ssm.onStartUser-0_com.android.server.resources.ResourcesManagerService
06-08 15:43:36.214 D/SystemServerTiming(  496): ssm.onStartUser-0_com.android.server.sensorprivacy.SensorPrivacyService
06-08 15:43:36.214 D/SystemServerTiming(  496): ssm.onStartUser-0_com.android.server.sensors.SensorService
06-08 15:43:36.214 D/SystemServerTiming(  496): ssm.onStartUser-0_com.android.server.SystemConfigService
06-08 15:43:36.214 D/SystemServerTiming(  496): ssm.onStartUser-0_com.android.server.BatteryService
06-08 15:43:36.214 D/SystemServerTiming(  496): ssm.onStartUser-0_com.android.server.usage.UsageStatsService
06-08 15:43:36.214 D/SystemServerTiming(  496): ssm.onStartUser-0_com.android.server.webkit.WebViewUpdateService
06-08 15:43:36.214 D/SystemServerTiming(  496): ssm.onStartUser-0_com.android.server.CachedDeviceStateService
06-08 15:43:36.214 D/SystemServerTiming(  496): ssm.onStartUser-0_com.android.server.BinderCallsStatsService$LifeCycle
06-08 15:43:36.214 D/SystemServerTiming(  496): ssm.onStartUser-0_com.android.server.LooperStatsService$Lifecycle
06-08 15:43:36.214 D/SystemServerTiming(  496): ssm.onStartUser-0_com.android.server.rollback.RollbackManagerService
06-08 15:43:36.214 D/SystemServerTiming(  496): ssm.onStartUser-0_com.android.server.os.NativeTombstoneManagerService
06-08 15:43:36.214 D/SystemServerTiming(  496): ssm.onStartUser-0_com.android.server.os.BugreportManagerService
06-08 15:43:36.214 D/SystemServerTiming(  496): ssm.onStartUser-0_com.android.server.gpu.GpuService
06-08 15:43:36.214 D/SystemServerTiming(  496): ssm.onStartUser-0_com.android.server.security.KeyChainSystemService
06-08 15:43:36.214 D/SystemServerTiming(  496): ssm.onStartUser-0_com.android.server.BinaryTransparencyService
06-08 15:43:36.214 D/SystemServerTiming(  496): ssm.onStartUser-0_com.android.server.telecom.TelecomLoaderService
06-08 15:43:36.214 D/SystemServerTiming(  496): ssm.onStartUser-0_com.android.server.accounts.AccountManagerService$Lifecycle
06-08 15:43:36.214 D/SystemServerTiming(  496): ssm.onStartUser-0_com.android.server.content.ContentService$Lifecycle
06-08 15:43:36.214 D/SystemServerTiming(  496): ssm.onStartUser-0_com.android.server.DropBoxManagerService
06-08 15:43:36.214 D/SystemServerTiming(  496): ssm.onStartUser-0_com.android.role.RoleService
06-08 15:43:36.214 V/C2Store (  398): in ~ComponentModule
06-08 15:43:36.214 V/C2Store (  398): unloading dll
06-08 15:43:36.214 V/C2Store (  398): in init
06-08 15:43:36.214 V/C2Store (  398): loading dll
06-08 15:43:36.216 I/RoleService(  496): Granting default roles...
06-08 15:43:36.216 W/StorageManagerService(  496): No primary storage defined yet; hacking together a stub
06-08 15:43:36.218 D/CompatibilityChangeReporter(  496): Compat change id reported: 135634846; UID 10172; state: DISABLED
06-08 15:43:36.218 D/CompatibilityChangeReporter(  496): Compat change id reported: 177438394; UID 10172; state: DISABLED
06-08 15:43:36.218 D/CompatibilityChangeReporter(  496): Compat change id reported: 135772972; UID 10172; state: DISABLED
06-08 15:43:36.218 D/CompatibilityChangeReporter(  496): Compat change id reported: 135754954; UID 10172; state: ENABLED
06-08 15:43:36.218 D/CompatibilityChangeReporter(  496): Compat change id reported: 143937733; UID 10172; state: ENABLED
06-08 15:43:36.219 V/C2Store (  398): in ~ComponentModule
06-08 15:43:36.219 V/C2Store (  398): unloading dll
06-08 15:43:36.219 V/C2Store (  398): in init
06-08 15:43:36.219 V/C2Store (  398): loading dll
06-08 15:43:36.220 I/rkstack.process(  741): Using CollectorTypeCC GC.
06-08 15:43:36.221 D/Zygote  (  292): Forked child process 742
06-08 15:43:36.221 I/ActivityManager(  496): Start proc 742:com.google.android.permissioncontroller/u0a172 for service {com.google.android.permissioncontroller/com.android.permissioncontroller.role.service.RoleControllerServiceImpl}
06-08 15:43:36.226 D/CompatibilityChangeReporter(  496): Compat change id reported: 135634846; UID 10140; state: DISABLED
06-08 15:43:36.226 D/CompatibilityChangeReporter(  496): Compat change id reported: 177438394; UID 10140; state: DISABLED
06-08 15:43:36.226 D/CompatibilityChangeReporter(  496): Compat change id reported: 135772972; UID 10140; state: DISABLED
06-08 15:43:36.226 D/CompatibilityChangeReporter(  496): Compat change id reported: 135754954; UID 10140; state: ENABLED
06-08 15:43:36.226 D/CompatibilityChangeReporter(  496): Compat change id reported: 207557677; UID 10140; state: ENABLED
06-08 15:43:36.227 E/rkstack.process(  741): Not starting debugger since process cannot load the jdwp agent.
06-08 15:43:36.227 W/Zygote  (  292): forkRepeatedly terminated due to non-simple command
06-08 15:43:36.227 D/Zygote  (  292): mbuffer starts with 14, nice name is webview_zygote, mEnd = 397, mNext = 165, mLinesLeft = 6, mFd = 5
06-08 15:43:36.227 I/mediaswcodec(  398): missing struct descriptor #Param::CoreIndex(--004) for field values of struct #Param::CoreIndex(F-12004)
06-08 15:43:36.227 I/mediaswcodec(  398): missing struct descriptor #Param::CoreIndex(--1812) for field values of struct #Param::CoreIndex(F-11812)
06-08 15:43:36.227 V/C2Store (  398): in ~ComponentModule
06-08 15:43:36.227 V/C2Store (  398): unloading dll
06-08 15:43:36.227 V/C2Store (  398): in init
06-08 15:43:36.227 V/C2Store (  398): loading dll
06-08 15:43:36.228 I/WebViewLoader-a(  713): System.exit called, status: 0
06-08 15:43:36.228 I/AndroidRuntime(  713): VM exiting with result code 0, cleanup skipped.
06-08 15:43:36.228 I/ssioncontroller(  742): Using CollectorTypeCC GC.
06-08 15:43:36.230 V/C2Store (  398): in ~ComponentModule
06-08 15:43:36.230 V/C2Store (  398): unloading dll
06-08 15:43:36.230 V/C2Store (  398): in init
06-08 15:43:36.230 V/C2Store (  398): loading dll
06-08 15:43:36.231 V/C2Store (  398): in ~ComponentModule
06-08 15:43:36.231 V/C2Store (  398): unloading dll
06-08 15:43:36.231 V/C2Store (  398): in init
06-08 15:43:36.231 V/C2Store (  398): loading dll
06-08 15:43:36.233 I/ActivityManager(  496): Process WebViewLoader-arm64-v8a (pid 713) has died: psvc PER 
06-08 15:43:36.233 W/BestClock(  496): java.time.DateTimeException: Missing NTP fix
06-08 15:43:36.234 V/C2Store (  398): in ~ComponentModule
06-08 15:43:36.235 V/C2Store (  398): unloading dll
06-08 15:43:36.235 V/C2Store (  398): in init
06-08 15:43:36.235 V/C2Store (  398): loading dll
06-08 15:43:36.235 I/Zygote  (  292): Process 713 exited cleanly (0)
06-08 15:43:36.237 V/C2Store (  398): in ~ComponentModule
06-08 15:43:36.237 V/C2Store (  398): unloading dll
06-08 15:43:36.237 V/C2Store (  398): in init
06-08 15:43:36.237 V/C2Store (  398): loading dll
06-08 15:43:36.237 D/CompatibilityChangeReporter(  496): Compat change id reported: 168419799; UID 1073; state: DISABLED
06-08 15:43:36.237 D/CompatibilityChangeReporter(  496): Compat change id reported: 273564678; UID 1073; state: DISABLED
06-08 15:43:36.238 W/BestClock(  496): java.time.DateTimeException: Missing NTP fix
06-08 15:43:36.239 D/Zygote  (  292): Forked child process 768
06-08 15:43:36.239 I/libprocessgroup(  496): Successfully killed process cgroup uid 1037 pid 713 in 5ms
06-08 15:43:36.239 W/ZygoteProcess(  496): Got error connecting to zygote, retrying. msg= Connection refused
06-08 15:43:36.240 D/CompatibilityChangeReporter(  496): Compat change id reported: 168419799; UID 1073; state: DISABLED
06-08 15:43:36.240 D/CompatibilityChangeReporter(  496): Compat change id reported: 273564678; UID 1073; state: DISABLED
06-08 15:43:36.240 V/C2Store (  398): in ~ComponentModule
06-08 15:43:36.240 V/C2Store (  398): unloading dll
06-08 15:43:36.240 V/C2Store (  398): in init
06-08 15:43:36.240 V/C2Store (  398): loading dll
06-08 15:43:36.242 V/C2Store (  398): in ~ComponentModule
06-08 15:43:36.242 V/C2Store (  398): unloading dll
06-08 15:43:36.242 V/C2Store (  398): in init
06-08 15:43:36.242 V/C2Store (  398): loading dll
06-08 15:43:36.243 D/CompatibilityChangeReporter(  741): Compat change id reported: 171979766; UID 1073; state: ENABLED
06-08 15:43:36.243 V/C2Store (  398): in ~ComponentModule
06-08 15:43:36.243 V/C2Store (  398): unloading dll
06-08 15:43:36.243 V/C2Store (  398): in init
06-08 15:43:36.243 V/C2Store (  398): loading dll
06-08 15:43:36.244 E/ssioncontroller(  742): Not starting debugger since process cannot load the jdwp agent.
06-08 15:43:36.244 V/C2Store (  398): in ~ComponentModule
06-08 15:43:36.244 V/C2Store (  398): unloading dll
06-08 15:43:36.244 V/C2Store (  398): in init
06-08 15:43:36.244 V/C2Store (  398): loading dll
06-08 15:43:36.244 I/libc    (  768): SetHeapTaggingLevel: tag level set to 0
06-08 15:43:36.246 I/webview_zygote(  768): Using CollectorTypeCC GC.
06-08 15:43:36.249 V/C2Store (  398): in ~ComponentModule
06-08 15:43:36.249 V/C2Store (  398): unloading dll
06-08 15:43:36.249 V/C2Store (  398): in init
06-08 15:43:36.249 V/C2Store (  398): loading dll
06-08 15:43:36.250 I/C2SoftVpxEnc(  398): setting temporal layering 0 + 0
06-08 15:43:36.250 V/C2Store (  398): in ~ComponentModule
06-08 15:43:36.250 V/C2Store (  398): unloading dll
06-08 15:43:36.250 V/C2Store (  398): in init
06-08 15:43:36.250 V/C2Store (  398): loading dll
06-08 15:43:36.252 V/C2Store (  398): in ~ComponentModule
06-08 15:43:36.252 V/C2Store (  398): unloading dll
06-08 15:43:36.252 V/C2Store (  398): in init
06-08 15:43:36.252 V/C2Store (  398): loading dll
06-08 15:43:36.252 D/CompatibilityChangeReporter(  496): Compat change id reported: 168419799; UID 10172; state: DISABLED
06-08 15:43:36.252 D/CompatibilityChangeReporter(  496): Compat change id reported: 273564678; UID 10172; state: DISABLED
06-08 15:43:36.253 I/C2SoftVpxEnc(  398): setting temporal layering 0 + 0
06-08 15:43:36.253 V/C2Store (  398): in ~ComponentModule
06-08 15:43:36.253 V/C2Store (  398): unloading dll
06-08 15:43:36.253 I/WebViewZygoteInit(  768): Starting WebViewZygoteInit
06-08 15:43:36.253 D/MediaCodecsXmlParser(  387): parsing /apex/com.android.media.swcodec/etc/media_codecs.xml...
06-08 15:43:36.254 D/nativeloader(  741): Configuring classloader-namespace-shared for other apk /system/priv-app/NetworkStackGoogle/NetworkStackGoogle.apk. target_sdk_version=33, uses_libraries=, library_path=/system/priv-app/NetworkStackGoogle/lib/arm64:/system/priv-app/NetworkStackGoogle/NetworkStackGoogle.apk!/lib/arm64-v8a:/system/lib64:/system_ext/lib64, permitted_path=/data:/mnt/expand:/data/user_de/0/com.google.android.networkstack:/system/priv-app/NetworkStackGoogle:/system/lib64:/system_ext/lib64
06-08 15:43:36.254 D/MediaCodecsXmlParser(  387): disabling c2.android.gsm.decoder
06-08 15:43:36.254 D/MediaCodecsXmlParser(  387): disabling c2.android.mpeg2.decoder
06-08 15:43:36.254 I/MediaCodecsXmlParser(  387): Did not find media_codecs_performance.xml in search path
06-08 15:43:36.255 I/MediaCodecsXmlParser(  387): Did not find media_codecs_c2.xml in search path
06-08 15:43:36.255 D/MediaCodecsXmlParser(  387): parsing /vendor/etc/media_codecs_performance_c2.xml...
06-08 15:43:36.255 D/MediaCodecsXmlParser(  387): parsing /vendor/etc/media_codecs.xml...
06-08 15:43:36.256 D/MediaCodecsXmlParser(  387): Ignoring unrecognized tag <MediaCodec> at line 85 of /vendor/etc/media_codecs.xml
06-08 15:43:36.256 D/MediaCodecsXmlParser(  387): Ignoring unrecognized tag <MediaCodec> at line 88 of /vendor/etc/media_codecs.xml
06-08 15:43:36.256 D/MediaCodecsXmlParser(  387): Ignoring unrecognized tag <MediaCodec> at line 91 of /vendor/etc/media_codecs.xml
06-08 15:43:36.256 D/MediaCodecsXmlParser(  387): Ignoring unrecognized tag <MediaCodec> at line 95 of /vendor/etc/media_codecs.xml
06-08 15:43:36.256 D/MediaCodecsXmlParser(  387): Ignoring unrecognized tag <MediaCodec> at line 98 of /vendor/etc/media_codecs.xml
06-08 15:43:36.256 D/MediaCodecsXmlParser(  387): Ignoring unrecognized tag <MediaCodec> at line 101 of /vendor/etc/media_codecs.xml
06-08 15:43:36.256 D/MediaCodecsXmlParser(  387): Ignoring unrecognized tag <MediaCodec> at line 104 of /vendor/etc/media_codecs.xml
06-08 15:43:36.256 D/MediaCodecsXmlParser(  387): parsing /vendor/etc/media_codecs_google_audio.xml...
06-08 15:43:36.256 D/CompatibilityChangeReporter(  742): Compat change id reported: 171979766; UID 10172; state: ENABLED
06-08 15:43:36.256 D/MediaCodecsXmlParser(  387): parsing /vendor/etc/media_codecs_google_telephony.xml...
06-08 15:43:36.257 D/MediaCodecsXmlParser(  387): parsing /vendor/etc/media_codecs_google_video.xml...
06-08 15:43:36.257 D/MediaCodecsXmlParser(  387): parsing /vendor/etc/media_codecs_performance.xml...
06-08 15:43:36.258 I/MediaCodecsXmlParser(  387): Did not find media_codecs_shaping.xml in search path
06-08 15:43:36.258 I/MediaCodecsXmlParser(  387): Did not find media_codecs_shaping.xml in search path
06-08 15:43:36.258 I/GoldfishComponentStore(  312): in init
06-08 15:43:36.258 I/GoldfishComponentStore(  312): loading dll of path libcodec2_goldfish_avcdec.so
06-08 15:43:36.258 I/GoldfishComponentStore(  312): Create()
06-08 15:43:36.258 I/GoldfishComponentStore(  312): created interface
06-08 15:43:36.259 I/GoldfishComponentStore(  312): created interface
06-08 15:43:36.259 E/Codec2-FilterWrapper(  312): plugin not OK: -19
06-08 15:43:36.259 I/Codec2InfoBuilder(  387): adding type 'video/avc'
06-08 15:43:36.260 I/GoldfishComponentStore(  312): in ~ComponentModule
06-08 15:43:36.260 I/GoldfishComponentStore(  312): unloading dll
06-08 15:43:36.260 I/GoldfishComponentStore(  312): in init
06-08 15:43:36.260 I/GoldfishComponentStore(  312): loading dll of path libcodec2_goldfish_hevcdec.so
06-08 15:43:36.260 I/GoldfishComponentStore(  312): Create()
06-08 15:43:36.260 I/GoldfishComponentStore(  312): created interface
06-08 15:43:36.260 I/GoldfishComponentStore(  312): created interface
06-08 15:43:36.261 I/Codec2InfoBuilder(  387): adding type 'video/hevc'
06-08 15:43:36.262 I/GoldfishComponentStore(  312): in ~ComponentModule
06-08 15:43:36.262 I/GoldfishComponentStore(  312): unloading dll
06-08 15:43:36.262 I/GoldfishComponentStore(  312): in init
06-08 15:43:36.262 I/GoldfishComponentStore(  312): loading dll of path libcodec2_goldfish_vp8dec.so
06-08 15:43:36.262 I/GoldfishComponentStore(  312): Create()
06-08 15:43:36.262 I/C2GoldfishVpxDec(  312): platform store is 0xb400007abf524288, reflector is 0xb400007a5f51eaa8
06-08 15:43:36.262 I/GoldfishComponentStore(  312): created interface
06-08 15:43:36.262 I/GoldfishComponentStore(  312): created interface
06-08 15:43:36.263 I/Codec2InfoBuilder(  387): adding type 'video/x-vnd.on2.vp8'
06-08 15:43:36.263 V/GraphicsEnvironment(  741): ANGLE Developer option for 'com.google.android.networkstack' set to: 'default'
06-08 15:43:36.263 I/GoldfishComponentStore(  312): in ~ComponentModule
06-08 15:43:36.263 I/GoldfishComponentStore(  312): unloading dll
06-08 15:43:36.263 I/GoldfishComponentStore(  312): in init
06-08 15:43:36.263 I/GoldfishComponentStore(  312): loading dll of path libcodec2_goldfish_vp9dec.so
06-08 15:43:36.263 I/GoldfishComponentStore(  312): Create()
06-08 15:43:36.263 I/C2GoldfishVpxDec(  312): platform store is 0xb400007abf524d88, reflector is 0xb400007a5f51f058
06-08 15:43:36.263 V/GraphicsEnvironment(  741): ANGLE GameManagerService for com.google.android.networkstack: false
06-08 15:43:36.263 I/GoldfishComponentStore(  312): created interface
06-08 15:43:36.263 I/GoldfishComponentStore(  312): created interface
06-08 15:43:36.263 V/GraphicsEnvironment(  741): Neither updatable production driver nor prerelease driver is supported.
06-08 15:43:36.264 I/Codec2InfoBuilder(  387): adding type 'video/x-vnd.on2.vp9'
06-08 15:43:36.264 D/nativeloader(  742): Configuring classloader-namespace-shared for other apk /system_ext/framework/androidx.window.extensions.jar. target_sdk_version=33, uses_libraries=ALL, library_path=/apex/com.android.permission/priv-app/GooglePermissionController@331710050/lib/arm64:/system/lib64:/system_ext/lib64, permitted_path=/data:/mnt/expand:/data/user_de/0/com.google.android.permissioncontroller:/apex/com.android.permission/priv-app/GooglePermissionController@331710050:/system/lib64:/system_ext/lib64
06-08 15:43:36.263 W/BestClock(  496): java.time.DateTimeException: Missing NTP fix
06-08 15:43:36.264 I/GoldfishComponentStore(  312): in ~ComponentModule
06-08 15:43:36.264 I/GoldfishComponentStore(  312): unloading dll
06-08 15:43:36.264 V/C2Store (  398): in init
06-08 15:43:36.264 V/C2Store (  398): loading dll
06-08 15:43:36.265 I/Codec2InfoBuilder(  387): adding type 'audio/mp4a-latm'
06-08 15:43:36.266 V/C2Store (  398): in ~ComponentModule
06-08 15:43:36.266 D/NetworkSecurityConfig(  741): No Network Security Config specified, using platform default
06-08 15:43:36.266 V/C2Store (  398): unloading dll
06-08 15:43:36.266 V/C2Store (  398): in init
06-08 15:43:36.266 V/C2Store (  398): loading dll
06-08 15:43:36.266 D/NetworkSecurityConfig(  741): No Network Security Config specified, using platform default
06-08 15:43:36.267 I/Codec2InfoBuilder(  387): adding type 'audio/mp4a-latm'
06-08 15:43:36.267 D/nativeloader(  742): Configuring classloader-namespace-shared for other apk /system_ext/framework/androidx.window.sidecar.jar. target_sdk_version=33, uses_libraries=ALL, library_path=/apex/com.android.permission/priv-app/GooglePermissionController@331710050/lib/arm64:/system/lib64:/system_ext/lib64, permitted_path=/data:/mnt/expand:/data/user_de/0/com.google.android.permissioncontroller:/apex/com.android.permission/priv-app/GooglePermissionController@331710050:/system/lib64:/system_ext/lib64
06-08 15:43:36.267 V/C2Store (  398): in ~ComponentModule
06-08 15:43:36.267 V/C2Store (  398): unloading dll
06-08 15:43:36.268 V/C2Store (  398): in init
06-08 15:43:36.268 V/C2Store (  398): loading dll
06-08 15:43:36.268 W/BestClock(  496): java.time.DateTimeException: Missing NTP fix
06-08 15:43:36.268 I/Codec2InfoBuilder(  387): adding type 'audio/3gpp'
06-08 15:43:36.269 V/C2Store (  398): in ~ComponentModule
06-08 15:43:36.269 V/C2Store (  398): unloading dll
06-08 15:43:36.269 V/C2Store (  398): in init
06-08 15:43:36.269 V/C2Store (  398): loading dll
06-08 15:43:36.269 I/Codec2InfoBuilder(  387): adding type 'audio/3gpp'
06-08 15:43:36.270 V/C2Store (  398): in ~ComponentModule
06-08 15:43:36.270 V/C2Store (  398): unloading dll
06-08 15:43:36.270 V/C2Store (  398): in init
06-08 15:43:36.270 V/C2Store (  398): loading dll
06-08 15:43:36.270 I/Codec2InfoBuilder(  387): adding type 'audio/amr-wb'
06-08 15:43:36.270 V/C2Store (  398): in ~ComponentModule
06-08 15:43:36.271 V/C2Store (  398): unloading dll
06-08 15:43:36.271 V/C2Store (  398): in init
06-08 15:43:36.271 V/C2Store (  398): loading dll
06-08 15:43:36.271 D/nativeloader(  742): Configuring classloader-namespace-shared for other apk /system/framework/org.apache.http.legacy.jar. target_sdk_version=33, uses_libraries=ALL, library_path=/apex/com.android.permission/priv-app/GooglePermissionController@331710050/lib/arm64:/system/lib64:/system_ext/lib64, permitted_path=/data:/mnt/expand:/data/user_de/0/com.google.android.permissioncontroller:/apex/com.android.permission/priv-app/GooglePermissionController@331710050:/system/lib64:/system_ext/lib64
06-08 15:43:36.271 I/Codec2InfoBuilder(  387): adding type 'audio/amr-wb'
06-08 15:43:36.272 V/C2Store (  398): in ~ComponentModule
06-08 15:43:36.272 V/C2Store (  398): unloading dll
06-08 15:43:36.272 V/C2Store (  398): in init
06-08 15:43:36.272 V/C2Store (  398): loading dll
06-08 15:43:36.273 I/Codec2InfoBuilder(  387): adding type 'video/av01'
06-08 15:43:36.275 V/C2Store (  398): in ~ComponentModule
06-08 15:43:36.275 V/C2Store (  398): unloading dll
06-08 15:43:36.275 V/C2Store (  398): in init
06-08 15:43:36.275 V/C2Store (  398): loading dll
06-08 15:43:36.275 D/nativeloader(  741): Configuring classloader-namespace-shared for other apk /apex/com.android.cellbroadcast/priv-app/GoogleCellBroadcastServiceModule@331710020/GoogleCellBroadcastServiceModule.apk. target_sdk_version=33, uses_libraries=, library_path=/apex/com.android.cellbroadcast/priv-app/GoogleCellBroadcastServiceModule@331710020/lib/arm64:/apex/com.android.cellbroadcast/priv-app/GoogleCellBroadcastServiceModule@331710020/GoogleCellBroadcastServiceModule.apk!/lib/arm64-v8a:/system/lib64:/system_ext/lib64, permitted_path=/data:/mnt/expand:/data/user_de/0/com.google.android.cellbroadcastservice:/apex/com.android.cellbroadcast/priv-app/GoogleCellBroadcastServiceModule@331710020:/system/lib64:/system_ext/lib64
06-08 15:43:36.276 I/Codec2InfoBuilder(  387): adding type 'video/avc'
06-08 15:43:36.277 V/C2Store (  398): in ~ComponentModule
06-08 15:43:36.277 V/C2Store (  398): unloading dll
06-08 15:43:36.277 V/C2Store (  398): in init
06-08 15:43:36.277 V/C2Store (  398): loading dll
06-08 15:43:36.277 V/WindowManagerShell(  688): Adding init callback for DisplayChangeController
06-08 15:43:36.277 I/mediaswcodec(  398): missing struct descriptor #Param::CoreIndex(--004) for field values of struct #Param::CoreIndex(F-12004)
06-08 15:43:36.277 I/mediaswcodec(  398): missing struct descriptor #Param::CoreIndex(--1812) for field values of struct #Param::CoreIndex(F-11812)
06-08 15:43:36.277 V/WindowManagerShell(  688): Adding init callback for DisplayController
06-08 15:43:36.277 I/mediaswcodec(  398): missing struct descriptor #Param::CoreIndex(--004) for field values of struct #Param::CoreIndex(F-12004)
06-08 15:43:36.277 I/mediaswcodec(  398): missing struct descriptor #Param::CoreIndex(--1812) for field values of struct #Param::CoreIndex(F-11812)
06-08 15:43:36.277 V/WindowManagerShell(  688): Adding init callback for DisplayInsetsController
06-08 15:43:36.277 W/BestClock(  496): java.time.DateTimeException: Missing NTP fix
06-08 15:43:36.277 I/Codec2InfoBuilder(  387): adding type 'video/avc'
06-08 15:43:36.278 V/WindowManagerShell(  688): Adding init callback for DisplayImeController
06-08 15:43:36.278 V/C2Store (  398): in ~ComponentModule
06-08 15:43:36.278 V/C2Store (  398): unloading dll
06-08 15:43:36.278 V/C2Store (  398): in init
06-08 15:43:36.278 V/C2Store (  398): loading dll
06-08 15:43:36.278 V/WindowManagerShell(  688): Adding init callback for ShellController
06-08 15:43:36.279 I/Codec2InfoBuilder(  387): adding type 'audio/flac'
06-08 15:43:36.279 D/nativeloader(  742): Configuring classloader-namespace-shared for other apk /apex/com.android.permission/priv-app/GooglePermissionController@331710050/GooglePermissionController.apk. target_sdk_version=33, uses_libraries=, library_path=/apex/com.android.permission/priv-app/GooglePermissionController@331710050/lib/arm64:/system/lib64:/system_ext/lib64, permitted_path=/data:/mnt/expand:/data/user_de/0/com.google.android.permissioncontroller:/apex/com.android.permission/priv-app/GooglePermissionController@331710050:/system/lib64:/system_ext/lib64
06-08 15:43:36.279 V/C2Store (  398): in init
06-08 15:43:36.279 V/C2Store (  398): loading dll
06-08 15:43:36.279 V/C2Store (  398): in ~ComponentModule
06-08 15:43:36.279 V/C2Store (  398): unloading dll
06-08 15:43:36.280 I/Codec2InfoBuilder(  387): adding type 'audio/flac'
06-08 15:43:36.280 V/C2Store (  398): in ~ComponentModule
06-08 15:43:36.280 V/C2Store (  398): unloading dll
06-08 15:43:36.280 V/WindowManagerShell(  688): Adding init callback for DragAndDropController
06-08 15:43:36.280 V/C2Store (  398): in init
06-08 15:43:36.280 V/C2Store (  398): loading dll
06-08 15:43:36.281 I/Codec2InfoBuilder(  387): adding type 'audio/g711-alaw'
06-08 15:43:36.281 V/C2Store (  398): in ~ComponentModule
06-08 15:43:36.281 V/C2Store (  398): unloading dll
06-08 15:43:36.281 V/C2Store (  398): in init
06-08 15:43:36.281 V/C2Store (  398): loading dll
06-08 15:43:36.281 I/Codec2InfoBuilder(  387): adding type 'audio/g711-mlaw'
06-08 15:43:36.281 V/C2Store (  398): in ~ComponentModule
06-08 15:43:36.281 V/C2Store (  398): unloading dll
06-08 15:43:36.281 V/C2Store (  398): in init
06-08 15:43:36.281 V/C2Store (  398): loading dll
06-08 15:43:36.281 D/Codec2InfoBuilder(  387): codec entry for 'c2.android.gsm.decoder' is disabled
06-08 15:43:36.281 V/C2Store (  398): in ~ComponentModule
06-08 15:43:36.281 V/C2Store (  398): unloading dll
06-08 15:43:36.282 V/C2Store (  398): in init
06-08 15:43:36.282 V/C2Store (  398): loading dll
06-08 15:43:36.283 I/Codec2InfoBuilder(  387): adding type 'video/3gpp'
06-08 15:43:36.284 V/WindowManagerShell(  688): Adding init callback for CompatUIController
06-08 15:43:36.284 V/C2Store (  398): in ~ComponentModule
06-08 15:43:36.284 V/C2Store (  398): unloading dll
06-08 15:43:36.284 V/C2Store (  398): in init
06-08 15:43:36.284 V/C2Store (  398): loading dll
06-08 15:43:36.284 I/Codec2InfoBuilder(  387): adding type 'video/3gpp'
06-08 15:43:36.284 V/WindowManagerShell(  688): Adding init callback for RecentTasksController
06-08 15:43:36.284 V/C2Store (  398): in ~ComponentModule
06-08 15:43:36.284 V/C2Store (  398): unloading dll
06-08 15:43:36.285 V/C2Store (  398): in init
06-08 15:43:36.285 V/C2Store (  398): loading dll
06-08 15:43:36.285 I/Codec2InfoBuilder(  387): adding type 'video/hevc'
06-08 15:43:36.286 V/C2Store (  398): in ~ComponentModule
06-08 15:43:36.286 V/C2Store (  398): unloading dll
06-08 15:43:36.286 V/C2Store (  398): in init
06-08 15:43:36.286 V/C2Store (  398): loading dll
06-08 15:43:36.287 V/WindowManagerShell(  688): Adding init callback for ShellTaskOrganizer
06-08 15:43:36.287 I/mediaswcodec(  398): missing struct descriptor #Param::CoreIndex(--004) for field values of struct #Param::CoreIndex(F-12004)
06-08 15:43:36.287 I/mediaswcodec(  398): missing struct descriptor #Param::CoreIndex(--1812) for field values of struct #Param::CoreIndex(F-11812)
06-08 15:43:36.287 I/mediaswcodec(  398): missing struct descriptor #Param::CoreIndex(--004) for field values of struct #Param::CoreIndex(F-12004)
06-08 15:43:36.287 I/mediaswcodec(  398): missing struct descriptor #Param::CoreIndex(--1812) for field values of struct #Param::CoreIndex(F-11812)
06-08 15:43:36.288 I/Codec2InfoBuilder(  387): adding type 'video/hevc'
06-08 15:43:36.288 V/C2Store (  398): in ~ComponentModule
06-08 15:43:36.288 V/C2Store (  398): unloading dll
06-08 15:43:36.288 V/C2Store (  398): in init
06-08 15:43:36.288 V/C2Store (  398): loading dll
06-08 15:43:36.288 W/BestClock(  496): java.time.DateTimeException: Missing NTP fix
06-08 15:43:36.289 I/Codec2InfoBuilder(  387): adding type 'audio/mpeg'
06-08 15:43:36.289 V/C2Store (  398): in ~ComponentModule
06-08 15:43:36.289 V/C2Store (  398): unloading dll
06-08 15:43:36.289 V/C2Store (  398): in init
06-08 15:43:36.289 V/C2Store (  398): loading dll
06-08 15:43:36.290 D/Codec2InfoBuilder(  387): codec entry for 'c2.android.mpeg2.decoder' is disabled
06-08 15:43:36.290 V/C2Store (  398): in ~ComponentModule
06-08 15:43:36.290 V/C2Store (  398): unloading dll
06-08 15:43:36.290 V/C2Store (  398): in init
06-08 15:43:36.290 V/C2Store (  398): loading dll
06-08 15:43:36.290 I/Codec2InfoBuilder(  387): adding type 'video/mp4v-es'
06-08 15:43:36.291 V/C2Store (  398): in ~ComponentModule
06-08 15:43:36.291 V/C2Store (  398): unloading dll
06-08 15:43:36.291 I/WebViewZygoteInit(  768): Beginning application preload for com.google.android.webview
06-08 15:43:36.292 V/C2Store (  398): in init
06-08 15:43:36.292 V/C2Store (  398): loading dll
06-08 15:43:36.293 W/ziparchive(  768): Unable to open '/data/app/~~-a36Q_U_duuNMl2n68Eckw==/com.google.android.trichromelibrary_541412334-1ZVYRKUevyKAkHH8rvXx6w==/TrichromeLibrary.dm': No such file or directory
06-08 15:43:36.293 W/ziparchive(  768): Unable to open '/data/app/~~-a36Q_U_duuNMl2n68Eckw==/com.google.android.trichromelibrary_541412334-1ZVYRKUevyKAkHH8rvXx6w==/TrichromeLibrary.dm': No such file or directory
06-08 15:43:36.293 W/webview_zygote(  768): Entry not found
06-08 15:43:36.293 I/Codec2InfoBuilder(  387): adding type 'video/mp4v-es'
06-08 15:43:36.294 V/C2Store (  398): in ~ComponentModule
06-08 15:43:36.294 V/C2Store (  398): unloading dll
06-08 15:43:36.294 V/C2Store (  398): in init
06-08 15:43:36.294 V/C2Store (  398): loading dll
06-08 15:43:36.295 D/nativeloader(  768): Configuring classloader-namespace for other apk /data/app/~~-a36Q_U_duuNMl2n68Eckw==/com.google.android.trichromelibrary_541412334-1ZVYRKUevyKAkHH8rvXx6w==/TrichromeLibrary.apk. target_sdk_version=33, uses_libraries=ALL, library_path=/data/app/~~zi2u7gBAIsGzK1wpp53oNQ==/com.google.android.webview-cqlvdjy1yKA4YBoJMbBGoA==/lib/arm64:/data/app/~~zi2u7gBAIsGzK1wpp53oNQ==/com.google.android.webview-cqlvdjy1yKA4YBoJMbBGoA==/WebViewGoogle.apk!/lib/arm64-v8a:/data/app/~~-a36Q_U_duuNMl2n68Eckw==/com.google.android.trichromelibrary_541412334-1ZVYRKUevyKAkHH8rvXx6w==/TrichromeLibrary.apk!/lib/arm64-v8a, permitted_path=/data:/mnt/expand
06-08 15:43:36.295 I/Codec2InfoBuilder(  387): adding type 'audio/opus'
06-08 15:43:36.295 V/C2Store (  398): in ~ComponentModule
06-08 15:43:36.295 V/C2Store (  398): unloading dll
06-08 15:43:36.295 V/C2Store (  398): in init
06-08 15:43:36.295 V/C2Store (  398): loading dll
06-08 15:43:36.296 D/nativeloader(  768): Configuring classloader-namespace for other apk /data/app/~~zi2u7gBAIsGzK1wpp53oNQ==/com.google.android.webview-cqlvdjy1yKA4YBoJMbBGoA==/WebViewGoogle.apk. target_sdk_version=33, uses_libraries=, library_path=/data/app/~~zi2u7gBAIsGzK1wpp53oNQ==/com.google.android.webview-cqlvdjy1yKA4YBoJMbBGoA==/lib/arm64:/data/app/~~zi2u7gBAIsGzK1wpp53oNQ==/com.google.android.webview-cqlvdjy1yKA4YBoJMbBGoA==/WebViewGoogle.apk!/lib/arm64-v8a:/data/app/~~-a36Q_U_duuNMl2n68Eckw==/com.google.android.trichromelibrary_541412334-1ZVYRKUevyKAkHH8rvXx6w==/TrichromeLibrary.apk!/lib/arm64-v8a, permitted_path=/data:/mnt/expand
06-08 15:43:36.296 I/Codec2InfoBuilder(  387): adding type 'audio/opus'
06-08 15:43:36.296 V/C2Store (  398): in ~ComponentModule
06-08 15:43:36.296 V/C2Store (  398): unloading dll
06-08 15:43:36.296 V/C2Store (  398): in init
06-08 15:43:36.296 V/C2Store (  398): loading dll
06-08 15:43:36.297 I/Codec2InfoBuilder(  387): adding type 'audio/raw'
06-08 15:43:36.297 V/C2Store (  398): in ~ComponentModule
06-08 15:43:36.297 V/C2Store (  398): unloading dll
06-08 15:43:36.298 V/C2Store (  398): in init
06-08 15:43:36.298 V/C2Store (  398): loading dll
06-08 15:43:36.299 I/Codec2InfoBuilder(  387): adding type 'audio/vorbis'
06-08 15:43:36.300 V/C2Store (  398): in ~ComponentModule
06-08 15:43:36.300 V/C2Store (  398): unloading dll
06-08 15:43:36.300 V/C2Store (  398): in init
06-08 15:43:36.300 V/C2Store (  398): loading dll
06-08 15:43:36.301 I/Codec2InfoBuilder(  387): adding type 'video/x-vnd.on2.vp8'
06-08 15:43:36.301 V/C2Store (  398): in ~ComponentModule
06-08 15:43:36.301 V/C2Store (  398): unloading dll
06-08 15:43:36.301 V/C2Store (  398): in init
06-08 15:43:36.301 V/C2Store (  398): loading dll
06-08 15:43:36.301 I/C2SoftVpxEnc(  398): setting temporal layering 0 + 0
06-08 15:43:36.302 I/C2SoftVpxEnc(  398): setting temporal layering 0 + 0
06-08 15:43:36.302 I/Codec2InfoBuilder(  387): adding type 'video/x-vnd.on2.vp8'
06-08 15:43:36.302 V/C2Store (  398): in ~ComponentModule
06-08 15:43:36.302 V/C2Store (  398): unloading dll
06-08 15:43:36.303 V/C2Store (  398): in init
06-08 15:43:36.303 V/C2Store (  398): loading dll
06-08 15:43:36.303 I/Codec2InfoBuilder(  387): adding type 'video/x-vnd.on2.vp9'
06-08 15:43:36.304 V/C2Store (  398): in ~ComponentModule
06-08 15:43:36.304 V/C2Store (  398): unloading dll
06-08 15:43:36.304 V/C2Store (  398): in init
06-08 15:43:36.304 V/C2Store (  398): loading dll
06-08 15:43:36.304 I/C2SoftVpxEnc(  398): setting temporal layering 0 + 0
06-08 15:43:36.305 I/C2SoftVpxEnc(  398): setting temporal layering 0 + 0
06-08 15:43:36.305 I/Codec2InfoBuilder(  387): adding type 'video/x-vnd.on2.vp9'
06-08 15:43:36.305 I/WebViewZygoteInit(  768): Application preload done
06-08 15:43:36.305 V/C2Store (  398): in ~ComponentModule
06-08 15:43:36.305 V/C2Store (  398): unloading dll
06-08 15:43:36.306 D/MediaCodecList(  496): codecHandlesFormat: no format, so no extra checks
06-08 15:43:36.306 D/MediaCodecList(  496): codecHandlesFormat: no format, so no extra checks
06-08 15:43:36.306 V/WindowManagerShell(  688): Adding init callback for OneHandedController
06-08 15:43:36.308 V/WindowManagerShell(  688): Adding init callback for DefaultTransitionHandler
06-08 15:43:36.309 V/WindowManagerShell(  688): addHandler: Default
06-08 15:43:36.309 V/WindowManagerShell(  688): addHandler: Remote
06-08 15:43:36.309 D/CCodec  (  496): allocate(c2.android.vorbis.decoder)
06-08 15:43:36.309 V/WindowManagerShell(  688): Adding init callback for Transitions
06-08 15:43:36.309 D/CCodec  (  496): allocate(c2.android.vorbis.decoder)
06-08 15:43:36.310 I/Codec2Client(  496): Available Codec2 services: "default" "software"
06-08 15:43:36.313 I/CCodec  (  496): setting up 'default' as default (vendor) store
06-08 15:43:36.313 I/CCodec  (  496): setting up 'default' as default (vendor) store
06-08 15:43:36.313 V/WindowManagerShell(  688): Adding init callback for BubbleController
06-08 15:43:36.315 W/BestClock(  496): java.time.DateTimeException: Missing NTP fix
06-08 15:43:36.316 D/CompatibilityChangeReporter(  741): Compat change id reported: 194532703; UID 1073; state: ENABLED
06-08 15:43:36.316 V/WindowManagerShell(  688): Adding init callback for SplitScreenController
06-08 15:43:36.316 D/CompatibilityChangeReporter(  496): Compat change id reported: 194532703; UID 1073; state: ENABLED
06-08 15:43:36.317 V/C2Store (  398): in init
06-08 15:43:36.317 V/C2Store (  398): loading dll
06-08 15:43:36.317 D/CompatibilityChangeReporter(  496): Compat change id reported: 161145287; UID 10157; state: DISABLED
06-08 15:43:36.318 D/CompatibilityChangeReporter(  688): Compat change id reported: 160794467; UID 10157; state: ENABLED
06-08 15:43:36.318 V/GraphicsEnvironment(  742): ANGLE Developer option for 'com.google.android.permissioncontroller' set to: 'default'
06-08 15:43:36.318 V/GraphicsEnvironment(  742): ANGLE GameManagerService for com.google.android.permissioncontroller: false
06-08 15:43:36.318 V/GraphicsEnvironment(  742): Neither updatable production driver nor prerelease driver is supported.
06-08 15:43:36.319 W/BestClock(  496): java.time.DateTimeException: Missing NTP fix
06-08 15:43:36.319 I/CCodec  (  496): Created component [c2.android.vorbis.decoder]
06-08 15:43:36.319 D/ConnectivityService(  496): requestNetwork for uid/pid:1073/741 activeRequest: null callbackRequest: 22 [NetworkRequest [ REQUEST id=23, [ Capabilities: INTERNET&NOT_RESTRICTED&TRUSTED&NOT_VCN_MANAGED Uid: 1073 RequestorUid: 1073 RequestorPkg: com.google.android.networkstack UnderlyingNetworks: Null] ]] callback flags: 0 order: 2147483647
06-08 15:43:36.319 I/CCodec  (  496): Created component [c2.android.vorbis.decoder]
06-08 15:43:36.319 D/ConnectivityService(  496): NetReassign [no changes] [c 0] [a 0] [i 0]
06-08 15:43:36.320 D/NetworkSecurityConfig(  742): No Network Security Config specified, using platform default
06-08 15:43:36.320 D/NetworkSecurityConfig(  742): No Network Security Config specified, using platform default
06-08 15:43:36.320 D/CCodecConfig(  496): read media type: audio/vorbis
06-08 15:43:36.320 D/CCodecConfig(  496): read media type: audio/vorbis
06-08 15:43:36.320 D/ConnectivityService(  496): NetReassign [no changes] [c 0] [a 0] [i 0]
06-08 15:43:36.321 D/ReflectedParamUpdater(  496): extent() != 1 for single value type: algo.buffers.max-count.values
06-08 15:43:36.322 D/ReflectedParamUpdater(  496): extent() != 1 for single value type: output.subscribed-indices.values
06-08 15:43:36.322 D/ReflectedParamUpdater(  496): extent() != 1 for single value type: input.buffers.allocator-ids.values
06-08 15:43:36.322 D/ReflectedParamUpdater(  496): extent() != 1 for single value type: output.buffers.allocator-ids.values
06-08 15:43:36.322 D/ReflectedParamUpdater(  496): extent() != 1 for single value type: algo.buffers.allocator-ids.values
06-08 15:43:36.322 D/ReflectedParamUpdater(  496): extent() != 1 for single value type: output.buffers.pool-ids.values
06-08 15:43:36.322 D/ReflectedParamUpdater(  496): extent() != 1 for single value type: algo.buffers.pool-ids.values
06-08 15:43:36.322 D/ReflectedParamUpdater(  496): extent() != 1 for single value type: algo.buffers.max-count.values
06-08 15:43:36.322 D/ReflectedParamUpdater(  496): extent() != 1 for single value type: output.subscribed-indices.values
06-08 15:43:36.322 D/ReflectedParamUpdater(  496): extent() != 1 for single value type: input.buffers.allocator-ids.values
06-08 15:43:36.322 D/ReflectedParamUpdater(  496): extent() != 1 for single value type: output.buffers.allocator-ids.values
06-08 15:43:36.322 D/ReflectedParamUpdater(  496): extent() != 1 for single value type: algo.buffers.allocator-ids.values
06-08 15:43:36.322 D/ReflectedParamUpdater(  496): extent() != 1 for single value type: output.buffers.pool-ids.values
06-08 15:43:36.322 D/ReflectedParamUpdater(  496): extent() != 1 for single value type: algo.buffers.pool-ids.values
06-08 15:43:36.323 I/CCodecConfig(  496): query failed after returning 7 values (BAD_INDEX)
06-08 15:43:36.323 D/CCodecConfig(  496): c2 config diff is Dict {
06-08 15:43:36.323 D/CCodecConfig(  496):   c2::u32 coded.bitrate.value = 64000
06-08 15:43:36.323 D/CCodecConfig(  496):   c2::u32 input.buffers.max-size.value = 32768
06-08 15:43:36.323 D/CCodecConfig(  496):   c2::u32 input.delay.value = 0
06-08 15:43:36.323 D/CCodecConfig(  496):   string input.media-type.value = "audio/vorbis"
06-08 15:43:36.323 D/CCodecConfig(  496):   string output.media-type.value = "audio/raw"
06-08 15:43:36.323 D/CCodecConfig(  496):   c2::u32 raw.channel-count.value = 1
06-08 15:43:36.323 D/CCodecConfig(  496):   c2::u32 raw.sample-rate.value = 48000
06-08 15:43:36.323 D/CCodecConfig(  496): }
06-08 15:43:36.324 V/WindowManagerShell(  688): Adding init callback for PipTouchHandler
06-08 15:43:36.324 D/MediaCodec(  496): flushMediametrics
06-08 15:43:36.324 D/CCodec  (  496): [c2.android.vorbis.decoder] buffers are bound to CCodec for this session
06-08 15:43:36.324 D/CCodecConfig(  496): no c2 equivalents for durationUs
06-08 15:43:36.324 D/CCodecConfig(  496): no c2 equivalents for track-id
06-08 15:43:36.324 D/CCodecConfig(  496): no c2 equivalents for csd-1
06-08 15:43:36.324 D/CCodecConfig(  496): no c2 equivalents for flags
06-08 15:43:36.324 D/CCodecConfig(  496): c2 config diff is   c2::u32 coded.bitrate.value = 96000
06-08 15:43:36.324 D/CCodecConfig(  496):   c2::u32 raw.channel-count.value = 2
06-08 15:43:36.324 I/CCodecConfig(  496): query failed after returning 7 values (BAD_INDEX)
06-08 15:43:36.324 D/CCodecConfig(  496): c2 config diff is Dict {
06-08 15:43:36.324 D/CCodecConfig(  496):   c2::u32 coded.bitrate.value = 64000
06-08 15:43:36.324 D/CCodecConfig(  496):   c2::u32 input.buffers.max-size.value = 32768
06-08 15:43:36.324 D/CCodecConfig(  496):   c2::u32 input.delay.value = 0
06-08 15:43:36.324 D/CCodecConfig(  496):   string input.media-type.value = "audio/vorbis"
06-08 15:43:36.324 D/CCodecConfig(  496):   string output.media-type.value = "audio/raw"
06-08 15:43:36.324 D/CCodecConfig(  496):   c2::u32 raw.channel-count.value = 1
06-08 15:43:36.324 D/CCodecConfig(  496):   c2::u32 raw.sample-rate.value = 48000
06-08 15:43:36.324 D/CCodecConfig(  496): }
06-08 15:43:36.324 D/MediaCodec(  496): flushMediametrics
06-08 15:43:36.324 D/CCodec  (  496): [c2.android.vorbis.decoder] buffers are bound to CCodec for this session
06-08 15:43:36.324 D/CCodecConfig(  496): no c2 equivalents for durationUs
06-08 15:43:36.324 D/CCodecConfig(  496): no c2 equivalents for track-id
06-08 15:43:36.324 D/CCodecConfig(  496): no c2 equivalents for csd-1
06-08 15:43:36.324 D/CCodecConfig(  496): no c2 equivalents for flags
06-08 15:43:36.325 W/Codec2Client(  496): query -- param skipped: index = 1107298332.
06-08 15:43:36.325 D/CCodec  (  496): encoding statistics level = 0
06-08 15:43:36.325 D/CCodec  (  496): setup formats input: AMessage(what = 0x00000000) = {
06-08 15:43:36.325 D/CCodec  (  496):   int32_t bitrate = 96000
06-08 15:43:36.325 D/CCodec  (  496):   int32_t channel-count = 2
06-08 15:43:36.325 D/CCodec  (  496):   int32_t max-input-size = 32768
06-08 15:43:36.325 D/CCodec  (  496):   string mime = "audio/vorbis"
06-08 15:43:36.325 D/CCodec  (  496):   int32_t sample-rate = 48000
06-08 15:43:36.325 D/CCodec  (  496): }
06-08 15:43:36.325 D/CCodec  (  496): setup formats output: AMessage(what = 0x00000000) = {
06-08 15:43:36.325 D/CCodec  (  496):   int32_t channel-count = 2
06-08 15:43:36.325 D/CCodec  (  496):   string mime = "audio/raw"
06-08 15:43:36.325 D/CCodec  (  496):   int32_t sample-rate = 48000
06-08 15:43:36.325 D/CCodec  (  496):   int32_t channel-mask = 3
06-08 15:43:36.325 D/CCodec  (  496):   int32_t android._config-pcm-encoding = 2
06-08 15:43:36.325 D/CCodec  (  496): }
06-08 15:43:36.325 I/CCodecConfig(  496): query failed after returning 7 values (BAD_INDEX)
06-08 15:43:36.325 W/Codec2Client(  496): query -- param skipped: index = 1342179345.
06-08 15:43:36.325 W/Codec2Client(  496): query -- param skipped: index = 2415921170.
06-08 15:43:36.325 D/C2Store (  496): Using DMABUF Heaps
06-08 15:43:36.325 V/WindowManagerShell(  688): Adding init callback for DevicePostureController
06-08 15:43:36.325 V/WindowManagerShell(  688): Adding init callback for TabletopModeController
06-08 15:43:36.326 D/CCodecConfig(  496): c2 config diff is   c2::u32 coded.bitrate.value = 140000
06-08 15:43:36.326 D/CCodecBufferChannel(  496): [c2.android.vorbis.decoder#164] Created input block pool with allocatorID 16 => poolID 17 - OK (0)
06-08 15:43:36.326 D/C2Store (  398): Using DMABUF Heaps
