--------- beginning of main
06-08 15:43:28.341 I/dlkm_loader(  136): Loaded kernel module /vendor/lib/modules/e1000.ko
06-08 15:43:28.341 I/dlkm_loader(  136): Loading module /vendor/lib/modules/failover.ko with args ''
06-08 15:43:28.341 I/dlkm_loader(  136): Loaded kernel module /vendor/lib/modules/failover.ko
06-08 15:43:28.341 I/dlkm_loader(  136): Loading module /vendor/lib/modules/goldfish_address_space.ko with args ''
06-08 15:43:28.343 I/dlkm_loader(  136): Loaded kernel module /vendor/lib/modules/goldfish_address_space.ko
06-08 15:43:28.343 I/dlkm_loader(  136): Loading module /vendor/lib/modules/goldfish_battery.ko with args ''
06-08 15:43:28.345 I/dlkm_loader(  136): Loaded kernel module /vendor/lib/modules/goldfish_battery.ko
06-08 15:43:28.345 I/dlkm_loader(  136): Loading module /vendor/lib/modules/goldfish_pipe.ko with args ''
06-08 15:43:28.349 I/dlkm_loader(  136): Loaded kernel module /vendor/lib/modules/goldfish_pipe.ko
06-08 15:43:28.349 I/dlkm_loader(  136): Loading module /vendor/lib/modules/goldfish_sync.ko with args ''
06-08 15:43:28.350 I/dlkm_loader(  136): Loaded kernel module /vendor/lib/modules/goldfish_sync.ko
06-08 15:43:28.350 I/dlkm_loader(  136): Loading module /vendor/lib/modules/gs_usb.ko with args ''
06-08 15:43:28.351 I/dlkm_loader(  136): Loaded kernel module /vendor/lib/modules/gs_usb.ko
06-08 15:43:28.351 I/dlkm_loader(  136): Loading module /vendor/lib/modules/hci_vhci.ko with args ''
06-08 15:43:28.352 I/dlkm_loader(  136): Loaded kernel module /vendor/lib/modules/hci_vhci.ko
06-08 15:43:28.352 I/dlkm_loader(  136): Loading module /vendor/lib/modules/mac80211.ko with args ''
06-08 15:43:28.354 I/lowmemorykiller(  146): Using psi monitors for memory pressure detection
06-08 15:43:28.354 I/lowmemorykiller(  146): Process polling is supported
06-08 15:43:28.355 I/lowmemorykiller(  146): Process reaper initialized with 2 threads in the pool
06-08 15:43:28.361 I/SELinux (  147): SELinux: Loaded service_contexts from:
06-08 15:43:28.361 I/SELinux (  147):     /system/etc/selinux/plat_service_contexts
06-08 15:43:28.361 I/SELinux (  147):     /system_ext/etc/selinux/system_ext_service_contexts
06-08 15:43:28.361 I/SELinux (  147):     /vendor/etc/selinux/vendor_service_contexts
06-08 15:43:28.364 I/dlkm_loader(  136): Loaded kernel module /vendor/lib/modules/mac80211.ko
06-08 15:43:28.364 I/dlkm_loader(  136): Loading module /vendor/lib/modules/mac80211_hwsim.ko with args 'radios=0
06-08 15:43:28.364 I/dlkm_loader(  136): '
06-08 15:43:28.365 I/hwservicemanager(  148): getFrameworkHalManifest: Reading VINTF information.
01-01 02:00:00.132 W/auditd  (  145): type=2000 audit(0.0:1): state=initialized audit_enabled=0 res=1
06-08 15:43:27.816 W/auditd  (  145): type=1403 audit(0.0:2): auid=4294967295 ses=4294967295 lsm=selinux res=1
06-08 15:43:28.369 I/dlkm_loader(  136): Loaded kernel module /vendor/lib/modules/mac80211_hwsim.ko
06-08 15:43:27.820 W/auditd  (  145): type=1404 audit(0.0:3): enforcing=1 old_enforcing=0 auid=4294967295 ses=4294967295 enabled=1 old-enabled=1 lsm=selinux res=1
06-08 15:43:28.369 I/dlkm_loader(  136): Loading module /vendor/lib/modules/mt76.ko with args ''
06-08 15:43:28.370 I/dlkm_loader(  136): Loaded kernel module /vendor/lib/modules/mt76.ko
06-08 15:43:28.370 I/hwservicemanager(  148): getDeviceHalManifest: Reading VINTF information.
06-08 15:43:28.370 I/dlkm_loader(  136): Loading module /vendor/lib/modules/mt76-usb.ko with args ''
06-08 15:43:28.372 I/dlkm_loader(  136): Loaded kernel module /vendor/lib/modules/mt76-usb.ko
06-08 15:43:28.372 I/dlkm_loader(  136): Loading module /vendor/lib/modules/mt76x02-lib.ko with args ''
06-08 15:43:28.374 I/dlkm_loader(  136): Loaded kernel module /vendor/lib/modules/mt76x02-lib.ko
06-08 15:43:28.374 I/dlkm_loader(  136): Loading module /vendor/lib/modules/mt76x0-common.ko with args ''
06-08 15:43:28.376 I/dlkm_loader(  136): Loaded kernel module /vendor/lib/modules/mt76x0-common.ko
06-08 15:43:28.376 I/dlkm_loader(  136): Loading module /vendor/lib/modules/mt76x02-usb.ko with args ''
06-08 15:43:28.377 I/dlkm_loader(  136): Loaded kernel module /vendor/lib/modules/mt76x02-usb.ko
06-08 15:43:28.377 I/dlkm_loader(  136): Loading module /vendor/lib/modules/mt76x0u.ko with args ''
06-08 15:43:28.379 I/dlkm_loader(  136): Loaded kernel module /vendor/lib/modules/mt76x0u.ko
06-08 15:43:28.379 I/dlkm_loader(  136): Loading module /vendor/lib/modules/mt76x2-common.ko with args ''
06-08 15:43:28.380 I/dlkm_loader(  136): Loaded kernel module /vendor/lib/modules/mt76x2-common.ko
06-08 15:43:28.380 I/dlkm_loader(  136): Loading module /vendor/lib/modules/mt76x2u.ko with args ''
06-08 15:43:28.382 I/dlkm_loader(  136): Loaded kernel module /vendor/lib/modules/mt76x2u.ko
06-08 15:43:28.382 I/dlkm_loader(  136): Loading module /vendor/lib/modules/nd_virtio.ko with args ''
06-08 15:43:28.383 I/dlkm_loader(  136): Loaded kernel module /vendor/lib/modules/nd_virtio.ko
06-08 15:43:28.383 I/dlkm_loader(  136): Loading module /vendor/lib/modules/net_failover.ko with args ''
06-08 15:43:28.384 I/dlkm_loader(  136): Loaded kernel module /vendor/lib/modules/net_failover.ko
06-08 15:43:28.384 I/dlkm_loader(  136): Loading module /vendor/lib/modules/open-dice.ko with args ''
06-08 15:43:28.385 I/dlkm_loader(  136): Loaded kernel module /vendor/lib/modules/open-dice.ko
06-08 15:43:28.385 I/dlkm_loader(  136): Loading module /vendor/lib/modules/pl111_drm.ko with args ''
06-08 15:43:28.385 I/hwservicemanager(  148): getDeviceHalManifest: Successfully processed VINTF information
06-08 15:43:28.385 I/hwservicemanager(  148): getFrameworkHalManifest: Successfully processed VINTF information
06-08 15:43:28.386 I/hwservicemanager(  148): hwservicemanager is ready now.
06-08 15:43:28.387 I/dlkm_loader(  136): Loaded kernel module /vendor/lib/modules/pl111_drm.ko
06-08 15:43:28.387 I/dlkm_loader(  136): Loading module /vendor/lib/modules/psmouse.ko with args ''
06-08 15:43:28.388 I/dlkm_loader(  136): Loaded kernel module /vendor/lib/modules/psmouse.ko
06-08 15:43:28.389 I/dlkm_loader(  136): Loading module /vendor/lib/modules/pulse8-cec.ko with args ''
06-08 15:43:28.389 I/dlkm_loader(  136): Loaded kernel module /vendor/lib/modules/pulse8-cec.ko
06-08 15:43:28.389 I/dlkm_loader(  136): Loading module /vendor/lib/modules/rtc-test.ko with args ''
06-08 15:43:28.391 I/dlkm_loader(  136): Loaded kernel module /vendor/lib/modules/rtc-test.ko
06-08 15:43:28.391 I/dlkm_loader(  136): Loading module /vendor/lib/modules/slcan.ko with args ''
06-08 15:43:28.392 I/qemu-props(  159): connected to 'boot-properties' qemud service.
06-08 15:43:28.392 I/qemu-props(  159): receiving..
06-08 15:43:28.393 I/qemu-props(  159): received: ro.opengles.version=196609
06-08 15:43:28.393 I/qemu-props(  159): ignoring 'ro.opengles.version' property
06-08 15:43:28.393 I/qemu-props(  159): receiving..
06-08 15:43:28.393 I/qemu-props(  159): received: qemu.sf.fake_camera=front
06-08 15:43:28.393 I/qemu-props(  159): successfully set property 'vendor.qemu.sf.fake_camera' to 'front'
06-08 15:43:28.393 I/qemu-props(  159): receiving..
06-08 15:43:28.393 I/qemu-props(  159): received: qemu.adb.secure=1
06-08 15:43:28.393 I/qemu-props(  159): ignoring 'qemu.adb.secure' property
06-08 15:43:28.393 I/qemu-props(  159): receiving..
06-08 15:43:28.393 I/qemu-props(  159): received: dalvik.vm.heapsize=512m
06-08 15:43:28.393 I/qemu-props(  159): ignoring 'dalvik.vm.heapsize' property
06-08 15:43:28.393 I/qemu-props(  159): receiving..
06-08 15:43:28.393 I/qemu-props(  159): received: qemu.hw.mainkeys=0
06-08 15:43:28.393 I/dlkm_loader(  136): Loaded kernel module /vendor/lib/modules/slcan.ko
06-08 15:43:28.393 I/dlkm_loader(  136): Loading module /vendor/lib/modules/sw_sync.ko with args ''
06-08 15:43:28.393 I/qemu-props(  159): successfully set property 'qemu.hw.mainkeys' to '0'
06-08 15:43:28.393 I/qemu-props(  159): receiving..
06-08 15:43:28.393 I/qemu-props(  159): received: qemu.sf.lcd_density=420
06-08 15:43:28.393 I/qemu-props(  159): successfully set property 'qemu.sf.lcd_density' to '420'
06-08 15:43:28.393 I/qemu-props(  159): receiving..
06-08 15:43:28.393 I/qemu-props(  159): received: net.wifi_mac_prefix=5554
06-08 15:43:28.394 I/qemu-props(  159): successfully set property 'vendor.net.wifi_mac_prefix' to '5554'
06-08 15:43:28.394 I/qemu-props(  159): receiving..
06-08 15:43:28.394 I/qemu-props(  159): received: qemu.timezone=Europe/Istanbul
06-08 15:43:28.394 I/qemu-props(  159): successfully set property 'vendor.qemu.timezone' to 'Europe/Istanbul'
06-08 15:43:28.394 I/qemu-props(  159): receiving..
06-08 15:43:28.394 I/dlkm_loader(  136): Loaded kernel module /vendor/lib/modules/sw_sync.ko
06-08 15:43:28.394 I/dlkm_loader(  136): Loading module /vendor/lib/modules/system_heap.ko with args ''
06-08 15:43:28.394 I/qemu-props(  159): successfully set property 'vendor.qemu.vport.bluetooth' to '/dev/vport8p2'
06-08 15:43:28.394 W/qemu-props(  159): could not open '/sys/class/virtio-ports/vport8p0/name'
06-08 15:43:28.395 I/qemu-props(  159): successfully set property 'vendor.qemu.vport.modem' to '/dev/vport9p1'
06-08 15:43:28.395 W/qemu-props(  159): could not open '/sys/class/virtio-ports/vport8p1/name'
06-08 15:43:28.396 I/dlkm_loader(  136): Loaded kernel module /vendor/lib/modules/system_heap.ko
06-08 15:43:28.396 I/dlkm_loader(  136): Loading module /vendor/lib/modules/usbip-core.ko with args ''
06-08 15:43:28.397 I/dlkm_loader(  136): Loaded kernel module /vendor/lib/modules/usbip-core.ko
06-08 15:43:28.397 I/dlkm_loader(  136): Loading module /vendor/lib/modules/vcan.ko with args ''
06-08 15:43:28.398 I/dlkm_loader(  136): Loaded kernel module /vendor/lib/modules/vcan.ko
06-08 15:43:28.398 I/dlkm_loader(  136): Loading module /vendor/lib/modules/vexpress-sysreg.ko with args ''
06-08 15:43:28.399 I/dlkm_loader(  136): Loaded kernel module /vendor/lib/modules/vexpress-sysreg.ko
06-08 15:43:28.399 I/dlkm_loader(  136): Loading module /vendor/lib/modules/vhci-hcd.ko with args ''
06-08 15:43:28.401 I/dlkm_loader(  136): Loaded kernel module /vendor/lib/modules/vhci-hcd.ko
06-08 15:43:28.401 I/dlkm_loader(  136): Loading module /vendor/lib/modules/virt_wifi.ko with args ''
06-08 15:43:28.403 I/dlkm_loader(  136): Loaded kernel module /vendor/lib/modules/virt_wifi.ko
06-08 15:43:28.403 I/dlkm_loader(  136): Loading module /vendor/lib/modules/virtio-gpu.ko with args ''
06-08 15:43:28.405 I/dlkm_loader(  136): Loaded kernel module /vendor/lib/modules/virtio-gpu.ko
06-08 15:43:28.405 I/dlkm_loader(  136): Loading module /vendor/lib/modules/virtio_balloon.ko with args ''
06-08 15:43:28.406 I/dlkm_loader(  136): Loaded kernel module /vendor/lib/modules/virtio_balloon.ko
06-08 15:43:28.406 I/dlkm_loader(  136): Loading module /vendor/lib/modules/virtio_input.ko with args ''
--------- beginning of system
06-08 15:43:28.419 I/vold    (  160): Vold 3.0 (the awakening) firing up
06-08 15:43:28.419 D/vold    (  160): Detected support for: ext4 f2fs vfat
06-08 15:43:28.423 D/vold    (  160): VoldNativeService::start() completed OK
06-08 15:43:28.465 I/dlkm_loader(  136): Loaded kernel module /vendor/lib/modules/virtio_input.ko
06-08 15:43:28.465 I/dlkm_loader(  136): Loading module /vendor/lib/modules/virtio_net.ko with args ''
06-08 15:43:28.468 I/dlkm_loader(  136): Loaded kernel module /vendor/lib/modules/virtio_net.ko
06-08 15:43:28.468 I/dlkm_loader(  136): Loading module /vendor/lib/modules/virtio_pmem.ko with args ''
06-08 15:43:28.469 I/dlkm_loader(  136): Loaded kernel module /vendor/lib/modules/virtio_pmem.ko
06-08 15:43:28.469 I/dlkm_loader(  136): Loading module /vendor/lib/modules/virtio_snd.ko with args ''
06-08 15:43:28.471 I/dlkm_loader(  136): Loaded kernel module /vendor/lib/modules/virtio_snd.ko
06-08 15:43:28.471 I/dlkm_loader(  136): module vkms is blocklisted
06-08 15:43:28.471 E/dlkm_loader(  136): LoadWithAliases was unable to load vkms
06-08 15:43:28.471 I/dlkm_loader(  136): Loading module /vendor/lib/modules/zsmalloc.ko with args ''
06-08 15:43:28.473 I/dlkm_loader(  136): Loaded kernel module /vendor/lib/modules/zsmalloc.ko
06-08 15:43:28.473 I/dlkm_loader(  136): Loading module /vendor/lib/modules/zram.ko with args ''
06-08 15:43:28.474 I/dlkm_loader(  136): Loaded kernel module /vendor/lib/modules/zram.ko
06-08 15:43:28.474 I/dlkm_loader(  136): module load count is 51
06-08 15:43:29.333 I/fsverity_init(  173): LoadKeyFromFile path=/system/etc/security/fsverity/fsverity-release.x509.der keyname=fsv_system_0
06-08 15:43:29.336 I/servicemanager(  147): getDeviceHalManifest: Reading VINTF information.
06-08 15:43:29.337 I/fsverity_init(  173): LoadKeyFromFile path=/product/etc/security/fsverity/gms_fsverity_cert.der keyname=fsv_product_0
06-08 15:43:29.339 I/fsverity_init(  173): LoadKeyFromFile path=/product/etc/security/fsverity/play_store_fsi_cert.der keyname=fsv_product_1
06-08 15:43:29.339 I/servicemanager(  147): getDeviceHalManifest: Successfully processed VINTF information
06-08 15:43:29.339 I/servicemanager(  147): getFrameworkHalManifest: Reading VINTF information.
06-08 15:43:29.340 I/servicemanager(  147): getFrameworkHalManifest: Successfully processed VINTF information
06-08 15:43:29.340 I/servicemanager(  147): Found android.system.suspend.ISystemSuspend/default in framework VINTF manifest.
06-08 15:43:29.344 I/HidlServiceManagement(  169): Registered android.system.suspend@1.0::ISystemSuspend/default
06-08 15:43:29.344 I/HidlServiceManagement(  169): Removing namespace from process name android.system.suspend@1.0-service to suspend@1.0-service.
06-08 15:43:29.345 I/HidlServiceManagement(  171): Registered android.hardware.atrace@1.0::IAtraceDevice/default
06-08 15:43:29.345 I/HidlServiceManagement(  171): Removing namespace from process name android.hardware.atrace@1.0-service to atrace@1.0-service.
06-08 15:43:29.356 D/vold    (  160): fscrypt_mount_metadata_encrypted: /data encrypt: 0 format: 0 with null
06-08 15:43:29.356 D/vold    (  160): metadata_key_dir/key: /metadata/vold/metadata_encryption/key
06-08 15:43:29.356 I/keymaster(  172):  patchlevel string does not match expected format.  Using patchlevel 0
06-08 15:43:29.356 I/android.hardware.security.keymint-service(  172): adding keymint service instance: android.hardware.security.keymint.IKeyMintDevice/default
06-08 15:43:29.356 D/vold    (  160): Key exists, using: /metadata/vold/metadata_encryption/key
06-08 15:43:29.357 I/servicemanager(  147): Found android.hardware.security.keymint.IKeyMintDevice/default in device VINTF manifest.
06-08 15:43:29.357 I/android.hardware.security.keymint-service(  172): adding keymint service instance: android.hardware.security.secureclock.ISecureClock/default
06-08 15:43:29.357 I/servicemanager(  147): Found android.hardware.security.secureclock.ISecureClock/default in device VINTF manifest.
06-08 15:43:29.357 I/android.hardware.security.keymint-service(  172): adding keymint service instance: android.hardware.security.sharedsecret.ISharedSecret/default
06-08 15:43:29.358 I/servicemanager(  147): Found android.hardware.security.sharedsecret.ISharedSecret/default in device VINTF manifest.
06-08 15:43:29.358 I/android.hardware.security.keymint-service(  172): adding keymint service instance: android.hardware.security.keymint.IRemotelyProvisionedComponent/default
06-08 15:43:29.359 I/servicemanager(  147): Found android.hardware.security.keymint.IRemotelyProvisionedComponent/default in device VINTF manifest.
06-08 15:43:29.359 I/servicemanager(  147): Since 'android.system.keystore2.IKeystoreService/default' could not be found, trying to start it as a lazy AIDL service
06-08 15:43:29.380 I/keystore2(  170): keystore2_main: Keystore2 is starting.
06-08 15:43:29.380 I/keystore2(  170): keystore2_main: Setting up sqlite logging for keystore2
06-08 15:43:29.380 W/keystore2(  170): keystore2::metrics_store: In update_keystore_crash_sysprop: Failed to read the existing system property due to: In read_keystore_crash_count: Property not set..Therefore, keystore crashes will not be logged.
06-08 15:43:29.381 I/keystore2(  170): keystore2_main: Starting thread pool now.
06-08 15:43:29.381 I/keystore2(  170): getDeviceHalManifest: Reading VINTF information.
06-08 15:43:29.382 I/keystore2(  170): getDeviceHalManifest: Successfully processed VINTF information
06-08 15:43:29.384 I/keystore2(  170): keystore2::globals: KeyMint device is current version (Some(200)) for security level: SecurityLevel(1)
06-08 15:43:29.385 I/keystore2(  170): keystore2::shared_secret_negotiation: Shared secret negotiation concluded successfully.
06-08 15:43:29.386 I/hwservicemanager(  148): getTransport: Cannot find entry android.hardware.keymaster@4.0::IKeymasterDevice/default in either framework or device VINTF manifest.
06-08 15:43:29.386 I/hwservicemanager(  148): getTransport: Cannot find entry android.hardware.keymaster@3.0::IKeymasterDevice/default in either framework or device VINTF manifest.
06-08 15:43:29.387 I/servicemanager(  147): Found android.system.keystore2.IKeystoreService/default in framework VINTF manifest.
06-08 15:43:29.387 I/BpBinder(  147): onLastStrongRef automatically unlinking death recipients: <uncached descriptor>
06-08 15:43:29.388 I/hwservicemanager(  148): getTransport: Cannot find entry android.hardware.keymaster@4.0::IKeymasterDevice/default in either framework or device VINTF manifest.
06-08 15:43:29.388 I/hwservicemanager(  148): getTransport: Cannot find entry android.hardware.keymaster@3.0::IKeymasterDevice/default in either framework or device VINTF manifest.
06-08 15:43:29.388 I/keystore2(  170): keystore2::shared_secret_negotiation: No StrongBox Keymint available, so no RoT transfer
06-08 15:43:29.389 I/SELinux (  170): SELinux: Loaded keystore2_key_contexts from:
06-08 15:43:29.389 I/SELinux (  170):     /system/etc/selinux/plat_keystore2_key_contexts
06-08 15:43:29.390 I/keystore2(  170): keystore2_main: Successfully registered Keystore 2.0 service.
06-08 15:43:29.390 I/keystore2(  170): keystore2_main: Joining thread pool now.
06-08 15:43:29.414 D/vold    (  160): Mounting metadata-encrypted filesystem:/data
06-08 15:43:29.415 I/hwservicemanager(  148): getTransport: Cannot find entry android.hardware.boot@1.0::IBootControl/default in either framework or device VINTF manifest.
06-08 15:43:29.416 I/vold    (  160): [libfs_mgr]superblock s_max_mnt_count:65535,/dev/block/dm-33
06-08 15:43:29.416 I/vold    (  160): [libfs_mgr]Filesystem on /dev/block/dm-33 was not cleanly shutdown; state flags: 0x1, incompat feature flags: 0x30046
06-08 15:43:29.655 I/vold    (  160): [libfs_mgr]check_fs(): mount(/dev/block/dm-33,/data,ext4)=0: Success
06-08 15:43:29.684 I/vold    (  160): [libfs_mgr]umount_retry(): unmount(/data) succeeded
06-08 15:43:29.684 I/vold    (  160): [libfs_mgr]Running /system/bin/e2fsck on /dev/block/dm-33
06-08 15:43:29.968 I/vold    (  160): [libfs_mgr]superblock s_max_mnt_count:65535,/dev/block/dm-33
06-08 15:43:29.972 I/vold    (  160): [libfs_mgr]__mount(source=/dev/block/dm-33,target=/data,type=ext4)=0: Success
06-08 15:43:29.972 D/vold    (  160): Mounted /data
06-08 15:43:29.978 W/libc    (  147): Unable to set property "ctl.interface_start" to "aidl/android.system.keystore2.IKeystoreService/default": error code: 0x20
06-08 15:43:29.978 I/servicemanager(  147): Tried to start aidl service android.system.keystore2.IKeystoreService/default as a lazy service, but was unable to. Usually this happens when a service is not installed, but if the service is intended to be used as a lazy service, then it may be configured incorrectly.
06-08 15:43:29.983 I/Checkpoint(  160): cp_prepareCheckpoint called
06-08 15:43:29.989 I/vold    (  160): fscrypt_initialize_systemwide_keys
06-08 15:43:29.990 D/vold    (  160): Key exists, using: /data/unencrypted/key
06-08 15:43:29.995 D/vold    (  160): Installed fscrypt key with ref fe8543d9e2c8d08f462459c6ec98bb85 to /data
06-08 15:43:29.995 D/vold    (  160): Added fscrypt-provisioning key for fe8543d9e2c8d08f462459c6ec98bb85 to session keyring
06-08 15:43:30.001 I/vold    (  160): Wrote system DE key reference to:/data/unencrypted/ref
06-08 15:43:30.001 D/vold    (  160): Generating standard storage key
06-08 15:43:30.001 D/vold    (  160): Installed fscrypt key with ref 07ecff9892e9df2f837580b66e2e76c5 to /data
06-08 15:43:30.001 D/vold    (  160): Added fscrypt-provisioning key for 07ecff9892e9df2f837580b66e2e76c5 to session keyring
06-08 15:43:30.002 I/vold    (  160): Wrote per boot key reference to:/data/unencrypted/per_boot_ref
06-08 15:43:30.008 W/init    (  196): type=1400 audit(0.0:4): avc: denied { execute_no_trans } for path="/vendor/bin/toybox_vendor" dev="dm-1" ino=222 scontext=u:r:init:s0 tcontext=u:object_r:vendor_toolbox_exec:s0 tclass=file permissive=0 bug=b/183668221
06-08 15:43:30.015 I/tombstoned(  195): tombstoned successfully initialized
06-08 15:43:30.019 I/incfs   (  160): Initial API level of the device: 33
06-08 15:43:30.019 I/incfs   (  160): ro.incremental.enable: yes
06-08 15:43:30.019 I/incfs   (  160): isFsAvailable: true
06-08 15:43:30.019 I/incfs   (  160): isFsAvailable: true
06-08 15:43:30.019 I/incfs   (  160): IncFs_Features: v2
06-08 15:43:30.019 I/keystore2(  170): keystore2::maintenance: In early_boot_ended.
06-08 15:43:30.025 I/keystore2(  170): keystore2::globals: Touching Keystore 2.0 database for this first time since boot.
06-08 15:43:30.025 I/keystore2(  170): keystore2::globals: Calling cleanup leftovers.
06-08 15:43:30.029 I/keystore2(  170): keystore2::super_key: Starting boot level watcher.
06-08 15:43:30.030 I/keystore2(  170): keystore2::maintenance: Call to earlyBootEnded succeeded for security level TRUSTED_ENVIRONMENT.
06-08 15:43:30.030 I/keystore2(  170): keystore2::super_key: Read keystore.boot_level value 30
06-08 15:43:30.030 I/keystore2(  170): keystore2::super_key: Read keystore.boot_level value 30
06-08 15:43:30.031 I/hwservicemanager(  148): getTransport: Cannot find entry android.hardware.keymaster@4.0::IKeymasterDevice/default in either framework or device VINTF manifest.
06-08 15:43:30.031 I/hwservicemanager(  148): getTransport: Cannot find entry android.hardware.keymaster@3.0::IKeymasterDevice/default in either framework or device VINTF manifest.
06-08 15:43:30.032 E/keystore2(  170): keystore2::maintenance: Call to earlyBootEnded failed for security level STRONGBOX: In call_with_watchdog: getting keymint device.
06-08 15:43:30.032 E/keystore2(  170): keystore2::error: In call_with_watchdog: getting keymint device
06-08 15:43:30.032 E/keystore2(  170): 
06-08 15:43:30.032 E/keystore2(  170): Caused by:
06-08 15:43:30.032 E/keystore2(  170):     0: In get_keymint_device.
06-08 15:43:30.032 E/keystore2(  170):     1: In connect_keymint: Trying to get Legacy wrapper.
06-08 15:43:30.032 E/keystore2(  170):     2: Error::Km(ErrorCode(-68))
06-08 15:43:30.032 E/vold    (  160): keystore2 Keystore earlyBootEnded returned service specific error: -68
06-08 15:43:31.550 I/derive_sdk(  258): Read version 4 from 1
06-08 15:43:31.551 I/derive_sdk(  258): Read version 3 from 13
06-08 15:43:31.551 I/derive_sdk(  258): Read version 5 from 5
06-08 15:43:31.551 I/derive_sdk(  258): Read version 5 from 11
06-08 15:43:31.552 I/derive_sdk(  258): Read version 5 from 10
06-08 15:43:31.552 I/derive_sdk(  258): Read version 4 from 9
06-08 15:43:31.553 I/derive_sdk(  258): Read version 6 from 2
06-08 15:43:31.553 I/derive_sdk(  258): Read version 6 from 6
06-08 15:43:31.554 I/derive_sdk(  258): Read version 6 from 3
06-08 15:43:31.555 I/derive_sdk(  258): Read version 6 from 7
06-08 15:43:31.555 I/derive_sdk(  258): Read version 6 from 8
06-08 15:43:31.556 I/derive_sdk(  258): Read version 5 from 4
06-08 15:43:31.556 I/derive_sdk(  258): Read version 4 from 12
06-08 15:43:31.556 I/derive_sdk(  258): extension r version is 5
06-08 15:43:31.557 I/derive_sdk(  258): extension s version is 5
06-08 15:43:31.557 I/derive_sdk(  258): extension t version is 5
06-08 15:43:31.557 I/derive_sdk(  258): extension ad_services version is 5
06-08 15:43:31.564 D/vold    (  160): fscrypt_init_user0
06-08 15:43:31.564 D/vold    (  160): Preparing: /data/misc/vold/user_keys
06-08 15:43:31.564 D/vold    (  160): Preparing: /data/misc/vold/user_keys/ce
06-08 15:43:31.565 D/vold    (  160): Preparing: /data/misc/vold/user_keys/de
06-08 15:43:31.570 D/vold    (  160): Installed fscrypt key with ref 986276ab1e51a0a62f06195e05637c8c to /data
06-08 15:43:31.570 D/vold    (  160): Added fscrypt-provisioning key for 986276ab1e51a0a62f06195e05637c8c to session keyring
06-08 15:43:31.570 D/vold    (  160): Installed de key for user 0
06-08 15:43:31.570 D/vold    (  160): fscrypt_prepare_user_storage for volume null, user 0, serial 0, flags 1
06-08 15:43:31.570 D/vold    (  160): Preparing: /data/system/users/0
06-08 15:43:31.570 D/vold    (  160): Preparing: /data/misc/profiles/cur/0
06-08 15:43:31.571 D/vold    (  160): Preparing: /data/system_de/0
06-08 15:43:31.572 D/vold    (  160): Preparing: /data/vendor_de/0
06-08 15:43:31.572 D/vold    (  160): Preparing: /data/misc_de/0
06-08 15:43:31.572 D/vold    (  160): Preparing: /data/user_de/0
06-08 15:43:31.573 I/vold    (  160): Verified that /data/system_de/0 has the encryption policy 986276ab1e51a0a62f06195e05637c8c v2 modes 1/4 flags 0x2
06-08 15:43:31.573 I/vold    (  160): Verified that /data/vendor_de/0 has the encryption policy 986276ab1e51a0a62f06195e05637c8c v2 modes 1/4 flags 0x2
06-08 15:43:31.574 I/vold    (  160): Verified that /data/misc_de/0 has the encryption policy 986276ab1e51a0a62f06195e05637c8c v2 modes 1/4 flags 0x2
06-08 15:43:31.574 I/vold    (  160): Verified that /data/user_de/0 has the encryption policy 986276ab1e51a0a62f06195e05637c8c v2 modes 1/4 flags 0x2
06-08 15:43:31.574 D/vold    (  160): /system/bin/vold_prepare_subdirs
06-08 15:43:31.574 D/vold    (  160):     prepare
06-08 15:43:31.574 D/vold    (  160):     
06-08 15:43:31.574 D/vold    (  160):     0
06-08 15:43:31.574 D/vold    (  160):     1
06-08 15:43:31.579 D/vold_prepare_subdirs(  260): Setting up mode 771 uid 1000 gid 1000 context u:object_r:system_data_file:s0:c512,c768 on path: /data/user_de/0
06-08 15:43:31.579 I/vold_prepare_subdirs(  260): Relabelling from u:object_r:system_data_file:s0 to u:object_r:system_data_file:s0:c512,c768: /data/user_de/0
06-08 15:43:31.579 D/vold_prepare_subdirs(  260): Setting up mode 771 uid 1000 gid 1000 context u:object_r:sdk_sandbox_system_data_file:s0:c512,c768 on path: /data/misc_de/0/sdksandbox
06-08 15:43:31.580 I/vold_prepare_subdirs(  260): Relabelling from u:object_r:sdk_sandbox_system_data_file:s0 to u:object_r:sdk_sandbox_system_data_file:s0:c512,c768: /data/misc_de/0/sdksandbox
06-08 15:43:31.580 D/vold_prepare_subdirs(  260): Setting up mode 700 uid 0 gid 0 context u:object_r:vold_data_file:s0 on path: /data/misc_de/0/vold
06-08 15:43:31.580 D/vold_prepare_subdirs(  260): Setting up mode 700 uid 0 gid 0 context u:object_r:storaged_data_file:s0 on path: /data/misc_de/0/storaged
06-08 15:43:31.581 D/vold_prepare_subdirs(  260): Setting up mode 700 uid 0 gid 0 context u:object_r:rollback_data_file:s0 on path: /data/misc_de/0/rollback
06-08 15:43:31.581 D/vold_prepare_subdirs(  260): Setting up mode 700 uid 0 gid 0 context u:object_r:apex_rollback_data_file:s0 on path: /data/misc_de/0/apexrollback
06-08 15:43:31.582 D/vold_prepare_subdirs(  260): Setting up mode 711 uid 0 gid 0 context u:object_r:apex_module_data_file:s0 on path: /data/misc_de/0/apexdata
06-08 15:43:31.582 D/vold_prepare_subdirs(  260): Setting up mode 771 uid 0 gid 1000 context u:object_r:apex_module_data_file:s0 on path: /data/misc_de/0/apexdata/com.android.ipsec
06-08 15:43:31.583 D/vold_prepare_subdirs(  260): Setting up mode 771 uid 0 gid 1000 context u:object_r:apex_module_data_file:s0 on path: /data/misc_de/0/apexdata/com.android.ondevicepersonalization
06-08 15:43:31.583 D/vold_prepare_subdirs(  260): Setting up mode 771 uid 0 gid 1000 context u:object_r:apex_module_data_file:s0 on path: /data/misc_de/0/apexdata/com.android.sdkext
06-08 15:43:31.583 D/vold_prepare_subdirs(  260): Setting up mode 771 uid 0 gid 1000 context u:object_r:apex_module_data_file:s0 on path: /data/misc_de/0/apexdata/com.android.cellbroadcast
06-08 15:43:31.583 D/vold_prepare_subdirs(  260): Setting up mode 771 uid 0 gid 1000 context u:object_r:apex_module_data_file:s0 on path: /data/misc_de/0/apexdata/com.android.neuralnetworks
06-08 15:43:31.583 D/vold_prepare_subdirs(  260): Setting up mode 771 uid 0 gid 1000 context u:object_r:apex_module_data_file:s0 on path: /data/misc_de/0/apexdata/com.android.adservices
06-08 15:43:31.583 D/vold_prepare_subdirs(  260): Setting up mode 771 uid 0 gid 1000 context u:object_r:apex_module_data_file:s0 on path: /data/misc_de/0/apexdata/com.android.conscrypt
06-08 15:43:31.583 D/vold_prepare_subdirs(  260): Setting up mode 771 uid 0 gid 1000 context u:object_r:apex_module_data_file:s0 on path: /data/misc_de/0/apexdata/com.android.scheduling
06-08 15:43:31.583 D/vold_prepare_subdirs(  260): Setting up mode 771 uid 0 gid 1000 context u:object_r:apex_system_server_data_file:s0 on path: /data/misc_de/0/apexdata/com.android.wifi
06-08 15:43:31.584 D/vold_prepare_subdirs(  260): Setting up mode 771 uid 0 gid 1000 context u:object_r:apex_module_data_file:s0 on path: /data/misc_de/0/apexdata/com.android.media
06-08 15:43:31.584 D/vold_prepare_subdirs(  260): Setting up mode 771 uid 0 gid 1000 context u:object_r:apex_module_data_file:s0 on path: /data/misc_de/0/apexdata/com.android.os.statsd
06-08 15:43:31.584 D/vold_prepare_subdirs(  260): Setting up mode 771 uid 0 gid 1000 context u:object_r:apex_module_data_file:s0 on path: /data/misc_de/0/apexdata/com.android.mediaprovider
06-08 15:43:31.584 D/vold_prepare_subdirs(  260): Setting up mode 771 uid 0 gid 1000 context u:object_r:apex_system_server_data_file:s0 on path: /data/misc_de/0/apexdata/com.android.uwb
06-08 15:43:31.584 D/vold_prepare_subdirs(  260): Setting up mode 771 uid 0 gid 1000 context u:object_r:apex_module_data_file:s0 on path: /data/misc_de/0/apexdata/com.android.extservices
06-08 15:43:31.584 D/vold_prepare_subdirs(  260): Setting up mode 771 uid 0 gid 1000 context u:object_r:apex_module_data_file:s0 on path: /data/misc_de/0/apexdata/com.android.resolv
06-08 15:43:31.584 D/vold_prepare_subdirs(  260): Setting up mode 771 uid 0 gid 1000 context u:object_r:apex_module_data_file:s0 on path: /data/misc_de/0/apexdata/com.android.tethering
06-08 15:43:31.584 D/vold_prepare_subdirs(  260): Setting up mode 771 uid 0 gid 1000 context u:object_r:apex_module_data_file:s0 on path: /data/misc_de/0/apexdata/com.android.adbd
06-08 15:43:31.584 D/vold_prepare_subdirs(  260): Setting up mode 771 uid 0 gid 1000 context u:object_r:apex_module_data_file:s0 on path: /data/misc_de/0/apexdata/com.android.media.swcodec
06-08 15:43:31.584 D/vold_prepare_subdirs(  260): Setting up mode 771 uid 0 gid 1000 context u:object_r:apex_module_data_file:s0 on path: /data/misc_de/0/apexdata/com.android.art
06-08 15:43:31.584 D/vold_prepare_subdirs(  260): Setting up mode 771 uid 0 gid 1000 context u:object_r:apex_system_server_data_file:s0 on path: /data/misc_de/0/apexdata/com.android.permission
06-08 15:43:31.585 D/vold_prepare_subdirs(  260): Setting up mode 771 uid 0 gid 1000 context u:object_r:apex_module_data_file:s0 on path: /data/misc_de/0/apexdata/com.android.appsearch
06-08 15:43:31.585 D/vold_prepare_subdirs(  260): Setting up mode 771 uid 0 gid 1000 context u:object_r:apex_module_data_file:s0 on path: /data/misc_de/0/apexdata/com.android.apex.cts.shim
06-08 15:43:31.585 D/vold_prepare_subdirs(  260): Setting up mode 771 uid 0 gid 1000 context u:object_r:apex_module_data_file:s0 on path: /data/misc_de/0/apexdata/com.android.btservices
06-08 15:43:31.585 D/vold_prepare_subdirs(  260): Setting up mode 771 uid 0 gid 1000 context u:object_r:apex_module_data_file:s0 on path: /data/misc_de/0/apexdata/com.android.vndk.v33
06-08 15:43:31.585 D/vold_prepare_subdirs(  260): Setting up mode 771 uid 0 gid 1000 context u:object_r:apex_module_data_file:s0 on path: /data/misc_de/0/apexdata/com.android.i18n
06-08 15:43:31.585 D/vold_prepare_subdirs(  260): Setting up mode 771 uid 0 gid 1000 context u:object_r:apex_module_data_file:s0 on path: /data/misc_de/0/apexdata/com.android.runtime
06-08 15:43:31.585 D/vold_prepare_subdirs(  260): Setting up mode 771 uid 0 gid 1000 context u:object_r:apex_module_data_file:s0 on path: /data/misc_de/0/apexdata/com.android.tzdata
06-08 15:43:31.585 D/vold_prepare_subdirs(  260): Setting up mode 771 uid 0 gid 1000 context u:object_r:apex_module_data_file:s0 on path: /data/misc_de/0/apexdata/sharedlibs
06-08 15:43:31.585 D/vold_prepare_subdirs(  260): Setting up mode 771 uid 1000 gid 1000 context u:object_r:user_profile_root_file:s0:c512,c768 on path: /data/misc/profiles/cur/0
06-08 15:43:31.585 D/vold_prepare_subdirs(  260): Setting up mode 700 uid 1000 gid 1000 context u:object_r:fingerprint_vendor_data_file:s0 on path: /data/vendor_de/0/fpdata
06-08 15:43:31.586 D/vold_prepare_subdirs(  260): Setting up mode 700 uid 1000 gid 1000 context u:object_r:face_vendor_data_file:s0 on path: /data/vendor_de/0/facedata
06-08 15:43:31.587 D/vold    (  160): Detected support for FS_IOC_ADD_ENCRYPTION_KEY
06-08 15:43:31.593 I/derive_classpath(  261): ParseFragments for bootclasspath
06-08 15:43:31.602 I/derive_classpath(  261): ReadClasspathFragment /apex/com.android.art/etc/classpaths/bootclasspath.pb
06-08 15:43:31.602 I/derive_classpath(  261): ReadClasspathFragment /system/etc/classpaths/bootclasspath.pb
06-08 15:43:31.603 I/derive_classpath(  261): ReadClasspathFragment /apex/com.android.adservices/etc/classpaths/bootclasspath.pb
06-08 15:43:31.603 I/derive_classpath(  261): ReadClasspathFragment /apex/com.android.appsearch/etc/classpaths/bootclasspath.pb
06-08 15:43:31.604 I/derive_classpath(  261): ReadClasspathFragment /apex/com.android.btservices/etc/classpaths/bootclasspath.pb
06-08 15:43:31.604 I/derive_classpath(  261): ReadClasspathFragment /apex/com.android.conscrypt/etc/classpaths/bootclasspath.pb
06-08 15:43:31.604 I/derive_classpath(  261): ReadClasspathFragment /apex/com.android.ipsec/etc/classpaths/bootclasspath.pb
06-08 15:43:31.605 I/derive_classpath(  261): ReadClasspathFragment /apex/com.android.media/etc/classpaths/bootclasspath.pb
06-08 15:43:31.605 I/derive_classpath(  261): ReadClasspathFragment /apex/com.android.mediaprovider/etc/classpaths/bootclasspath.pb
06-08 15:43:31.606 I/derive_classpath(  261): ReadClasspathFragment /apex/com.android.ondevicepersonalization/etc/classpaths/bootclasspath.pb
06-08 15:43:31.606 I/derive_classpath(  261): ReadClasspathFragment /apex/com.android.os.statsd/etc/classpaths/bootclasspath.pb
06-08 15:43:31.607 I/derive_classpath(  261): ReadClasspathFragment /apex/com.android.permission/etc/classpaths/bootclasspath.pb
06-08 15:43:31.607 I/derive_classpath(  261): ReadClasspathFragment /apex/com.android.scheduling/etc/classpaths/bootclasspath.pb
06-08 15:43:31.608 I/derive_classpath(  261): ReadClasspathFragment /apex/com.android.sdkext/etc/classpaths/bootclasspath.pb
06-08 15:43:31.608 I/derive_classpath(  261): ReadClasspathFragment /apex/com.android.tethering/etc/classpaths/bootclasspath.pb
06-08 15:43:31.609 I/derive_classpath(  261): ReadClasspathFragment /apex/com.android.uwb/etc/classpaths/bootclasspath.pb
06-08 15:43:31.609 I/derive_classpath(  261): ReadClasspathFragment /apex/com.android.wifi/etc/classpaths/bootclasspath.pb
06-08 15:43:31.609 I/derive_classpath(  261): ParseFragments for systemserverclasspath
06-08 15:43:31.610 I/derive_classpath(  261): ReadClasspathFragment /system/etc/classpaths/systemserverclasspath.pb
06-08 15:43:31.610 I/derive_classpath(  261): ReadClasspathFragment /apex/com.android.adservices/etc/classpaths/systemserverclasspath.pb
06-08 15:43:31.610 I/derive_classpath(  261): ReadClasspathFragment /apex/com.android.appsearch/etc/classpaths/systemserverclasspath.pb
06-08 15:43:31.611 I/derive_classpath(  261): ReadClasspathFragment /apex/com.android.art/etc/classpaths/systemserverclasspath.pb
06-08 15:43:31.611 I/derive_classpath(  261): ReadClasspathFragment /apex/com.android.btservices/etc/classpaths/systemserverclasspath.pb
06-08 15:43:31.611 I/derive_classpath(  261): ReadClasspathFragment /apex/com.android.media/etc/classpaths/systemserverclasspath.pb
06-08 15:43:31.612 I/derive_classpath(  261): ReadClasspathFragment /apex/com.android.os.statsd/etc/classpaths/systemserverclasspath.pb
06-08 15:43:31.612 I/derive_classpath(  261): ReadClasspathFragment /apex/com.android.permission/etc/classpaths/systemserverclasspath.pb
06-08 15:43:31.612 I/derive_classpath(  261): ReadClasspathFragment /apex/com.android.scheduling/etc/classpaths/systemserverclasspath.pb
06-08 15:43:31.613 I/derive_classpath(  261): ReadClasspathFragment /apex/com.android.tethering/etc/classpaths/systemserverclasspath.pb
06-08 15:43:31.613 I/derive_classpath(  261): ReadClasspathFragment /apex/com.android.uwb/etc/classpaths/systemserverclasspath.pb
06-08 15:43:31.614 I/derive_classpath(  261): ReadClasspathFragment /apex/com.android.wifi/etc/classpaths/systemserverclasspath.pb
06-08 15:43:31.614 I/derive_classpath(  261): WriteClasspathExports /data/system/environ/classpath
06-08 15:43:31.614 I/derive_classpath(  261): WriteClasspathExports content
06-08 15:43:31.614 I/derive_classpath(  261): export BOOTCLASSPATH /apex/com.android.art/javalib/core-oj.jar:/apex/com.android.art/javalib/core-libart.jar:/apex/com.android.art/javalib/okhttp.jar:/apex/com.android.art/javalib/bouncycastle.jar:/apex/com.android.art/javalib/apache-xml.jar:/system/framework/framework.jar:/system/framework/framework-graphics.jar:/system/framework/ext.jar:/system/framework/telephony-common.jar:/system/framework/voip-common.jar:/system/framework/ims-common.jar:/apex/com.android.i18n/javalib/core-icu4j.jar:/apex/com.android.adservices/javalib/framework-adservices.jar:/apex/com.android.adservices/javalib/framework-sdksandbox.jar:/apex/com.android.appsearch/javalib/framework-appsearch.jar:/apex/com.android.btservices/javalib/framework-bluetooth.jar:/apex/com.android.conscrypt/javalib/conscrypt.jar:/apex/com.android.ipsec/javalib/android.net.ipsec.ike.jar:/apex/com.android.media/javalib/updatable-media.jar:/apex/com.android.mediaprovider/javalib/framework-mediaprovider.jar:/apex/com.android.ondevicepersonalization/javalib/framework-ondevicepersonalization.jar:/apex/com.android.os.statsd/javalib/framework-statsd.jar:/apex/com.android.permission/javalib/framework-permission.jar:/apex/com.android.permission/javalib/framework-permission-s.jar:/apex/com.android.scheduling/javalib/framework-scheduling.jar:/apex/com.android.sdkext/javalib/framework-sdkextensions.jar:/apex/com.android.tethering/javalib/framework-connectivity.jar:/apex/com.android.tethering/javalib/framework-connectivity-t.jar:/apex/com.android.tethering/javalib/framework-tethering.jar:/apex/com.android.uwb/javalib/framework-uwb.jar:/apex/com.android.wifi/javalib/framework-wifi.jar
06-08 15:43:31.614 I/derive_classpath(  261): export DEX2OATBOOTCLASSPATH /apex/com.android.art/javalib/core-oj.jar:/apex/com.android.art/javalib/core-libart.jar:/apex/com.android.art/javalib/okhttp.jar:/apex/com.android.art/javalib/bouncycastle.jar:/apex/com.android.art/javalib/apache-xml.jar:/system/framework/framework.jar:/system/framework/framework-graphics.jar:/system/framework/ext.jar:/system/framework/telephony-common.jar:/system/framework/voip-common.jar:/system/framework/ims-common.jar:/apex/com.android.i18n/javalib/core-icu4j.jar
06-08 15:43:31.614 I/derive_classpath(  261): export SYSTEMSERVERCLASSPATH /system/framework/com.android.location.provider.jar:/system/framework/services.jar:/apex/com.android.adservices/javalib/service-adservices.jar:/apex/com.android.adservices/javalib/service-sdksandbox.jar:/apex/com.android.appsearch/javalib/service-appsearch.jar:/apex/com.android.art/javalib/service-art.jar:/apex/com.android.media/javalib/service-media-s.jar:/apex/com.android.permission/javalib/service-permission.jar
06-08 15:43:31.614 I/derive_classpath(  261): export STANDALONE_SYSTEMSERVER_JARS /apex/com.android.btservices/javalib/service-bluetooth.jar:/apex/com.android.os.statsd/javalib/service-statsd.jar:/apex/com.android.scheduling/javalib/service-scheduling.jar:/apex/com.android.tethering/javalib/service-connectivity.jar:/apex/com.android.uwb/javalib/service-uwb.jar:/apex/com.android.wifi/javalib/service-wifi.jar
06-08 15:43:31.630 I/odsign  (  262): Trying to retrieve existing HMAC key...
06-08 15:43:31.631 I/odsign  (  262): Trying to retrieve existing keystore key...
06-08 15:43:31.634 I/odsign  (  262): Verified public key signature.
06-08 15:43:31.634 I/odsign  (  262): Initialized Keystore key.
06-08 15:43:31.635 I/odsign  (  262): Found and verified existing public key certificate: /data/misc/odsign/key.cert
06-08 15:43:31.715 I/odrefresh(  264): ART APEX version 331711080
06-08 15:43:31.774 I/odsign  (  262): Metrics report is empty
06-08 15:43:31.777 I/odsign  (  262): /data/misc/odsign/odsign.info.signature matches.
06-08 15:43:31.777 I/odsign  (  262): Loaded /data/misc/odsign/odsign.info
06-08 15:43:31.778 I/odsign  (  262): All root hashes match.
06-08 15:43:31.778 I/odsign  (  262): odrefresh said artifacts are VALID
06-08 15:43:31.778 I/odsign  (  262): On-device signing done.
06-08 15:43:31.787 I/keystore2(  170): keystore2::super_key: keystore.boot_level 1000000000 hits maximum 1000000000, finishing.
06-08 15:43:31.801 I/tzdatacheck(  268): timezone distro dir /data/misc/zoneinfo/current does not exist. No action required.
06-08 15:43:31.831 W/otapreopt_slot(  277): Slot property empty.
06-08 15:43:31.956 I/ServiceManager(  290): Waiting for service 'statscompanion' on '/dev/binder'...
06-08 15:43:31.964 I/HidlServiceManagement(  293): Registered android.hidl.allocator@1.0::IAllocator/ashmem
06-08 15:43:31.964 I/HidlServiceManagement(  293): Removing namespace from process name android.hidl.allocator@1.0-service to allocator@1.0-service.
06-08 15:43:31.976 I/HidlServiceManagement(  296): Registered android.hardware.bluetooth@1.1::IBluetoothHci/default
06-08 15:43:31.976 I/HidlServiceManagement(  296): Removing namespace from process name android.hardware.bluetooth@1.1-service.btlinux to bluetooth@1.1-service.btlinux.
06-08 15:43:31.980 I/HidlServiceManagement(  295): Registered android.hardware.authsecret@1.0::IAuthSecret/default
06-08 15:43:31.980 I/HidlServiceManagement(  295): Removing namespace from process name android.hardware.authsecret@1.0-service to authsecret@1.0-service.
06-08 15:43:31.986 I/android.hardware.camera.provider@2.4-service(  297): CameraProvider@2.4 legacy service is starting.
06-08 15:43:31.993 I/netdClient(  291): Skipping libnetd_client init since *we* are netd
06-08 15:43:32.005 I/android.hardware.thermal@2.0-service-mock(  319): Thermal HAL Service Mock 2.0 starting...
06-08 15:43:32.016 I/netd    (  291): netd 1.0 starting
06-08 15:43:32.018 I/HidlServiceManagement(  300): Registered android.hardware.contexthub@1.1::IContexthub/default
06-08 15:43:32.018 I/HidlServiceManagement(  300): Removing namespace from process name android.hardware.contexthub@1.1-service.mock to contexthub@1.1-service.mock.
06-08 15:43:32.021 I/android.hardware.power.stats@1.0-service-mock(  315): power.stats service 1.0 mock is starting.
06-08 15:43:32.028 I/netd    (  291): Pid file removed
06-08 15:43:32.028 I/netd    (  291): SIGPIPE is blocked
06-08 15:43:32.028 I/netd    (  291): setCloseOnExec(dnsproxyd)
06-08 15:43:32.028 I/netd    (  291): setCloseOnExec(fwmarkd)
06-08 15:43:32.028 I/netd    (  291): setCloseOnExec(mdns)
06-08 15:43:32.028 I/NetdUpdatable(  291): libnetd_updatable_init: Initializing
06-08 15:43:32.028 I/BpfHandler(  291): BPF programs are loaded
06-08 15:43:32.028 I/BpfHandler(  291): initMaps successfully
06-08 15:43:32.028 I/netd    (  291): libnetd_updatable_init success
06-08 15:43:32.029 I/netd    (  291): NetlinkManager instanced
06-08 15:43:32.029 I/netd    (  291): enter NetworkController ctor
06-08 15:43:32.029 E/TcUtils (  291): NLMSG_ERROR message return error: -2
06-08 15:43:32.029 E/TcUtils (  291): NLMSG_ERROR message return error: -2
06-08 15:43:32.029 E/TcUtils (  291): NLMSG_ERROR message return error: -2
06-08 15:43:32.029 E/TcUtils (  291): NLMSG_ERROR message return error: -2
06-08 15:43:32.029 E/TcUtils (  291): NLMSG_ERROR message return error: -2
06-08 15:43:32.029 E/TcUtils (  291): NLMSG_ERROR message return error: -2
06-08 15:43:32.029 E/TcUtils (  291): NLMSG_ERROR message return error: -2
06-08 15:43:32.029 E/TcUtils (  291): NLMSG_ERROR message return error: -2
06-08 15:43:32.029 E/TcUtils (  291): NLMSG_ERROR message return error: -2
06-08 15:43:32.029 E/TcUtils (  291): NLMSG_ERROR message return error: -2
06-08 15:43:32.029 E/TcUtils (  291): NLMSG_ERROR message return error: -2
06-08 15:43:32.029 E/TcUtils (  291): NLMSG_ERROR message return error: -2
06-08 15:43:32.029 E/TcUtils (  291): NLMSG_ERROR message return error: -2
06-08 15:43:32.029 E/TcUtils (  291): NLMSG_ERROR message return error: -2
06-08 15:43:32.029 E/TcUtils (  291): NLMSG_ERROR message return error: -2
06-08 15:43:32.029 E/TcUtils (  291): NLMSG_ERROR message return error: -2
06-08 15:43:32.029 I/netd    (  291): leave NetworkController ctor
06-08 15:43:32.029 I/netd    (  291): enter TetherController ctor
06-08 15:43:32.029 D/TetherController(  291): Setting IP forward enable = 0
06-08 15:43:32.030 I/netd    (  291): leave TetherController ctor
06-08 15:43:32.032 I/servicemanager(  147): Found android.hardware.vibrator.IVibrator/default in device VINTF manifest.
06-08 15:43:32.032 I/servicemanager(  147): Found android.hardware.vibrator.IVibratorManager/default in device VINTF manifest.
06-08 15:43:32.036 I/servicemanager(  147): Found android.hardware.power.IPower/default in device VINTF manifest.
06-08 15:43:32.037 I/servicemanager(  147): Found android.hardware.light.ILights/default in device VINTF manifest.
06-08 15:43:32.043 I/android.hardware.sensors@2.1-impl.ranchu(  316): MultihalSensors:77: host sensors mask=207ff, available sensors mask=207ff
06-08 15:43:32.054 I/gsid    (  336): no DSU: No such file or directory
06-08 15:43:32.060 I/HidlServiceManagement(  316): Registered android.hardware.sensors@2.1::ISensors/default
06-08 15:43:32.060 I/HidlServiceManagement(  316): Removing namespace from process name android.hardware.sensors@2.1-service.multihal to sensors@2.1-service.multihal.
06-08 15:43:32.060 I/HidlServiceManagement(  322): Registered android.hardware.usb@1.0::IUsb/default
06-08 15:43:32.060 I/HidlServiceManagement(  322): Removing namespace from process name android.hardware.usb@1.0-service to usb@1.0-service.
06-08 15:43:32.060 I/android.hardware.usb@1.0-service(  322): USB HAL Ready.
06-08 15:43:32.068 I/android.hardware.pixel.camera.provider@2.7-service(  298): Google camera provider service is starting.
06-08 15:43:32.069 I/android.hardware.pixel.camera.provider@2.7-service(  298): Not using ApexUpdateListener since not running in an apex.
06-08 15:43:32.074 I/HidlServiceManagement(  315): Registered android.hardware.power.stats@1.0::IPowerStats/default
06-08 15:43:32.074 I/HidlServiceManagement(  315): Removing namespace from process name android.hardware.power.stats@1.0-service.mock to stats@1.0-service.mock.
06-08 15:43:32.074 I/android.hardware.power.stats@1.0-service-mock(  315): power.stats service is ready
06-08 15:43:32.075 I/HidlServiceManagement(  319): Registered android.hardware.thermal@2.0::IThermal/default
06-08 15:43:32.075 I/HidlServiceManagement(  319): Removing namespace from process name android.hardware.thermal@2.0-service.mock to thermal@2.0-service.mock.
06-08 15:43:32.075 I/android.hardware.thermal@2.0-service-mock(  319): Thermal Service started successfully.
06-08 15:43:32.077 I/GCH_CameraProvider(  298): CreateHwl:Loading libgooglecamerahwl_impl.so library
06-08 15:43:32.078 I/HidlServiceManagement(  304): Registered android.hardware.drm@1.0::IDrmFactory/default
06-08 15:43:32.078 I/HidlServiceManagement(  304): Removing namespace from process name android.hardware.drm@1.0-service to drm@1.0-service.
06-08 15:43:32.078 I/LegacySupport(  304): Registration complete for android.hardware.drm@1.0::IDrmFactory/default.
06-08 15:43:32.080 I/servicemanager(  147): Found android.hardware.drm.IDrmFactory/clearkey in device VINTF manifest.
06-08 15:43:32.089 I/HidlServiceManagement(  299): Registered android.hardware.cas@1.2::IMediaCasService/default
06-08 15:43:32.089 I/HidlServiceManagement(  299): Removing namespace from process name android.hardware.cas@1.2-service to cas@1.2-service.
06-08 15:43:32.098 I/servicemanager(  147): Found android.hardware.rebootescrow.IRebootEscrow/default in device VINTF manifest.
06-08 15:43:32.105 I/netd    (  291): Creating child chains: 72655us
06-08 15:43:32.105 I/netd    (  291): Setting up OEM hooks: 132us
06-08 15:43:32.105 I/netd    (  291): Setting up FirewallController hooks: 285us
06-08 15:43:32.106 I/HidlServiceManagement(  308): Registered android.hardware.gatekeeper@1.0::IGatekeeper/default
06-08 15:43:32.106 I/HidlServiceManagement(  308): Removing namespace from process name android.hardware.gatekeeper@1.0-service.software to gatekeeper@1.0-service.software.
06-08 15:43:32.106 I/HidlServiceManagement(  304): Registered android.hardware.drm@1.0::ICryptoFactory/default
06-08 15:43:32.106 I/HidlServiceManagement(  304): Removing namespace from process name android.hardware.drm@1.0-service to drm@1.0-service.
06-08 15:43:32.106 I/LegacySupport(  304): Registration complete for android.hardware.drm@1.0::ICryptoFactory/default.
06-08 15:43:32.107 I/servicemanager(  147): Found android.hardware.identity.IIdentityCredentialStore/default in device VINTF manifest.
