06-08 15:43:34.616 I/ApexManager(  496): Registering com.google.android.adservices.api as apk-in-apex of com.android.adservices
06-08 15:43:34.620 I/ApexManager(  496): Registering com.google.android.sdksandbox as apk-in-apex of com.android.adservices
06-08 15:43:34.620 D/PackageManager(  496): No files in app dir /apex/com.android.adbd/priv-app
06-08 15:43:34.620 D/PackageManager(  496): No files in app dir /apex/com.android.adbd/app
06-08 15:43:34.622 I/ApexManager(  496): Registering com.google.android.ext.services as apk-in-apex of com.android.extservices
06-08 15:43:34.622 D/PackageManager(  496): No files in app dir /apex/com.android.extservices/app
06-08 15:43:34.625 I/ApexManager(  496): Registering com.google.android.cellbroadcastservice as apk-in-apex of com.android.cellbroadcast
06-08 15:43:34.626 I/ApexManager(  496): Registering com.google.android.cellbroadcastreceiver as apk-in-apex of com.android.cellbroadcast
06-08 15:43:34.626 D/PackageManager(  496): No files in app dir /apex/com.android.cellbroadcast/app
06-08 15:43:34.629 I/ApexManager(  496): Registering com.google.android.networkstack.tethering as apk-in-apex of com.android.tethering
06-08 15:43:34.630 I/ApexManager(  496): Registering com.google.android.connectivity.resources as apk-in-apex of com.android.tethering
06-08 15:43:34.632 I/ApexManager(  496): Registering com.google.android.nearby.halfsheet as apk-in-apex of com.android.tethering
06-08 15:43:34.635 I/ApexManager(  496): Registering com.google.android.wifi.resources as apk-in-apex of com.android.wifi
06-08 15:43:34.637 I/ApexManager(  496): Registering com.google.android.wifi.dialog as apk-in-apex of com.android.wifi
06-08 15:43:34.639 I/ApexManager(  496): Registering com.google.android.hotspot2.osulogin as apk-in-apex of com.android.wifi
06-08 15:43:34.639 D/PackageManager(  496): No files in app dir /apex/com.android.appsearch/priv-app
06-08 15:43:34.639 D/PackageManager(  496): No files in app dir /apex/com.android.appsearch/app
06-08 15:43:34.642 I/PackageManager(  496): Finished scanning system apps. Time: 196 ms, packageCount: 203 , timePerPackage: 0 , cached: 234
06-08 15:43:34.647 W/PackageManager(  496): Relax SCAN_REQUIRE_KNOWN requirement for package com.google.android.trichromelibrary_541412334
06-08 15:43:34.665 D/CompatibilityChangeReporter(  496): Compat change id reported: 133396946; UID -1; state: ENABLED
06-08 15:43:34.674 W/PackageManager(  496): Relax SCAN_REQUIRE_KNOWN requirement for package com.google.android.webview
06-08 15:43:34.689 W/PackageManager(  496): Relax SCAN_REQUIRE_KNOWN requirement for package com.android.chrome
06-08 15:43:34.690 I/PackageManager(  496): Finished scanning non-system apps. Time: 48 ms, packageCount: 4 , timePerPackage: 12 , cached: 0
06-08 15:43:34.691 I/PackageManager(  496): Time to scan packages: 0.245 seconds
06-08 15:43:34.692 I/PackageManager(  496): Permission ownership changed. Updating all permissions.
06-08 15:43:34.708 V/PackageManager(  496): reconcileAppsData for null u0 0x1 migrateAppData=true
06-08 15:43:34.713 I/SELinux (  384): SELinux: Loaded file_contexts
06-08 15:43:34.734 V/PackageManager(  496): reconcileAppsData finished 25 packages
06-08 15:43:34.734 D/PackageManagerTiming(  496): write settings
06-08 15:43:34.735 D/SystemServerTimingAsync(  496): InitThreadPoolExec:prepareAppData
06-08 15:43:34.746 I/SELinux (  496): SELinux: Loaded file_contexts
06-08 15:43:34.758 D/PackageManagerTiming(  496): GC
06-08 15:43:34.758 I/PackageManager(  496): Fix for b/169414761 is applied
06-08 15:43:34.758 V/UserSystemPackageInstaller(  496): Checking that all system packages are whitelisted.
06-08 15:43:34.761 W/UserSystemPackageInstaller(  496): checkWhitelistedSystemPackages(mode=d) has 51 warnings:
06-08 15:43:34.761 W/UserSystemPackageInstaller(  496): com.android.theme.color.amethyst is allowlisted but not present.
06-08 15:43:34.761 W/UserSystemPackageInstaller(  496): com.android.theme.icon.pebble is allowlisted but not present.
06-08 15:43:34.761 W/UserSystemPackageInstaller(  496): com.android.theme.color.sand is allowlisted but not present.
06-08 15:43:34.761 W/UserSystemPackageInstaller(  496): com.android.theme.icon.vessel is allowlisted but not present.
06-08 15:43:34.761 W/UserSystemPackageInstaller(  496): com.android.theme.color.cinnamon is allowlisted but not present.
06-08 15:43:34.761 W/UserSystemPackageInstaller(  496): com.android.theme.icon_pack.victor.settings is allowlisted but not present.
06-08 15:43:34.761 W/UserSystemPackageInstaller(  496): com.android.theme.icon_pack.rounded.systemui is allowlisted but not present.
06-08 15:43:34.761 W/UserSystemPackageInstaller(  496): com.android.theme.icon.taperedrect is allowlisted but not present.
06-08 15:43:34.761 W/UserSystemPackageInstaller(  496): com.android.theme.icon_pack.rounded.android is allowlisted but not present.
06-08 15:43:34.761 W/UserSystemPackageInstaller(  496): com.android.internal.systemui.onehanded.gestural is allowlisted but not present.
06-08 15:43:34.761 W/UserSystemPackageInstaller(  496): com.android.theme.icon_pack.victor.systemui is allowlisted but not present.
06-08 15:43:34.761 W/UserSystemPackageInstaller(  496): com.android.theme.icon_pack.circular.themepicker is allowlisted but not present.
06-08 15:43:34.761 W/UserSystemPackageInstaller(  496): com.android.theme.color.tangerine is allowlisted but not present.
06-08 15:43:34.761 W/UserSystemPackageInstaller(  496): com.android.theme.color.aquamarine is allowlisted but not present.
06-08 15:43:34.761 W/UserSystemPackageInstaller(  496): com.android.theme.color.black is allowlisted but not present.
06-08 15:43:34.761 W/UserSystemPackageInstaller(  496): com.android.theme.color.green is allowlisted but not present.
06-08 15:43:34.761 W/UserSystemPackageInstaller(  496): com.android.theme.color.ocean is allowlisted but not present.
06-08 15:43:34.761 W/UserSystemPackageInstaller(  496): com.android.theme.color.space is allowlisted but not present.
06-08 15:43:34.761 W/UserSystemPackageInstaller(  496): com.android.theme.icon_pack.rounded.launcher is allowlisted but not present.
06-08 15:43:34.761 W/UserSystemPackageInstaller(  496): com.android.theme.icon_pack.kai.settings is allowlisted but not present.
06-08 15:43:34.761 W/UserSystemPackageInstaller(  496): com.android.theme.icon_pack.sam.settings is allowlisted but not present.
06-08 15:43:34.761 W/UserSystemPackageInstaller(  496): com.android.theme.icon_pack.kai.themepicker is allowlisted but not present.
06-08 15:43:34.761 W/UserSystemPackageInstaller(  496): com.android.theme.icon_pack.victor.launcher is allowlisted but not present.
06-08 15:43:34.761 W/UserSystemPackageInstaller(  496): com.android.theme.icon_pack.filled.settings is allowlisted but not present.
06-08 15:43:34.761 W/UserSystemPackageInstaller(  496): com.android.theme.icon_pack.kai.systemui is allowlisted but not present.
06-08 15:43:34.761 W/UserSystemPackageInstaller(  496): com.android.theme.icon_pack.circular.settings is allowlisted but not present.
06-08 15:43:34.761 W/UserSystemPackageInstaller(  496): com.android.theme.icon_pack.sam.systemui is allowlisted but not present.
06-08 15:43:34.761 W/UserSystemPackageInstaller(  496): com.android.theme.icon.teardrop is allowlisted but not present.
06-08 15:43:34.761 W/UserSystemPackageInstaller(  496): com.android.theme.icon_pack.rounded.themepicker is allowlisted but not present.
06-08 15:43:34.761 W/UserSystemPackageInstaller(  496): com.android.theme.icon_pack.filled.systemui is allowlisted but not present.
06-08 15:43:34.761 W/UserSystemPackageInstaller(  496): com.android.theme.icon_pack.sam.android is allowlisted but not present.
06-08 15:43:34.761 W/UserSystemPackageInstaller(  496): com.android.theme.icon_pack.filled.android is allowlisted but not present.
06-08 15:43:34.761 W/UserSystemPackageInstaller(  496): com.android.theme.icon_pack.circular.systemui is allowlisted but not present.
06-08 15:43:34.761 W/UserSystemPackageInstaller(  496): com.android.theme.icon_pack.kai.android is allowlisted but not present.
06-08 15:43:34.761 W/UserSystemPackageInstaller(  496): com.android.theme.icon_pack.kai.launcher is allowlisted but not present.
06-08 15:43:34.761 W/UserSystemPackageInstaller(  496): com.android.theme.icon_pack.sam.launcher is allowlisted but not present.
06-08 15:43:34.761 W/UserSystemPackageInstaller(  496): com.android.theme.icon.squircle is allowlisted but not present.
06-08 15:43:34.761 W/UserSystemPackageInstaller(  496): com.android.theme.icon_pack.victor.android is allowlisted but not present.
06-08 15:43:34.761 W/UserSystemPackageInstaller(  496): com.android.theme.color.palette is allowlisted but not present.
06-08 15:43:34.761 W/UserSystemPackageInstaller(  496): com.android.theme.icon_pack.filled.launcher is allowlisted but not present.
06-08 15:43:34.761 W/UserSystemPackageInstaller(  496): com.android.theme.color.carbon is allowlisted but not present.
06-08 15:43:34.761 W/UserSystemPackageInstaller(  496): com.android.theme.icon_pack.circular.launcher is allowlisted but not present.
06-08 15:43:34.761 W/UserSystemPackageInstaller(  496): com.android.theme.icon_pack.filled.themepicker is allowlisted but not present.
06-08 15:43:34.761 W/UserSystemPackageInstaller(  496): com.android.theme.icon_pack.victor.themepicker is allowlisted but not present.
06-08 15:43:34.761 W/UserSystemPackageInstaller(  496): com.android.theme.color.orchid is allowlisted but not present.
06-08 15:43:34.761 W/UserSystemPackageInstaller(  496): com.android.theme.color.purple is allowlisted but not present.
06-08 15:43:34.761 W/UserSystemPackageInstaller(  496): com.android.theme.icon_pack.sam.themepicker is allowlisted but not present.
06-08 15:43:34.761 W/UserSystemPackageInstaller(  496): com.android.wallpaperpicker is allowlisted but not present.
06-08 15:43:34.761 W/UserSystemPackageInstaller(  496): com.android.theme.icon.roundedrect is allowlisted but not present.
06-08 15:43:34.761 W/UserSystemPackageInstaller(  496): com.android.theme.icon_pack.rounded.settings is allowlisted but not present.
06-08 15:43:34.761 W/UserSystemPackageInstaller(  496): com.android.theme.icon_pack.circular.android is allowlisted but not present.
06-08 15:43:34.762 I/Watchdog(  496): Resuming HandlerChecker: main thread for reason: packagemanagermain. Pause count: 0
06-08 15:43:34.762 I/SystemServerDexLoadReporter(  496): Configuring system server dex reporter
06-08 15:43:34.764 D/SystemServerTiming(  496): StartOtaDexOptService
06-08 15:43:34.764 I/Watchdog(  496): Pausing HandlerChecker: main thread for reason: moveab. Pause count: 1
06-08 15:43:34.766 D/OTADexopt(  496): No upgrade, skipping A/B artifacts check.
06-08 15:43:34.766 I/Watchdog(  496): Resuming HandlerChecker: main thread for reason: moveab. Pause count: 0
06-08 15:43:34.766 D/SystemServerTiming(  496): StartUserManagerService
06-08 15:43:34.766 I/SystemServiceManager(  496): Starting com.android.server.pm.UserManagerService$LifeCycle
06-08 15:43:34.766 D/SystemServerTiming(  496): InitAttributerCache
06-08 15:43:34.766 D/SystemServerTiming(  496): SetSystemProcess
06-08 15:43:34.769 I/ActivityManager(  496): Connection with lmkd established
06-08 15:43:34.769 I/lowmemorykiller(  146): lmkd data connection established
06-08 15:43:34.770 D/CompatibilityChangeReporter(  496): Compat change id reported: 161145287; UID 1000; state: DISABLED
06-08 15:43:34.770 D/SystemServerTiming(  496): InitWatchdog
06-08 15:43:34.770 D/SystemServerTiming(  496): StartOverlayManagerService
06-08 15:43:34.778 I/ServiceManager(  386): Waiting for service 'package_native' on '/dev/binder' successful after waiting 2321ms
06-08 15:43:34.783 V/HistoricalRegistry(  496): Interaction before persistence initialized
06-08 15:43:34.784 W/idmap2d (  382): failed to parse idmap header of '/data/resource-cache/product@overlay@ManagedProvisioning__auto_generated_rro_product.apk@idmap'
06-08 15:43:34.784 V/HistoricalRegistry(  496): Interaction before persistence initialized
06-08 15:43:34.784 I/cameraserver(  381): Waiting for sensor privacy service
06-08 15:43:34.784 I/audioserver(  331): Waiting for sensor privacy service
06-08 15:43:34.792 W/idmap2d (  382): failed to find resource 'array/vendor_required_apps_managed_device'
06-08 15:43:34.792 W/idmap2d (  382): failed to find resource 'array/vendor_required_apps_managed_profile'
06-08 15:43:34.792 W/idmap2d (  382): failed to find resource 'array/vendor_required_apps_managed_user'
06-08 15:43:34.792 E/idmap2d (  382): no resources were overlaid
06-08 15:43:34.845 I/ServiceManager(  388): Waiting for service 'package_native' on '/dev/binder' successful after waiting 2420ms
06-08 15:43:34.847 I/storaged(  388): storaged: Start
06-08 15:43:34.919 W/idmap2d (  382): failed to parse idmap header of '/data/resource-cache/vendor@overlay@SystemUIGoogle__auto_generated_rro_vendor.apk@idmap'
06-08 15:43:34.983 W/idmap2d (  382): failed to find resource 'bool/config_show4GForLTE'
06-08 15:43:34.983 E/idmap2d (  382): no resources were overlaid
06-08 15:43:35.067 W/PackageManager(  496): Skipping preparing app data for com.google.android.sdksandbox
06-08 15:43:35.078 W/cutils  (  384): Expected path /data/user_de/0/com.google.android.gms with mode 700 but found 711
06-08 15:43:35.087 I/PackageManager(  496): Deferred reconcileAppsData finished 182 packages
06-08 15:43:35.153 D/SystemServerTiming(  496): StartResourcesManagerService
06-08 15:43:35.154 D/SystemServerTiming(  496): StartSensorPrivacyService
06-08 15:43:35.154 W/ActivityTaskManager(  496): Skip updateConfiguration because mWindowManager isn't set
06-08 15:43:35.157 D/SystemServerTiming(  496): StartSensorService
06-08 15:43:35.157 I/SystemServiceManager(  496): Starting com.android.server.sensors.SensorService
06-08 15:43:35.157 D/SystemServerTiming(  496): startCoreServices
06-08 15:43:35.157 D/SystemServerTiming(  496): StartSystemConfigService
06-08 15:43:35.157 I/SystemServiceManager(  496): Starting com.android.server.SystemConfigService
06-08 15:43:35.158 D/SystemServerTimingAsync(  496): InitThreadPoolExec:StartNativeSensorService
06-08 15:43:35.158 D/SystemServerTimingAsync(  496): StartNativeSensorService
06-08 15:43:35.158 D/SystemServerTiming(  496): StartBatteryService
06-08 15:43:35.158 I/SystemServiceManager(  496): Starting com.android.server.BatteryService
06-08 15:43:35.158 D/SensorService(  496): nuSensorService starting...
06-08 15:43:35.158 I/servicemanager(  147): Could not find android.hardware.sensors.ISensors/default in the VINTF manifest.
06-08 15:43:35.159 I/servicemanager(  147): Could not find android.hardware.health.IHealth/default in the VINTF manifest.
06-08 15:43:35.160 I/android_os_HwBinder(  496): HwBinder: Starting thread pool for getting: android.hardware.health@2.0::IHealth/default
06-08 15:43:35.162 W/SensorService(  496): Goldfish 3-axis Accelerometer's max range 39.299999237061 is not a multiple of the resolution 0.000248015887 - updated to 39.300102233887
06-08 15:43:35.162 I/SensorService(  496): Goldfish Ambient Temperature sensor's reported power 0.000000 invalid, clamped to 0.001000
06-08 15:43:35.162 W/SensorService(  496): Goldfish 3-axis Accelerometer Uncalibrated's max range 39.299999237061 is not a multiple of the resolution 0.000248015887 - updated to 39.300102233887
06-08 15:43:35.164 E/BluetoothAdapter(  496): Bluetooth service is null
06-08 15:43:35.165 W/KernelCpuProcStringReader(  496): File not found. It's normal if not implemented: /proc/uid_concurrent_policy_time
06-08 15:43:35.167 V/HistoricalRegistry(  496): Interaction before persistence initialized
06-08 15:43:35.169 D/SensorService(  496): nuSensorService thread starting...
06-08 15:43:35.169 I/android_os_HwBinder(  496): HwBinder: Starting thread pool for getting: android.hidl.manager@1.0::IServiceManager/default
06-08 15:43:35.169 I/HealthServiceWrapperHidl(  496): health: HealthServiceWrapper listening to instance default
06-08 15:43:35.169 I/BatteryService(  496): health: Waited 0ms and received the update.
06-08 15:43:35.170 D/SensorService(  496): new thread SensorEventAckReceiver
06-08 15:43:35.170 D/SystemServerTiming(  496): StartUsageService
06-08 15:43:35.170 I/SystemServiceManager(  496): Starting com.android.server.usage.UsageStatsService
06-08 15:43:35.171 I/android_os_HwBinder(  496): HwBinder: Starting thread pool for getting: android.hardware.health@2.0::IHealth/default
06-08 15:43:35.173 D/SystemServerTiming(  496): StartWebViewUpdateService
06-08 15:43:35.173 I/SystemServiceManager(  496): Starting com.android.server.webkit.WebViewUpdateService
06-08 15:43:35.173 D/SystemServerTiming(  496): StartCachedDeviceStateService
06-08 15:43:35.174 I/SystemServiceManager(  496): Starting com.android.server.CachedDeviceStateService
06-08 15:43:35.174 D/SystemServerTiming(  496): StartBinderCallsStatsService
06-08 15:43:35.174 I/SystemServiceManager(  496): Starting com.android.server.BinderCallsStatsService$LifeCycle
06-08 15:43:35.174 D/SystemServerTiming(  496): StartLooperStatsService
06-08 15:43:35.174 I/SystemServiceManager(  496): Starting com.android.server.LooperStatsService$Lifecycle
06-08 15:43:35.175 D/SystemServerTiming(  496): StartRollbackManagerService
06-08 15:43:35.175 I/SystemServiceManager(  496): Starting com.android.server.rollback.RollbackManagerService
06-08 15:43:35.175 D/installd(  384): Found quota mount /dev/block/dm-33 at /data
06-08 15:43:35.175 D/installd(  384): Found quota mount /dev/block/dm-33 at /data/user/0
06-08 15:43:35.175 W/AudioAnalytics(  386): onAudioServerStart: (key=audio.policy) AudioPolicy ctor, loadTimeMs:2714.718262
06-08 15:43:35.176 D/audioserver(  331): Do not init aaudio service, status 0, policy info size 1
06-08 15:43:35.176 I/PackageWatchdog(  496): Syncing state, reason: added new observer
06-08 15:43:35.176 I/PackageWatchdog(  496): Not pruning observers, elapsed time: 0ms
06-08 15:43:35.176 I/PackageWatchdog(  496): Cancelling state sync, nothing to sync
06-08 15:43:35.176 I/PackageWatchdog(  496): Saving observer state to file
06-08 15:43:35.177 I/HidlServiceManagement(  381): Registered android.frameworks.cameraservice.service@2.2::ICameraService/default
06-08 15:43:35.180 I/CameraService(  381): CameraService pinged cameraservice proxy
06-08 15:43:35.180 I/cameraserver(  381): ServiceManager: 0xb4000078a7a27350 done instantiate
06-08 15:43:35.180 W/CameraProviderManager(  381): addAidlProviderLocked: Camera provider HAL with name 'android.hardware.camera.provider.ICameraProvider/internal/0' already registered
06-08 15:43:35.182 D/SystemServerTiming(  496): StartNativeTombstoneManagerService
06-08 15:43:35.182 I/SystemServiceManager(  496): Starting com.android.server.os.NativeTombstoneManagerService
06-08 15:43:35.183 D/SystemServerTiming(  496): StartBugreportManagerService
06-08 15:43:35.183 I/SystemServiceManager(  496): Starting com.android.server.os.BugreportManagerService
06-08 15:43:35.183 D/SystemServerTiming(  496): GpuService
06-08 15:43:35.183 I/SystemServiceManager(  496): Starting com.android.server.gpu.GpuService
06-08 15:43:35.183 D/SystemServerTiming(  496): startOtherServices
06-08 15:43:35.183 D/SystemServerTiming(  496): StartKeyAttestationApplicationIdProviderService
06-08 15:43:35.183 D/SystemServerTiming(  496): StartKeyChainSystemService
06-08 15:43:35.183 I/SystemServiceManager(  496): Starting com.android.server.security.KeyChainSystemService
06-08 15:43:35.183 D/SystemServerTiming(  496): StartBinaryTransparencyService
06-08 15:43:35.183 I/SystemServiceManager(  496): Starting com.android.server.BinaryTransparencyService
06-08 15:43:35.183 D/SystemServerTimingAsync(  496): InitThreadPoolExec:SecondaryZygotePreload
06-08 15:43:35.183 I/SystemServer(  496): SecondaryZygotePreload
06-08 15:43:35.183 D/SystemServerTimingAsync(  496): SecondaryZygotePreload
06-08 15:43:35.184 I/TransparencyService(  496): Started BinaryTransparencyService
06-08 15:43:35.184 D/SystemServerTiming(  496): StartSchedulingPolicyService
06-08 15:43:35.184 D/SystemServerTiming(  496): StartTelecomLoaderService
06-08 15:43:35.184 I/SystemServiceManager(  496): Starting com.android.server.telecom.TelecomLoaderService
06-08 15:43:35.184 D/SystemServerTimingAsync(  496): InitThreadPoolExec:SchedulingPolicyService.<init>
06-08 15:43:35.185 D/SystemServerTiming(  496): StartTelephonyRegistry
06-08 15:43:35.185 I/SchedulingPolicyService(  496): Moving 398 back to group default
06-08 15:43:35.185 D/SystemServerTiming(  496): StartEntropyMixer
06-08 15:43:35.186 I/EntropyMixer(  496): Loaded existing seed file
06-08 15:43:35.188 I/EntropyMixer(  496): Updated seed file
06-08 15:43:35.188 D/SystemServerTiming(  496): StartAccountManagerService
06-08 15:43:35.188 I/SystemServiceManager(  496): Starting com.android.server.accounts.AccountManagerService$Lifecycle
06-08 15:43:35.189 D/CompatibilityChangeReporter(  496): Compat change id reported: 148180766; UID 1000; state: ENABLED
06-08 15:43:35.190 D/SystemServerTiming(  496): StartContentService
06-08 15:43:35.190 I/SystemServiceManager(  496): Starting com.android.server.content.ContentService$Lifecycle
06-08 15:43:35.191 D/SystemServerTiming(  496): InstallSystemProviders
06-08 15:43:35.196 D/nativeloader(  496): Configuring classloader-namespace-shared for other apk /system/priv-app/SettingsProvider/SettingsProvider.apk. target_sdk_version=33, uses_libraries=, library_path=/system/priv-app/SettingsProvider/lib/arm64:/system/priv-app/SettingsProvider/SettingsProvider.apk!/lib/arm64-v8a:/system/lib64:/system_ext/lib64, permitted_path=/data:/mnt/expand:/data/user_de/0/com.android.providers.settings:/system/priv-app/SettingsProvider:/system/lib64:/system_ext/lib64
06-08 15:43:35.204 W/SettingsState(  496): No settings state /data/system/users/0/settings_config.xml
06-08 15:43:35.211 D/ActivityManager(  496): Freezer enabled
06-08 15:43:35.211 D/ActivityManager(  496): freezer override set to false
06-08 15:43:35.211 D/SystemServerTiming(  496): UpdateWatchdogTimeout
06-08 15:43:35.211 I/Watchdog(  496): Watchdog timeout updated to 60000 millis
06-08 15:43:35.211 D/SystemServerTiming(  496): StartDropBoxManager
06-08 15:43:35.211 I/SystemServiceManager(  496): Starting com.android.server.DropBoxManagerService
06-08 15:43:35.211 D/SystemServerTiming(  496): StartRoleManagerService
06-08 15:43:35.212 I/SystemServiceManager(  496): Starting com.android.role.RoleService
06-08 15:43:35.213 D/SystemServerTiming(  496): StartVibratorManagerService
06-08 15:43:35.213 I/SystemServiceManager(  496): Starting com.android.server.vibrator.VibratorManagerService$Lifecycle
06-08 15:43:35.215 I/servicemanager(  147): Found android.hardware.vibrator.IVibratorManager/default in device VINTF manifest.
06-08 15:43:35.216 I/android.hardware.vibrator-service.example(  329): Vibrator manager reporting capabilities
06-08 15:43:35.217 I/android.hardware.vibrator-service.example(  329): Vibrator manager getting vibrator ids
06-08 15:43:35.217 I/android.hardware.vibrator-service.example(  329): Vibrator manager getting vibrator 1
06-08 15:43:35.223 I/android.hardware.vibrator-service.example(  329): Vibrator Manager cancel synced
06-08 15:43:35.224 I/android.hardware.vibrator-service.example(  329): Vibrator manager getting vibrator 1
06-08 15:43:35.226 D/SystemServerTiming(  496): StartDynamicSystemService
06-08 15:43:35.226 D/SystemServerTiming(  496): StartConsumerIrService
06-08 15:43:35.227 I/servicemanager(  147): Could not find android.hardware.ir.IConsumerIr/default in the VINTF manifest.
06-08 15:43:35.227 I/hwservicemanager(  148): getTransport: Cannot find entry android.hardware.ir@1.0::IConsumerIr/default in either framework or device VINTF manifest.
06-08 15:43:35.228 D/SystemServerTiming(  496): StartResourceEconomy
06-08 15:43:35.228 I/SystemServiceManager(  496): Starting com.android.server.tare.InternalResourceService
06-08 15:43:35.231 D/SystemServerTiming(  496): StartAlarmManagerService
06-08 15:43:35.232 I/SystemServiceManager(  496): Starting com.android.server.alarm.AlarmManagerService
06-08 15:43:35.233 D/AlarmManagerService(  496): Kernel timezone updated to -180 minutes west of GMT
06-08 15:43:35.233 D/CompatibilityChangeReporter(  496): Compat change id reported: 160794467; UID 1000; state: ENABLED
06-08 15:43:35.234 D/SystemServerTiming(  496): StartInputManagerService
06-08 15:43:35.236 I/InputManager(  496): Initializing input manager, mUseDevInputEventForAudioJack=true
06-08 15:43:35.236 D/SystemServerTiming(  496): DeviceStateManagerService
06-08 15:43:35.236 I/SystemServiceManager(  496): Starting com.android.server.devicestate.DeviceStateManagerService
06-08 15:43:35.237 I/ServiceManager(  290): Waiting for service 'statscompanion' on '/dev/binder'...
06-08 15:43:35.239 D/SystemServerTiming(  496): StartCameraServiceProxy
06-08 15:43:35.239 I/SystemServiceManager(  496): Starting com.android.server.camera.CameraServiceProxy
06-08 15:43:35.240 D/SystemServerTiming(  496): StartWindowManagerService
06-08 15:43:35.240 I/SystemServiceManager(  496): Starting phase 200
06-08 15:43:35.240 D/SystemServerTiming(  496): OnBootPhase_200
06-08 15:43:35.240 D/SystemServerTiming(  496): OnBootPhase_200_com.android.server.security.FileIntegrityService
06-08 15:43:35.241 D/SystemServerTiming(  496): OnBootPhase_200_com.android.server.pm.Installer
06-08 15:43:35.241 D/SystemServerTiming(  496): OnBootPhase_200_com.android.server.os.DeviceIdentifiersPolicyService
06-08 15:43:35.241 D/SystemServerTiming(  496): OnBootPhase_200_com.android.server.uri.UriGrantsManagerService$Lifecycle
06-08 15:43:35.241 D/SystemServerTiming(  496): OnBootPhase_200_com.android.server.powerstats.PowerStatsService
06-08 15:43:35.241 D/SystemServerTiming(  496): OnBootPhase_200_com.android.server.wm.ActivityTaskManagerService$Lifecycle
06-08 15:43:35.241 D/SystemServerTiming(  496): OnBootPhase_200_com.android.server.am.ActivityManagerService$Lifecycle
06-08 15:43:35.241 D/SystemServerTiming(  496): OnBootPhase_200_com.android.server.pm.DataLoaderManagerService
06-08 15:43:35.241 D/SystemServerTiming(  496): OnBootPhase_200_com.android.server.power.PowerManagerService
06-08 15:43:35.241 D/SystemServerTiming(  496): OnBootPhase_200_com.android.server.power.ThermalManagerService
06-08 15:43:35.241 D/SystemServerTiming(  496): OnBootPhase_200_com.android.server.power.hint.HintManagerService
06-08 15:43:35.241 D/SystemServerTiming(  496): OnBootPhase_200_com.android.server.recoverysystem.RecoverySystemService$Lifecycle
06-08 15:43:35.241 D/SystemServerTiming(  496): OnBootPhase_200_com.android.server.lights.LightsService
06-08 15:43:35.241 D/SystemServerTiming(  496): OnBootPhase_200_com.android.server.display.DisplayManagerService
06-08 15:43:35.241 D/SystemServerTiming(  496): OnBootPhase_200_com.android.server.pm.verify.domain.DomainVerificationService
06-08 15:43:35.241 D/SystemServerTiming(  496): OnBootPhase_200_com.android.server.pm.PackageInstallerService$Lifecycle
06-08 15:43:35.241 D/SystemServerTiming(  496): OnBootPhase_200_com.android.server.pm.UserManagerService$LifeCycle
06-08 15:43:35.241 D/SystemServerTiming(  496): OnBootPhase_200_com.android.server.om.OverlayManagerService
06-08 15:43:35.241 D/SystemServerTiming(  496): OnBootPhase_200_com.android.server.resources.ResourcesManagerService
06-08 15:43:35.241 D/SystemServerTiming(  496): OnBootPhase_200_com.android.server.sensorprivacy.SensorPrivacyService
06-08 15:43:35.241 D/SystemServerTiming(  496): OnBootPhase_200_com.android.server.sensors.SensorService
06-08 15:43:35.241 D/SystemServerTiming(  496): OnBootPhase_200_com.android.server.SystemConfigService
06-08 15:43:35.241 D/SystemServerTiming(  496): OnBootPhase_200_com.android.server.BatteryService
06-08 15:43:35.241 D/SystemServerTiming(  496): OnBootPhase_200_com.android.server.usage.UsageStatsService
06-08 15:43:35.241 D/SystemServerTiming(  496): OnBootPhase_200_com.android.server.webkit.WebViewUpdateService
06-08 15:43:35.241 D/SystemServerTiming(  496): OnBootPhase_200_com.android.server.CachedDeviceStateService
06-08 15:43:35.241 D/SystemServerTiming(  496): OnBootPhase_200_com.android.server.BinderCallsStatsService$LifeCycle
06-08 15:43:35.241 D/SystemServerTiming(  496): OnBootPhase_200_com.android.server.LooperStatsService$Lifecycle
06-08 15:43:35.241 D/SystemServerTiming(  496): OnBootPhase_200_com.android.server.rollback.RollbackManagerService
06-08 15:43:35.241 D/SystemServerTiming(  496): OnBootPhase_200_com.android.server.os.NativeTombstoneManagerService
06-08 15:43:35.241 D/SystemServerTiming(  496): OnBootPhase_200_com.android.server.os.BugreportManagerService
06-08 15:43:35.241 D/SystemServerTiming(  496): OnBootPhase_200_com.android.server.gpu.GpuService
06-08 15:43:35.241 D/SystemServerTiming(  496): OnBootPhase_200_com.android.server.security.KeyChainSystemService
06-08 15:43:35.241 D/SystemServerTiming(  496): OnBootPhase_200_com.android.server.BinaryTransparencyService
06-08 15:43:35.241 D/SystemServerTiming(  496): OnBootPhase_200_com.android.server.telecom.TelecomLoaderService
06-08 15:43:35.241 D/SystemServerTiming(  496): OnBootPhase_200_com.android.server.accounts.AccountManagerService$Lifecycle
06-08 15:43:35.241 D/SystemServerTiming(  496): OnBootPhase_200_com.android.server.content.ContentService$Lifecycle
06-08 15:43:35.241 D/SystemServerTiming(  496): OnBootPhase_200_com.android.server.DropBoxManagerService
06-08 15:43:35.241 D/SystemServerTiming(  496): OnBootPhase_200_com.android.role.RoleService
06-08 15:43:35.241 D/SystemServerTiming(  496): OnBootPhase_200_com.android.server.vibrator.VibratorManagerService$Lifecycle
06-08 15:43:35.241 D/SystemServerTiming(  496): OnBootPhase_200_com.android.server.tare.InternalResourceService
06-08 15:43:35.241 D/SystemServerTiming(  496): OnBootPhase_200_com.android.server.alarm.AlarmManagerService
06-08 15:43:35.241 D/SystemServerTiming(  496): OnBootPhase_200_com.android.server.devicestate.DeviceStateManagerService
06-08 15:43:35.241 D/SystemServerTiming(  496): OnBootPhase_200_com.android.server.camera.CameraServiceProxy
06-08 15:43:35.243 I/WindowManager(  496): No existing display settings, starting empty
06-08 15:43:35.246 I/WindowTracing(  496): Setting window tracing log level to 1
06-08 15:43:35.246 I/WindowTracing(  496): Setting window tracing buffer capacity to 10485760bytes
06-08 15:43:35.250 D/SystemServerTiming(  496): SetWindowManagerService
06-08 15:43:35.273 I/ActivityTaskManager(  496): Loaded persisted task ids for user 0
06-08 15:43:35.274 D/SystemServerTiming(  496): WindowManagerServiceOnInitReady
06-08 15:43:35.329 W/WindowManager(  496): Unable to add bookmark: com.google.android.talk/com.google.android.talk.SigningInActivity not found.
06-08 15:43:35.358 D/SystemServerTiming(  496): StartInputManager
06-08 15:43:35.358 I/InputManager(  496): Starting input manager
06-08 15:43:35.358 D/SystemServerTimingAsync(  496): InitThreadPoolExec:StartHidlServices
06-08 15:43:35.358 D/SystemServerTimingAsync(  496): StartHidlServices
06-08 15:43:35.359 I/InputManager(  496): Enabling motion classifier because just booted: feature enabled, long press timeout = 400
06-08 15:43:35.359 I/InputClassifier(  496): Enabling motion classifier
06-08 15:43:35.359 I/HidlServiceManagement(  496): Registered android.frameworks.sensorservice@1.0::ISensorManager/default
06-08 15:43:35.359 I/servicemanager(  147): Could not find android.hardware.input.processor.IInputProcessor/default in the VINTF manifest.
06-08 15:43:35.359 D/SystemServerTiming(  496): DisplayManagerWindowManagerAndInputReady
06-08 15:43:35.360 D/SystemServerTiming(  496): StartBluetoothService
06-08 15:43:35.360 I/InputClassifier(  496): HAL android.hardware.input.processor.IInputProcessor/default is not declared
06-08 15:43:35.360 I/HidlServiceManagement(  496): Registered android.frameworks.schedulerservice@1.0::ISchedulingPolicyService/default
06-08 15:43:35.365 I/SystemServiceManager(  496): Starting com.android.server.bluetooth.BluetoothService
06-08 15:43:35.365 I/EventHub(  496): usingClockIoctl=true
06-08 15:43:35.366 I/EventHub(  496): New device: id=1, fd=197, path='/dev/input/event12', name='qwerty2', classes=KEYBOARD | ALPHAKEY | DPAD, configuration='/vendor/usr/idc/qwerty2.idc', keyLayout='/vendor/usr/keylayout/qwerty.kl', keyCharacterMap='/system/usr/keychars/qwerty2.kcm', builtinKeyboard=true, 
06-08 15:43:35.367 I/EventHub(  496): usingClockIoctl=true
06-08 15:43:35.367 I/EventHub(  496): New device: id=2, fd=198, path='/dev/input/event11', name='virtio_input_multi_touch_11', classes=TOUCH | TOUCH_MT | SWITCH, configuration='/vendor/usr/idc/virtio_input_multi_touch_11.idc', keyLayout='', keyCharacterMap='', builtinKeyboard=false, 
06-08 15:43:35.367 I/EventHub(  496): usingClockIoctl=true
06-08 15:43:35.367 I/EventHub(  496): New device: id=3, fd=199, path='/dev/input/event10', name='virtio_input_multi_touch_10', classes=TOUCH | TOUCH_MT | SWITCH, configuration='/vendor/usr/idc/virtio_input_multi_touch_10.idc', keyLayout='', keyCharacterMap='', builtinKeyboard=false, 
06-08 15:43:35.368 D/BluetoothManagerService(  496): Loading stored name and address
06-08 15:43:35.368 D/BluetoothManagerService(  496): Stored bluetooth Name=sdk_gphone64_arm64,Address=BB:BB:BB:00:00:01
06-08 15:43:35.368 D/BluetoothManagerService(  496): Bluetooth persisted state: 1
06-08 15:43:35.368 D/BluetoothManagerService(  496): Startup: Bluetooth persisted state is ON.
06-08 15:43:35.368 D/BluetoothManagerService(  496): Detected SystemUiUid: 10157
06-08 15:43:35.368 D/SystemServerTiming(  496): IpConnectivityMetrics
06-08 15:43:35.368 I/SystemServiceManager(  496): Starting com.android.server.connectivity.IpConnectivityMetrics
06-08 15:43:35.368 I/EventHub(  496): usingClockIoctl=true
06-08 15:43:35.368 I/EventHub(  496): New device: id=4, fd=202, path='/dev/input/event9', name='virtio_input_multi_touch_9', classes=TOUCH | TOUCH_MT | SWITCH, configuration='/vendor/usr/idc/virtio_input_multi_touch_9.idc', keyLayout='', keyCharacterMap='', builtinKeyboard=false, 
06-08 15:43:35.368 D/SystemServerTiming(  496): NetworkWatchlistService
06-08 15:43:35.368 I/SystemServiceManager(  496): Starting com.android.server.net.watchlist.NetworkWatchlistService$Lifecycle
06-08 15:43:35.369 I/EventHub(  496): usingClockIoctl=true
06-08 15:43:35.369 I/EventHub(  496): New device: id=5, fd=203, path='/dev/input/event8', name='virtio_input_multi_touch_8', classes=TOUCH | TOUCH_MT | SWITCH, configuration='/vendor/usr/idc/virtio_input_multi_touch_8.idc', keyLayout='', keyCharacterMap='', builtinKeyboard=false, 
06-08 15:43:35.370 I/EventHub(  496): usingClockIoctl=true
06-08 15:43:35.370 I/EventHub(  496): New device: id=6, fd=204, path='/dev/input/event7', name='virtio_input_multi_touch_7', classes=TOUCH | TOUCH_MT | SWITCH, configuration='/vendor/usr/idc/virtio_input_multi_touch_7.idc', keyLayout='', keyCharacterMap='', builtinKeyboard=false, 
06-08 15:43:35.371 I/EventHub(  496): usingClockIoctl=true
06-08 15:43:35.371 I/EventHub(  496): New device: id=7, fd=205, path='/dev/input/event6', name='virtio_input_multi_touch_6', classes=TOUCH | TOUCH_MT | SWITCH, configuration='/vendor/usr/idc/virtio_input_multi_touch_6.idc', keyLayout='', keyCharacterMap='', builtinKeyboard=false, 
06-08 15:43:35.371 I/WatchlistSettings(  496): Reload watchlist settings done
06-08 15:43:35.371 I/EventHub(  496): usingClockIoctl=true
06-08 15:43:35.371 I/EventHub(  496): New device: id=8, fd=209, path='/dev/input/event5', name='virtio_input_multi_touch_5', classes=TOUCH | TOUCH_MT | SWITCH, configuration='/vendor/usr/idc/virtio_input_multi_touch_5.idc', keyLayout='', keyCharacterMap='', builtinKeyboard=false, 
06-08 15:43:35.371 D/SystemServerTiming(  496): PinnerService
06-08 15:43:35.371 I/SystemServiceManager(  496): Starting com.android.server.PinnerService
06-08 15:43:35.371 V/HistoricalRegistry(  496): Interaction before persistence initialized
06-08 15:43:35.372 D/SystemServerTiming(  496): SignedConfigService
06-08 15:43:35.372 D/SystemServerTiming(  496): AppIntegrityService
06-08 15:43:35.372 I/SystemServiceManager(  496): Starting com.android.server.integrity.AppIntegrityManagerService
06-08 15:43:35.372 I/EventHub(  496): usingClockIoctl=true
06-08 15:43:35.372 I/EventHub(  496): New device: id=9, fd=208, path='/dev/input/event4', name='virtio_input_multi_touch_4', classes=TOUCH | TOUCH_MT | SWITCH, configuration='/vendor/usr/idc/virtio_input_multi_touch_4.idc', keyLayout='', keyCharacterMap='', builtinKeyboard=false, 
06-08 15:43:35.372 I/WatchlistLoggingHandler(  496): No need to aggregate record yet.
06-08 15:43:35.372 I/WatchlistLoggingHandler(  496): Milliseconds spent on tryAggregateRecords(): 1
06-08 15:43:35.373 E/IntegrityFileManager(  496): Error creating staging and rules directory
06-08 15:43:35.373 I/EventHub(  496): usingClockIoctl=true
06-08 15:43:35.373 I/EventHub(  496): New device: id=10, fd=210, path='/dev/input/event3', name='virtio_input_multi_touch_3', classes=TOUCH | TOUCH_MT | SWITCH, configuration='/vendor/usr/idc/virtio_input_multi_touch_3.idc', keyLayout='', keyCharacterMap='', builtinKeyboard=false, 
06-08 15:43:35.374 I/EventHub(  496): usingClockIoctl=true
06-08 15:43:35.374 I/EventHub(  496): New device: id=11, fd=211, path='/dev/input/event2', name='virtio_input_multi_touch_2', classes=TOUCH | TOUCH_MT | SWITCH, configuration='/vendor/usr/idc/virtio_input_multi_touch_2.idc', keyLayout='', keyCharacterMap='', builtinKeyboard=false, 
06-08 15:43:35.375 I/EventHub(  496): usingClockIoctl=true
06-08 15:43:35.375 I/EventHub(  496): New device: id=12, fd=215, path='/dev/input/event1', name='virtio_input_multi_touch_1', classes=TOUCH | TOUCH_MT | SWITCH, configuration='/vendor/usr/idc/virtio_input_multi_touch_1.idc', keyLayout='', keyCharacterMap='', builtinKeyboard=false, 
06-08 15:43:35.375 D/EventHub(  496): No input device configuration file found for device 'gpio-keys'.
06-08 15:43:35.376 D/SystemServerTiming(  496): StartLogcatManager
06-08 15:43:35.376 I/SystemServiceManager(  496): Starting com.android.server.logcat.LogcatManagerService
06-08 15:43:35.377 W/EventHub(  496): Unable to disable kernel key repeat for /dev/input/event0: Function not implemented
06-08 15:43:35.377 I/EventHub(  496): usingClockIoctl=true
06-08 15:43:35.377 I/EventHub(  496): New device: id=13, fd=216, path='/dev/input/event0', name='gpio-keys', classes=KEYBOARD, configuration='', keyLayout='/system/usr/keylayout/Generic.kl', keyCharacterMap='/system/usr/keychars/Generic.kcm', builtinKeyboard=false, 
06-08 15:43:35.378 I/InputReader(  496): Device added: id=-1, eventHubId=-1, name='Virtual', descriptor='a718a782d34bc767f4689c232d64d527998ea7fd',sources=KEYBOARD | DPAD
06-08 15:43:35.378 I/InputReader(  496): Device added: id=2, eventHubId=13, name='gpio-keys', descriptor='485d69228e24f5e46da1598745890b214130dbc4',sources=KEYBOARD
06-08 15:43:35.378 I/InputReader(  496): Touch device 'virtio_input_multi_touch_1' could not query the properties of its associated display.  The device will be inoperable until the display size becomes available.
06-08 15:43:35.378 I/InputReader(  496): Device added: id=3, eventHubId=12, name='virtio_input_multi_touch_1', descriptor='43db9dd6fa61939c1b516cd9522f0fe93926a00b',sources=TOUCHSCREEN | STYLUS
06-08 15:43:35.378 I/InputReader(  496): Touch device 'virtio_input_multi_touch_2' could not query the properties of its associated display.  The device will be inoperable until the display size becomes available.
06-08 15:43:35.378 I/InputReader(  496): Device added: id=4, eventHubId=11, name='virtio_input_multi_touch_2', descriptor='929d4636b8e04f50240a26561429a6e91c9eff9e',sources=TOUCHSCREEN | STYLUS
06-08 15:43:35.378 I/InputReader(  496): Touch device 'virtio_input_multi_touch_3' could not query the properties of its associated display.  The device will be inoperable until the display size becomes available.
06-08 15:43:35.378 I/InputReader(  496): Device added: id=5, eventHubId=10, name='virtio_input_multi_touch_3', descriptor='d02b0eff93435c71d7fcb0c5db2c4e01c700002e',sources=TOUCHSCREEN | STYLUS
06-08 15:43:35.378 I/InputReader(  496): Touch device 'virtio_input_multi_touch_4' could not query the properties of its associated display.  The device will be inoperable until the display size becomes available.
06-08 15:43:35.378 I/InputReader(  496): Device added: id=6, eventHubId=9, name='virtio_input_multi_touch_4', descriptor='3e50b6575df319e017bd447766007caeb20ef93b',sources=TOUCHSCREEN | STYLUS
06-08 15:43:35.378 I/InputReader(  496): Touch device 'virtio_input_multi_touch_5' could not query the properties of its associated display.  The device will be inoperable until the display size becomes available.
06-08 15:43:35.378 I/InputReader(  496): Device added: id=7, eventHubId=8, name='virtio_input_multi_touch_5', descriptor='a009ac16f7539a9e4072c1f537120c35a8163d3b',sources=TOUCHSCREEN | STYLUS
06-08 15:43:35.378 I/InputReader(  496): Touch device 'virtio_input_multi_touch_6' could not query the properties of its associated display.  The device will be inoperable until the display size becomes available.
06-08 15:43:35.378 I/InputReader(  496): Device added: id=8, eventHubId=7, name='virtio_input_multi_touch_6', descriptor='0b49b597447c4c7be1d009f9a86bbed08b2e6b6d',sources=TOUCHSCREEN | STYLUS
06-08 15:43:35.378 I/InputReader(  496): Touch device 'virtio_input_multi_touch_7' could not query the properties of its associated display.  The device will be inoperable until the display size becomes available.
06-08 15:43:35.378 I/InputReader(  496): Device added: id=9, eventHubId=6, name='virtio_input_multi_touch_7', descriptor='e1c836c7be888adb29ca6646292e486f96461e97',sources=TOUCHSCREEN | STYLUS
06-08 15:43:35.378 I/InputReader(  496): Touch device 'virtio_input_multi_touch_8' could not query the properties of its associated display.  The device will be inoperable until the display size becomes available.
06-08 15:43:35.378 I/InputReader(  496): Device added: id=10, eventHubId=5, name='virtio_input_multi_touch_8', descriptor='df0ec362af5f2fec5a1bbb512f6e9556bd6b3fcf',sources=TOUCHSCREEN | STYLUS
06-08 15:43:35.378 I/InputReader(  496): Touch device 'virtio_input_multi_touch_9' could not query the properties of its associated display.  The device will be inoperable until the display size becomes available.
06-08 15:43:35.378 I/InputReader(  496): Device added: id=11, eventHubId=4, name='virtio_input_multi_touch_9', descriptor='ac8abc2b3d95a68148a903fffc0a312b4dd19302',sources=TOUCHSCREEN | STYLUS
06-08 15:43:35.378 I/InputReader(  496): Touch device 'virtio_input_multi_touch_10' could not query the properties of its associated display.  The device will be inoperable until the display size becomes available.
06-08 15:43:35.378 I/InputReader(  496): Device added: id=12, eventHubId=3, name='virtio_input_multi_touch_10', descriptor='03d5168c37d991df1726df002537cd6ccc5b68cb',sources=TOUCHSCREEN | STYLUS
06-08 15:43:35.378 I/InputReader(  496): Touch device 'virtio_input_multi_touch_11' could not query the properties of its associated display.  The device will be inoperable until the display size becomes available.
06-08 15:43:35.378 I/InputReader(  496): Device added: id=13, eventHubId=2, name='virtio_input_multi_touch_11', descriptor='e760666b71e579617395a5018f318365e9f44147',sources=TOUCHSCREEN | STYLUS
06-08 15:43:35.378 I/InputReader(  496): Device added: id=0, eventHubId=0, name='qwerty2', descriptor='e9ac6dde47cf0ffa91b87f7b85e6f8de0933fc98',sources=KEYBOARD | DPAD
06-08 15:43:35.379 I/WindowManager(  496): SAFE MODE not enabled
06-08 15:43:35.379 D/SystemServerTiming(  496): StartInputMethodManagerLifecycle
06-08 15:43:35.379 I/SystemServiceManager(  496): Starting com.android.server.inputmethod.InputMethodManagerService$Lifecycle
06-08 15:43:35.381 D/SystemServerTiming(  496): StartAccessibilityManagerService
06-08 15:43:35.381 I/SystemServiceManager(  496): Starting com.android.server.accessibility.AccessibilityManagerService$Lifecycle
06-08 15:43:35.382 D/SystemServerTiming(  496): MakeDisplayReady
06-08 15:43:35.384 I/ActivityTaskManager(  496): Config changes=20005df8 {1.0 ?mcc?mnc [en_US] ldltr sw411dp w411dp h914dp 420dpi nrml long port ?uimode ?night -touch qwerty/v/v dpad/v winConfig={ mBounds=Rect(0, 0 - 1080, 2400) mAppBounds=Rect(0, 0 - 1080, 2400) mMaxBounds=Rect(0, 0 - 1080, 2400) mDisplayRotation=ROTATION_0 mWindowingMode=fullscreen mDisplayWindowingMode=fullscreen mActivityType=undefined mAlwaysOnTop=undefined mRotation=ROTATION_0} s.2 ?fontWeightAdjustment}
06-08 15:43:35.384 I/WindowManager(  496): Override config changes=60007dfc {1.0 ?mcc?mnc [en_US] ldltr sw411dp w411dp h914dp 420dpi nrml long port ?uimode ?night -touch qwerty/v/v dpad/v winConfig={ mBounds=Rect(0, 0 - 1080, 2400) mAppBounds=Rect(0, 0 - 1080, 2400) mMaxBounds=Rect(0, 0 - 1080, 2400) mDisplayRotation=ROTATION_0 mWindowingMode=fullscreen mDisplayWindowingMode=fullscreen mActivityType=undefined mAlwaysOnTop=undefined mRotation=ROTATION_0} s.2 ?fontWeightAdjustment} for displayId=0
06-08 15:43:35.385 I/DisplayDevice(  496): [0] Layerstack set to 0 for local:4619827259835644672
06-08 15:43:35.386 I/ActivityTaskManager(  496): Config changes=8 {1.0 ?mcc?mnc [en_US] ldltr sw411dp w411dp h914dp 420dpi nrml long port ?uimode ?night finger qwerty/v/v dpad/v winConfig={ mBounds=Rect(0, 0 - 1080, 2400) mAppBounds=Rect(0, 0 - 1080, 2400) mMaxBounds=Rect(0, 0 - 1080, 2400) mDisplayRotation=ROTATION_0 mWindowingMode=fullscreen mDisplayWindowingMode=fullscreen mActivityType=undefined mAlwaysOnTop=undefined mRotation=ROTATION_0} s.4 ?fontWeightAdjustment}
06-08 15:43:35.386 I/WindowManager(  496): Override config changes=8 {1.0 ?mcc?mnc [en_US] ldltr sw411dp w411dp h914dp 420dpi nrml long port ?uimode ?night finger qwerty/v/v dpad/v winConfig={ mBounds=Rect(0, 0 - 1080, 2400) mAppBounds=Rect(0, 0 - 1080, 2400) mMaxBounds=Rect(0, 0 - 1080, 2400) mDisplayRotation=ROTATION_0 mWindowingMode=fullscreen mDisplayWindowingMode=fullscreen mActivityType=undefined mAlwaysOnTop=undefined mRotation=ROTATION_0} s.4 ?fontWeightAdjustment} for displayId=0
06-08 15:43:35.386 D/SystemServerTiming(  496): StartStorageManagerService
06-08 15:43:35.386 I/SystemServiceManager(  496): Starting com.android.server.StorageManagerService$Lifecycle
06-08 15:43:35.388 D/installd(  384): Found quota mount /dev/block/dm-33 at /data
06-08 15:43:35.388 D/installd(  384): Found quota mount /dev/block/dm-33 at /data/user/0
06-08 15:43:35.391 D/StorageManagerService(  496): Thinking about init, mBootCompleted=false, mDaemonConnected=true
06-08 15:43:35.391 D/StorageManagerService(  496): Thinking about reset, mBootCompleted=false, mDaemonConnected=true
06-08 15:43:35.392 D/SystemServerTiming(  496): StartStorageStatsService
06-08 15:43:35.392 I/SystemServiceManager(  496): Starting com.android.server.usage.StorageStatsService$Lifecycle
06-08 15:43:35.392 D/StorageManagerService(  496): Thinking about init, mBootCompleted=false, mDaemonConnected=true
06-08 15:43:35.392 D/StorageManagerService(  496): Thinking about reset, mBootCompleted=false, mDaemonConnected=true
06-08 15:43:35.393 D/installd(  384): Found quota mount /dev/block/dm-33 at /data
06-08 15:43:35.393 D/installd(  384): Found quota mount /dev/block/dm-33 at /data/user/0
06-08 15:43:35.394 D/installd(  384): Found quota mount /dev/block/dm-33 at /data
06-08 15:43:35.394 D/installd(  384): Found quota mount /dev/block/dm-33 at /data/user/0
06-08 15:43:35.395 D/SystemServerTiming(  496): StartUiModeManager
06-08 15:43:35.395 I/SystemServiceManager(  496): Starting com.android.server.UiModeManagerService
06-08 15:43:35.395 D/SystemServerTimingAsync(  496): InitThreadPoolExec:UiModeManager.onStart
06-08 15:43:35.395 D/SystemServerTiming(  496): StartLocaleManagerService
06-08 15:43:35.395 I/SystemServiceManager(  496): Starting com.android.server.locales.LocaleManagerService
06-08 15:43:35.397 D/SystemServerTiming(  496): UpdatePackagesIfNeeded
06-08 15:43:35.397 I/Watchdog(  496): Pausing HandlerChecker: main thread for reason: dexopt. Pause count: 1
06-08 15:43:35.397 I/Watchdog(  496): Resuming HandlerChecker: main thread for reason: dexopt. Pause count: 0
06-08 15:43:35.397 D/SystemServerTiming(  496): PerformFstrimIfNeeded
06-08 15:43:35.397 D/SystemServerTiming(  496): StartLockSettingsService
06-08 15:43:35.397 I/SystemServiceManager(  496): Starting com.android.server.locksettings.LockSettingsService$Lifecycle
06-08 15:43:35.408 D/SystemServerTiming(  496): StartTestHarnessMode
06-08 15:43:35.408 I/SystemServiceManager(  496): Starting com.android.server.testharness.TestHarnessModeService
06-08 15:43:35.409 I/hwservicemanager(  148): getTransport: Cannot find entry android.hardware.oemlock@1.0::IOemLock/default in either framework or device VINTF manifest.
06-08 15:43:35.409 I/OemLock (  496): OemLock HAL not present on device
06-08 15:43:35.409 D/SystemServerTiming(  496): StartDeviceIdleController
06-08 15:43:35.409 I/SystemServiceManager(  496): Starting com.android.server.DeviceIdleController
06-08 15:43:35.410 D/SystemServerTiming(  496): StartDevicePolicyManager
06-08 15:43:35.410 I/SystemServiceManager(  496): Starting com.android.server.devicepolicy.DevicePolicyManagerService$Lifecycle
06-08 15:43:35.415 I/DevicePolicyManager(  496): Current version 3, latest version 3, not upgrading.
06-08 15:43:35.416 I/DevicePolicyManager(  496): Set ro.organization_owned property to false
06-08 15:43:35.417 D/DevicePolicyManagerService(  496): /data/system/updated_resources.xml doesn't exist
06-08 15:43:35.417 I/InputManager-JNI(  496): Viewport [0] to add: local:4619827259835644672, isActive: false
06-08 15:43:35.417 I/InputReader(  496): Reconfiguring input devices, changes=DISPLAY_INFO | 
