06-08 15:43:35.947 D/SystemServerTiming(  496): OnBootPhase_520_com.android.server.NetworkStatsServiceInitializer
06-08 15:43:35.947 D/SystemServerTiming(  496): OnBootPhase_520_com.android.server.wifi.WifiService
06-08 15:43:35.947 D/SystemServerTiming(  496): OnBootPhase_520_com.android.server.wifi.scanner.WifiScanningService
06-08 15:43:35.947 D/SystemServerTiming(  496): OnBootPhase_520_com.android.server.wifi.p2p.WifiP2pService
06-08 15:43:35.947 D/SystemServerTiming(  496): OnBootPhase_520_com.android.server.ConnectivityServiceInitializer
06-08 15:43:35.947 D/SystemServerTiming(  496): OnBootPhase_520_com.android.server.notification.NotificationManagerService
06-08 15:43:35.947 D/SystemServerTiming(  496): OnBootPhase_520_com.android.server.storage.DeviceStorageMonitorService
06-08 15:43:35.947 D/SystemServerTiming(  496): OnBootPhase_520_com.android.server.location.LocationManagerService$Lifecycle
06-08 15:43:35.947 D/SystemServerTiming(  496): OnBootPhase_520_com.android.server.timedetector.TimeDetectorService$Lifecycle
06-08 15:43:35.947 D/SystemServerTiming(  496): OnBootPhase_520_com.android.server.timezonedetector.TimeZoneDetectorService$Lifecycle
06-08 15:43:35.947 D/SystemServerTiming(  496): OnBootPhase_520_com.android.server.timezonedetector.location.LocationTimeZoneManagerService$Lifecycle
06-08 15:43:35.947 D/SystemServerTiming(  496): OnBootPhase_520_com.android.server.search.SearchManagerService$Lifecycle
06-08 15:43:35.947 D/SystemServerTiming(  496): OnBootPhase_520_com.android.server.wallpaper.WallpaperManagerService$Lifecycle
06-08 15:43:35.947 D/SystemServerTiming(  496): OnBootPhase_520_com.android.server.wallpapereffectsgeneration.WallpaperEffectsGenerationManagerService
06-08 15:43:35.947 D/SystemServerTiming(  496): OnBootPhase_520_com.android.server.audio.AudioService$Lifecycle
06-08 15:43:35.947 D/SystemServerTiming(  496): OnBootPhase_520_com.android.server.soundtrigger_middleware.SoundTriggerMiddlewareService$Lifecycle
06-08 15:43:35.947 D/SystemServerTiming(  496): OnBootPhase_520_com.android.server.DockObserver
06-08 15:43:35.947 D/SystemServerTiming(  496): OnBootPhase_520_com.android.server.midi.MidiService$Lifecycle
06-08 15:43:35.947 D/SystemServerTiming(  496): OnBootPhase_520_com.android.server.adb.AdbService$Lifecycle
06-08 15:43:35.947 D/SystemServerTiming(  496): OnBootPhase_520_com.android.server.usb.UsbService$Lifecycle
06-08 15:43:35.947 D/SystemServerTiming(  496): OnBootPhase_520_com.android.server.twilight.TwilightService
06-08 15:43:35.947 D/SystemServerTiming(  496): OnBootPhase_520_com.android.server.display.color.ColorDisplayService
06-08 15:43:35.947 D/SystemServerTiming(  496): OnBootPhase_520_com.android.server.job.JobSchedulerService
06-08 15:43:35.947 D/SystemServerTiming(  496): OnBootPhase_520_com.android.server.soundtrigger.SoundTriggerService
06-08 15:43:35.947 D/SoundTriggerService(  496): onBootPhase: 520 : false
06-08 15:43:35.947 D/SystemServerTiming(  496): OnBootPhase_520_com.android.server.trust.TrustManagerService
06-08 15:43:35.947 D/SystemServerTiming(  496): OnBootPhase_520_com.android.server.backup.BackupManagerService$Lifecycle
06-08 15:43:35.947 D/SystemServerTiming(  496): OnBootPhase_520_com.android.server.appwidget.AppWidgetService
06-08 15:43:35.947 D/SystemServerTiming(  496): OnBootPhase_520_com.android.server.voiceinteraction.VoiceInteractionManagerService
06-08 15:43:35.947 D/SystemServerTiming(  496): OnBootPhase_520_com.android.server.apphibernation.AppHibernationService
06-08 15:43:35.947 D/SystemServerTiming(  496): OnBootPhase_520_com.android.server.GestureLauncherService
06-08 15:43:35.947 D/SystemServerTiming(  496): OnBootPhase_520_com.android.server.SensorNotificationService
06-08 15:43:35.947 D/SystemServerTiming(  496): OnBootPhase_520_com.android.server.emergency.EmergencyAffordanceService
06-08 15:43:35.947 D/SystemServerTiming(  496): OnBootPhase_520_com.android.server.blob.BlobStoreManagerService
06-08 15:43:35.947 D/SystemServerTiming(  496): OnBootPhase_520_com.android.server.dreams.DreamManagerService
06-08 15:43:35.947 D/SystemServerTiming(  496): OnBootPhase_520_com.android.server.print.PrintManagerService
06-08 15:43:35.947 D/SystemServerTiming(  496): OnBootPhase_520_com.android.server.security.AttestationVerificationManagerService
06-08 15:43:35.947 D/SystemServerTiming(  496): OnBootPhase_520_com.android.server.companion.CompanionDeviceManagerService
06-08 15:43:35.947 D/SystemServerTiming(  496): OnBootPhase_520_com.android.server.companion.virtual.VirtualDeviceManagerService
06-08 15:43:35.947 D/SystemServerTiming(  496): OnBootPhase_520_com.android.server.restrictions.RestrictionsManagerService
06-08 15:43:35.947 I/wificond(  391): createClientInterface: wiphy_index 1 iface_name wlan0
06-08 15:43:35.947 D/SystemServerTiming(  496): OnBootPhase_520_com.android.server.media.MediaSessionService
06-08 15:43:35.947 D/SystemServerTiming(  496): OnBootPhase_520_com.android.server.media.MediaResourceMonitorService
06-08 15:43:35.947 D/SystemServerTiming(  496): OnBootPhase_520_com.android.server.biometrics.sensors.fingerprint.FingerprintService
06-08 15:43:35.947 D/SystemServerTiming(  496): OnBootPhase_520_com.android.server.biometrics.BiometricService
06-08 15:43:35.947 D/SystemServerTiming(  496): OnBootPhase_520_com.android.server.biometrics.AuthService
06-08 15:43:35.947 D/SystemServerTiming(  496): OnBootPhase_520_com.android.server.pm.ShortcutService$Lifecycle
06-08 15:43:35.947 D/SystemServerTiming(  496): OnBootPhase_520_com.android.server.pm.LauncherAppsService
06-08 15:43:35.947 D/SystemServerTiming(  496): OnBootPhase_520_com.android.server.pm.CrossProfileAppsService
06-08 15:43:35.947 D/SystemServerTiming(  496): OnBootPhase_520_com.android.server.people.PeopleService
06-08 15:43:35.947 D/SystemServerTiming(  496): OnBootPhase_520_com.android.server.media.metrics.MediaMetricsManagerService
06-08 15:43:35.947 D/SystemServerTiming(  496): OnBootPhase_520_com.android.server.media.projection.MediaProjectionManagerService
06-08 15:43:35.947 D/SystemServerTiming(  496): OnBootPhase_520_com.android.server.slice.SliceManagerService$Lifecycle
06-08 15:43:35.947 D/SystemServerTiming(  496): OnBootPhase_520_com.android.server.stats.StatsCompanion$Lifecycle
06-08 15:43:35.947 D/SystemServerTiming(  496): OnBootPhase_520_com.android.server.scheduling.RebootReadinessManagerService$Lifecycle
06-08 15:43:35.947 D/SystemServerTiming(  496): OnBootPhase_520_com.android.server.stats.pull.StatsPullAtomService
06-08 15:43:35.947 D/SystemServerTiming(  496): OnBootPhase_520_com.android.server.stats.bootstrap.StatsBootstrapAtomService$Lifecycle
06-08 15:43:35.947 D/SystemServerTiming(  496): OnBootPhase_520_com.android.server.incident.IncidentCompanionService
06-08 15:43:35.947 D/SystemServerTiming(  496): OnBootPhase_520_com.android.server.sdksandbox.SdkSandboxManagerService$Lifecycle
06-08 15:43:35.947 D/SystemServerTiming(  496): OnBootPhase_520_com.android.server.adservices.AdServicesManagerService$Lifecycle
06-08 15:43:35.947 D/SystemServerTiming(  496): OnBootPhase_520_com.android.server.MmsServiceBroker
06-08 15:43:35.947 D/SystemServerTiming(  496): OnBootPhase_520_com.android.server.autofill.AutofillManagerService
06-08 15:43:35.947 D/SystemServerTiming(  496): OnBootPhase_520_com.android.server.translation.TranslationManagerService
06-08 15:43:35.947 D/SystemServerTiming(  496): OnBootPhase_520_com.android.server.clipboard.ClipboardService
06-08 15:43:35.947 D/SystemServerTiming(  496): OnBootPhase_520_com.android.server.appbinding.AppBindingService$Lifecycle
06-08 15:43:35.947 D/SystemServerTiming(  496): OnBootPhase_520_com.android.server.tracing.TracingServiceProxy
06-08 15:43:35.947 D/SystemServerTiming(  496): OnBootPhase_520_com.android.server.policy.PermissionPolicyService
06-08 15:43:35.947 D/SystemServerTiming(  496): OnBootPhase_520_com.android.server.pm.StagingManager$Lifecycle
06-08 15:43:35.947 D/SystemServerTiming(  496): OnBootPhase_520_com.android.server.app.GameManagerService$Lifecycle
06-08 15:43:35.947 D/SystemServerTiming(  496): StartSafetyCenterService
06-08 15:43:35.947 I/SystemServiceManager(  496): Starting com.android.safetycenter.SafetyCenterService
06-08 15:43:35.948 I/wificond(  391): create scanner for interface with index: 16
06-08 15:43:35.948 I/wificond(  391): subscribe scan result for interface with index: 16
06-08 15:43:35.948 I/wificond(  391): add channel type 0 support at wiphy index: 1
06-08 15:43:35.948 I/wificond(  391): add channel type 1 support at wiphy index: 1
06-08 15:43:35.949 I/SafetyCenterResContext(  496): Found Safety Center resources APK at: com.google.android.safetycenter.resources
06-08 15:43:35.950 I/WifiNative(  496): Interface state changed on Iface:{Name=wlan0,Id=0,Type=STA_SCAN}, isUp=true
06-08 15:43:35.951 I/WifiNative(  496): Successfully setup Iface:{Name=wlan0,Id=0,Type=STA_SCAN}
06-08 15:43:35.951 E/SupplicantStaIfaceHalAidlImpl(  496): Can't call getKeyMgmtCapabilities, ISupplicantStaIface is null for iface=wlan0
06-08 15:43:35.955 E/SupplicantStaIfaceHalAidlImpl(  496): Can't call getWpaDriverCapabilities, ISupplicantStaIface is null for iface=wlan0
06-08 15:43:35.956 E/WifiVendorHal(  496): lambda$getUsableChannels$24(l.0) failed {.code = ERROR_NOT_SUPPORTED, .description = }
06-08 15:43:35.957 I/SafetyCenterConfigReade(  496): SafetyCenterConfig read successfully
06-08 15:43:35.958 D/WifiClientModeManager[8609:wlan0](  496): entering StartedState
06-08 15:43:35.959 I/SafetyCenterIssuesPersi(  496): File not found: /data/misc/apexdata/com.android.permission/safety_center_issues.xml
06-08 15:43:35.959 I/SafetyCenterService(  496): Safety Center persisted issues read successfully
06-08 15:43:35.960 D/SystemServerTiming(  496): AppSearchModule
06-08 15:43:35.962 D/WifiConfigStore(  496): Writing to stores completed in 3 ms.
06-08 15:43:35.963 I/servicemanager(  147): Found android.hardware.wifi.supplicant.ISupplicant/default in device VINTF manifest.
06-08 15:43:35.963 I/SupplicantStaIfaceHalAidlImpl(  496): Clearing internal state
06-08 15:43:35.963 I/servicemanager(  147): Found android.hardware.wifi.supplicant.ISupplicant/default in device VINTF manifest.
06-08 15:43:35.963 I/servicemanager(  147): Since 'android.hardware.wifi.supplicant.ISupplicant/default' could not be found, trying to start it as a lazy AIDL service
06-08 15:43:35.964 I/system_server(  496): Waiting for a blocking GC ClassLinker
06-08 15:43:35.989 I/wpa_supplicant(  684): Processing aidl events on FD 3
06-08 15:43:35.989 I/wpa_supplicant(  684): Starting AIDL supplicant
06-08 15:43:35.990 I/servicemanager(  147): Found android.hardware.wifi.supplicant.ISupplicant/default in device VINTF manifest.
06-08 15:43:35.991 I/wpa_supplicant(  684): Successfully initialized wpa_supplicant
06-08 15:43:35.991 I/BpBinder(  147): onLastStrongRef automatically unlinking death recipients: <uncached descriptor>
06-08 15:43:35.991 I/SupplicantStaIfaceHalAidlImpl(  496): Obtained ISupplicant binder.
06-08 15:43:35.991 I/SupplicantStaIfaceHalAidlImpl(  496): Local Version: 1
06-08 15:43:35.993 I/wpa_supplicant(  684): rfkill: Cannot open RFKILL control device
06-08 15:43:35.994 I/system_server(  496): WaitForGcToComplete blocked ClassLinker on Background for 29.750ms
06-08 15:43:35.996 I/SystemServiceManager(  496): Starting com.android.server.appsearch.AppSearchModule$Lifecycle
06-08 15:43:35.999 D/SystemServerTiming(  496): StartMediaCommunicationService
06-08 15:43:35.999 I/SystemServiceManager(  496): Starting com.android.server.media.MediaCommunicationService
06-08 15:43:35.999 D/SystemServerTiming(  496): AppCompatOverridesService
06-08 15:43:35.999 I/SystemServiceManager(  496): Starting com.android.server.compat.overrides.AppCompatOverridesService$Lifecycle
06-08 15:43:36.000 D/SystemServerTiming(  496): PhaseActivityManagerReady
06-08 15:43:36.000 D/SystemServerTiming(  496): controllersReady
06-08 15:43:36.001 D/SystemServerTimingAsync(  496): InitThreadPoolExec:Update app-ops uidState in case package com.google.android.cellbroadcastreceiver changed
06-08 15:43:36.001 D/SystemServerTimingAsync(  496): InitThreadPoolExec:Update app-ops uidState in case package com.android.systemui changed
06-08 15:43:36.001 D/SystemServerTimingAsync(  496): InitThreadPoolExec:Update app-ops uidState in case package com.google.android.marvin.talkback changed
06-08 15:43:36.002 D/SystemServerTimingAsync(  496): InitThreadPoolExec:Update app-ops uidState in case package com.google.android.apps.youtube.music changed
06-08 15:43:36.002 D/SystemServerTimingAsync(  496): InitThreadPoolExec:Update app-ops uidState in case package com.google.android.deskclock changed
06-08 15:43:36.002 D/SystemServerTimingAsync(  496): InitThreadPoolExec:Update app-ops uidState in case package com.google.android.googlequicksearchbox changed
06-08 15:43:36.002 D/SystemServerTimingAsync(  496): InitThreadPoolExec:Update app-ops uidState in case package com.google.android.gms changed
06-08 15:43:36.002 D/SystemServerTimingAsync(  496): InitThreadPoolExec:Update app-ops uidState in case package com.google.android.setupwizard changed
06-08 15:43:36.002 D/SystemServerTimingAsync(  496): InitThreadPoolExec:Update app-ops uidState in case package com.google.android.dialer changed
06-08 15:43:36.002 D/SystemServerTimingAsync(  496): InitThreadPoolExec:Update app-ops uidState in case package com.google.android.projection.gearhead changed
06-08 15:43:36.002 D/SystemServerTimingAsync(  496): InitThreadPoolExec:Update app-ops uidState in case package com.google.android.apps.wellbeing changed
06-08 15:43:36.002 D/SystemServerTimingAsync(  496): InitThreadPoolExec:Update app-ops uidState in case package com.google.android.as changed
06-08 15:43:36.002 D/SystemServerTimingAsync(  496): InitThreadPoolExec:Update app-ops uidState in case package com.android.providers.contacts changed
06-08 15:43:36.002 D/SystemServerTimingAsync(  496): InitThreadPoolExec:Update app-ops uidState in case package com.android.cellbroadcastreceiver changed
06-08 15:43:36.002 D/SystemServerTimingAsync(  496): InitThreadPoolExec:Update app-ops uidState in case package com.google.android.networkstack.tethering changed
06-08 15:43:36.002 D/SystemServerTimingAsync(  496): InitThreadPoolExec:Update app-ops uidState in case package com.google.android.cellbroadcastservice changed
06-08 15:43:36.002 D/SystemServerTimingAsync(  496): InitThreadPoolExec:Update app-ops uidState in case package com.google.android.bluetooth changed
06-08 15:43:36.002 D/SystemServerTimingAsync(  496): InitThreadPoolExec:Update app-ops uidState in case package com.android.ons changed
06-08 15:43:36.002 D/SystemServerTimingAsync(  496): InitThreadPoolExec:Update app-ops uidState in case package com.android.phone changed
06-08 15:43:36.002 D/SystemServerTimingAsync(  496): InitThreadPoolExec:Update app-ops uidState in case package com.android.dynsystem changed
06-08 15:43:36.002 D/SystemServerTimingAsync(  496): InitThreadPoolExec:Update app-ops uidState in case package android changed
06-08 15:43:36.002 D/SystemServerTimingAsync(  496): InitThreadPoolExec:Update app-ops uidState in case package com.google.android.sdksetup changed
06-08 15:43:36.002 D/SystemServerTimingAsync(  496): InitThreadPoolExec:Update app-ops uidState in case package com.google.android.inputmethod.latin changed
06-08 15:43:36.007 D/SystemServerTiming(  496): killProcesses
06-08 15:43:36.007 I/ActivityManager(  496): System now ready
06-08 15:43:36.007 D/SystemServerTiming(  496): updateTopComponentForFactoryTest
06-08 15:43:36.007 D/SystemServerTiming(  496): registerActivityLaunchObserver
06-08 15:43:36.007 D/SystemServerTiming(  496): watchDeviceProvisioning
06-08 15:43:36.010 D/SystemServerTiming(  496): retrieveSettings
06-08 15:43:36.010 I/ActivityTaskManager(  496): Config changes=10000000 {1.0 ?mcc?mnc [en_US] ldltr sw411dp w411dp h914dp 420dpi nrml long port finger qwerty/v/v dpad/v winConfig={ mBounds=Rect(0, 0 - 1080, 2400) mAppBounds=Rect(0, 0 - 1080, 2400) mMaxBounds=Rect(0, 0 - 1080, 2400) mDisplayRotation=ROTATION_0 mWindowingMode=fullscreen mDisplayWindowingMode=fullscreen mActivityType=undefined mAlwaysOnTop=undefined mRotation=ROTATION_0} s.8 fontWeightAdjustment=0}
06-08 15:43:36.011 I/WindowManager(  496): Override config changes=10000000 {1.0 ?mcc?mnc [en_US] ldltr sw411dp w411dp h914dp 420dpi nrml long port finger qwerty/v/v dpad/v winConfig={ mBounds=Rect(0, 0 - 1080, 2400) mAppBounds=Rect(0, 0 - 1080, 2400) mMaxBounds=Rect(0, 0 - 1080, 2400) mDisplayRotation=ROTATION_0 mWindowingMode=fullscreen mDisplayWindowingMode=fullscreen mActivityType=undefined mAlwaysOnTop=undefined mRotation=ROTATION_0} s.8 fontWeightAdjustment=0} for displayId=0
06-08 15:43:36.013 D/SystemServerTiming(  496): Ugm.onSystemReady
06-08 15:43:36.013 D/SystemServerTiming(  496): updateForceBackgroundCheck
06-08 15:43:36.013 I/SystemServer(  496): Making services ready
06-08 15:43:36.013 D/SystemServerTiming(  496): StartActivityManagerReadyPhase
06-08 15:43:36.013 I/SystemServiceManager(  496): Starting phase 550
06-08 15:43:36.013 D/SystemServerTiming(  496): OnBootPhase_550
06-08 15:43:36.013 D/SystemServerTiming(  496): OnBootPhase_550_com.android.server.security.FileIntegrityService
06-08 15:43:36.013 D/SystemServerTiming(  496): OnBootPhase_550_com.android.server.pm.Installer
06-08 15:43:36.013 D/SystemServerTiming(  496): OnBootPhase_550_com.android.server.os.DeviceIdentifiersPolicyService
06-08 15:43:36.013 D/SystemServerTiming(  496): OnBootPhase_550_com.android.server.uri.UriGrantsManagerService$Lifecycle
06-08 15:43:36.013 D/SystemServerTiming(  496): OnBootPhase_550_com.android.server.powerstats.PowerStatsService
06-08 15:43:36.013 D/SystemServerTiming(  496): OnBootPhase_550_com.android.server.wm.ActivityTaskManagerService$Lifecycle
06-08 15:43:36.013 D/SystemServerTiming(  496): OnBootPhase_550_com.android.server.am.ActivityManagerService$Lifecycle
06-08 15:43:36.013 D/SystemServerTiming(  496): OnBootPhase_550_com.android.server.pm.DataLoaderManagerService
06-08 15:43:36.013 D/SystemServerTiming(  496): OnBootPhase_550_com.android.server.power.PowerManagerService
06-08 15:43:36.013 D/SystemServerTiming(  496): OnBootPhase_550_com.android.server.power.ThermalManagerService
06-08 15:43:36.014 I/android_os_HwBinder(  496): HwBinder: Starting thread pool for getting: android.hardware.thermal@2.0::IThermal/default
06-08 15:43:36.015 I/android.hardware.thermal@2.0-service-mock(  319): A callback has been registered to ThermalHAL, isFilter: 0 Type: CPU
06-08 15:43:36.015 I/ThermalHalWrapper(  496): Thermal HAL 2.0 service connected.
06-08 15:43:36.016 I/wpa_supplicant(  684): rfkill: Cannot get wiphy information
06-08 15:43:36.017 I/SupplicantStaIfaceHalAidlImpl(  496): Remote Version: 1
06-08 15:43:36.017 I/wpa_supplicant(  684): Iface already exists, return existing
06-08 15:43:36.018 D/SystemServerTiming(  496): OnBootPhase_550_com.android.server.power.hint.HintManagerService
06-08 15:43:36.018 D/SystemServerTiming(  496): OnBootPhase_550_com.android.server.recoverysystem.RecoverySystemService$Lifecycle
06-08 15:43:36.018 D/SystemServerTiming(  496): OnBootPhase_550_com.android.server.lights.LightsService
06-08 15:43:36.018 D/SystemServerTiming(  496): OnBootPhase_550_com.android.server.display.DisplayManagerService
06-08 15:43:36.018 D/SystemServerTiming(  496): OnBootPhase_550_com.android.server.pm.verify.domain.DomainVerificationService
06-08 15:43:36.018 D/SystemServerTiming(  496): OnBootPhase_550_com.android.server.pm.PackageInstallerService$Lifecycle
06-08 15:43:36.018 D/SystemServerTiming(  496): OnBootPhase_550_com.android.server.pm.UserManagerService$LifeCycle
06-08 15:43:36.018 D/SystemServerTiming(  496): OnBootPhase_550_com.android.server.om.OverlayManagerService
06-08 15:43:36.018 D/SystemServerTiming(  496): OnBootPhase_550_com.android.server.resources.ResourcesManagerService
06-08 15:43:36.018 D/SystemServerTiming(  496): OnBootPhase_550_com.android.server.sensorprivacy.SensorPrivacyService
06-08 15:43:36.018 D/SystemServerTiming(  496): OnBootPhase_550_com.android.server.sensors.SensorService
06-08 15:43:36.018 D/SystemServerTiming(  496): OnBootPhase_550_com.android.server.SystemConfigService
06-08 15:43:36.018 D/SystemServerTiming(  496): OnBootPhase_550_com.android.server.BatteryService
06-08 15:43:36.019 D/SystemServerTiming(  496): OnBootPhase_550_com.android.server.usage.UsageStatsService
06-08 15:43:36.019 D/SystemServerTiming(  496): OnBootPhase_550_com.android.server.webkit.WebViewUpdateService
06-08 15:43:36.019 D/SystemServerTiming(  496): OnBootPhase_550_com.android.server.CachedDeviceStateService
06-08 15:43:36.019 D/SystemServerTiming(  496): OnBootPhase_550_com.android.server.BinderCallsStatsService$LifeCycle
06-08 15:43:36.019 D/SystemServerTiming(  496): OnBootPhase_550_com.android.server.LooperStatsService$Lifecycle
06-08 15:43:36.019 D/SystemServerTiming(  496): OnBootPhase_550_com.android.server.rollback.RollbackManagerService
06-08 15:43:36.019 D/SystemServerTiming(  496): OnBootPhase_550_com.android.server.os.NativeTombstoneManagerService
06-08 15:43:36.019 D/SystemServerTiming(  496): OnBootPhase_550_com.android.server.os.BugreportManagerService
06-08 15:43:36.019 D/SystemServerTiming(  496): OnBootPhase_550_com.android.server.gpu.GpuService
06-08 15:43:36.019 D/SystemServerTiming(  496): OnBootPhase_550_com.android.server.security.KeyChainSystemService
06-08 15:43:36.019 D/SystemServerTiming(  496): OnBootPhase_550_com.android.server.BinaryTransparencyService
06-08 15:43:36.019 D/SystemServerTiming(  496): OnBootPhase_550_com.android.server.telecom.TelecomLoaderService
06-08 15:43:36.019 W/ActivityManager(  496): Too early to start/bind service in system_server: Phase=550 ComponentInfo{com.android.server.telecom/com.android.server.telecom.components.TelecomService}
06-08 15:43:36.020 D/CompatibilityChangeReporter(  496): Compat change id reported: 168419799; UID 1000; state: DISABLED
06-08 15:43:36.020 D/CompatibilityChangeReporter(  496): Compat change id reported: 273564678; UID 1000; state: DISABLED
06-08 15:43:36.020 W/ActivityManager(  496): Too early to start/bind service in system_server: Phase=550 ComponentInfo{com.android.server.telecom/com.android.server.telecom.components.TelecomService}
06-08 15:43:36.020 D/SystemServerTiming(  496): OnBootPhase_550_com.android.server.accounts.AccountManagerService$Lifecycle
06-08 15:43:36.020 D/SystemServerTiming(  496): OnBootPhase_550_com.android.server.content.ContentService$Lifecycle
06-08 15:43:36.021 I/SyncManager(  496): No initial accounts
06-08 15:43:36.021 E/WifiVendorHal(  496): lambda$getUsableChannels$24(l.0) failed {.code = ERROR_NOT_SUPPORTED, .description = }
06-08 15:43:36.023 D/SystemServerTiming(  496): OnBootPhase_550_com.android.server.DropBoxManagerService
06-08 15:43:36.023 D/SystemServerTiming(  496): OnBootPhase_550_com.android.role.RoleService
06-08 15:43:36.023 D/SystemServerTiming(  496): OnBootPhase_550_com.android.server.vibrator.VibratorManagerService$Lifecycle
06-08 15:43:36.023 D/SystemServerTiming(  496): OnBootPhase_550_com.android.server.tare.InternalResourceService
06-08 15:43:36.023 D/SystemServerTiming(  496): OnBootPhase_550_com.android.server.alarm.AlarmManagerService
06-08 15:43:36.023 D/SystemServerTiming(  496): OnBootPhase_550_com.android.server.devicestate.DeviceStateManagerService
06-08 15:43:36.023 D/SystemServerTiming(  496): OnBootPhase_550_com.android.server.camera.CameraServiceProxy
06-08 15:43:36.023 D/SystemServerTiming(  496): OnBootPhase_550_com.android.server.bluetooth.BluetoothService
06-08 15:43:36.023 D/SystemServerTiming(  496): OnBootPhase_550_com.android.server.connectivity.IpConnectivityMetrics
06-08 15:43:36.023 D/SystemServerTiming(  496): OnBootPhase_550_com.android.server.net.watchlist.NetworkWatchlistService$Lifecycle
06-08 15:43:36.023 I/WifiNative(  496): Successfully switched to connectivity mode on iface=Iface:{Name=wlan0,Id=0,Type=STA_CONNECTIVITY}
06-08 15:43:36.023 D/WifiClientModeManager[8609:wlan0](  496): entering ConnectModeState, starting ClientModeImpl
06-08 15:43:36.024 D/SystemServerTiming(  496): OnBootPhase_550_com.android.server.PinnerService
06-08 15:43:36.024 D/SystemServerTiming(  496): OnBootPhase_550_com.android.server.integrity.AppIntegrityManagerService
06-08 15:43:36.024 D/SystemServerTiming(  496): OnBootPhase_550_com.android.server.logcat.LogcatManagerService
06-08 15:43:36.024 D/SystemServerTiming(  496): OnBootPhase_550_com.android.server.inputmethod.InputMethodManagerService$Lifecycle
06-08 15:43:36.024 D/SystemServerTimingAsync(  496): InitThreadPoolExec:Lazily initialize IMMS#mImeDrawsImeNavBarRes
06-08 15:43:36.024 D/WifiNative(  496): enableVerboseLogging false hal false
06-08 15:43:36.025 D/WifiScoreReport(  496): setShouldReduceNetworkScore=false mNetworkAgent is null? true
06-08 15:43:36.025 D/WifiScanRequestProxy(  496): Sending scan available broadcast: true
06-08 15:43:36.025 I/WifiScanningService(  496): Received a request to enable scanning, UID = 1000
06-08 15:43:36.025 I/WifiScanRequestProxy(  496): Scanning is enabled
06-08 15:43:36.025 I/WifiScanRequestProxy(  496): Scanning for hidden networks is enabled
06-08 15:43:36.026 E/WifiVendorHal(  496): lambda$getBgScanCapabilities$0(l.0) failed {.code = ERROR_NOT_SUPPORTED, .description = }
06-08 15:43:36.027 E/WifiVendorHal(  496): setMultiStaUseCase(l.24) failed {.code = ERROR_NOT_SUPPORTED, .description = }
06-08 15:43:36.027 E/WifiVendorHal(  496): setMultiStaPrimaryConnection(l.31) failed {.code = ERROR_NOT_SUPPORTED, .description = }
06-08 15:43:36.028 D/WifiCountryCode(  496): evaluateAllCmmStateAndApplyIfAllReady: {ConcreteClientModeManager{id=8609 iface=wlan0 role=ROLE_CLIENT_PRIMARY}=true}
06-08 15:43:36.028 D/WifiCountryCode(  496): Reading country code from telephony
06-08 15:43:36.028 I/WifiScanningService(  496): Created a new impl for wlan0
06-08 15:43:36.028 I/WifiScanningService(  496): wifi driver loaded with scan capabilities: max buckets=16
06-08 15:43:36.029 D/WifiCountryCode(  496): Set telephony country code to: 
06-08 15:43:36.029 D/WifiCountryCode(  496): updateCountryCode to null
06-08 15:43:36.029 D/WakeupController(  496): onWifiEnabled()
06-08 15:43:36.029 W/WifiClientModeImpl(  496): No cached packet filter to apply
06-08 15:43:36.029 D/WifiClientModeImpl[8718:wlan0](  496): entering ConnectableState: ifaceName = wlan0
06-08 15:43:36.030 D/WifiClientModeImpl[8718:wlan0](  496): Start makeIpClient ifaceName = wlan0
06-08 15:43:36.031 W/InputMethodUtils(  496): getApplicationInfo failed. packageName=com.google.android.apps.inputmethod.hindi userId=0
06-08 15:43:36.031 W/InputMethodUtils(  496): android.content.pm.PackageManager$NameNotFoundException: com.google.android.apps.inputmethod.hindi
06-08 15:43:36.031 W/InputMethodUtils(  496): 	at android.app.ApplicationPackageManager.getApplicationInfoAsUser(ApplicationPackageManager.java:504)
06-08 15:43:36.031 W/InputMethodUtils(  496): 	at android.app.ApplicationPackageManager.getApplicationInfo(ApplicationPackageManager.java:487)
06-08 15:43:36.031 W/InputMethodUtils(  496): 	at com.android.server.inputmethod.InputMethodUtils.setNonSelectedSystemImesDisabledUntilUsed(InputMethodUtils.java:706)
06-08 15:43:36.031 W/InputMethodUtils(  496): 	at com.android.server.inputmethod.InputMethodManagerService.systemRunning(InputMethodManagerService.java:2031)
06-08 15:43:36.031 W/InputMethodUtils(  496): 	at com.android.server.inputmethod.InputMethodManagerService$Lifecycle.onBootPhase(InputMethodManagerService.java:1684)
06-08 15:43:36.031 W/InputMethodUtils(  496): 	at com.android.server.SystemServiceManager.startBootPhase(SystemServiceManager.java:294)
06-08 15:43:36.031 W/InputMethodUtils(  496): 	at com.android.server.SystemServer.lambda$startOtherServices$5(SystemServer.java:2797)
06-08 15:43:36.031 W/InputMethodUtils(  496): 	at com.android.server.SystemServer.$r8$lambda$jmaWUpWMxP4IiPakY5L6Y7rVWik(Unknown Source:0)
06-08 15:43:36.031 W/InputMethodUtils(  496): 	at com.android.server.SystemServer$$ExternalSyntheticLambda5.run(Unknown Source:30)
06-08 15:43:36.031 W/InputMethodUtils(  496): 	at com.android.server.am.ActivityManagerService.systemReady(ActivityManagerService.java:8209)
06-08 15:43:36.031 W/InputMethodUtils(  496): 	at com.android.server.SystemServer.startOtherServices(SystemServer.java:2794)
06-08 15:43:36.031 W/InputMethodUtils(  496): 	at com.android.server.SystemServer.run(SystemServer.java:937)
06-08 15:43:36.031 W/InputMethodUtils(  496): 	at com.android.server.SystemServer.main(SystemServer.java:647)
06-08 15:43:36.031 W/InputMethodUtils(  496): 	at java.lang.reflect.Method.invoke(Native Method)
06-08 15:43:36.031 W/InputMethodUtils(  496): 	at com.android.internal.os.RuntimeInit$MethodAndArgsCaller.run(RuntimeInit.java:548)
06-08 15:43:36.031 W/InputMethodUtils(  496): 	at com.android.internal.os.ZygoteInit.main(ZygoteInit.java:914)
06-08 15:43:36.031 W/InputMethodUtils(  496): getApplicationInfo failed. packageName=com.google.android.inputmethod.japanese userId=0
06-08 15:43:36.031 W/InputMethodUtils(  496): android.content.pm.PackageManager$NameNotFoundException: com.google.android.inputmethod.japanese
06-08 15:43:36.031 W/InputMethodUtils(  496): 	at android.app.ApplicationPackageManager.getApplicationInfoAsUser(ApplicationPackageManager.java:504)
06-08 15:43:36.031 W/InputMethodUtils(  496): 	at android.app.ApplicationPackageManager.getApplicationInfo(ApplicationPackageManager.java:487)
06-08 15:43:36.031 W/InputMethodUtils(  496): 	at com.android.server.inputmethod.InputMethodUtils.setNonSelectedSystemImesDisabledUntilUsed(InputMethodUtils.java:706)
06-08 15:43:36.031 W/InputMethodUtils(  496): 	at com.android.server.inputmethod.InputMethodManagerService.systemRunning(InputMethodManagerService.java:2031)
06-08 15:43:36.031 W/InputMethodUtils(  496): 	at com.android.server.inputmethod.InputMethodManagerService$Lifecycle.onBootPhase(InputMethodManagerService.java:1684)
06-08 15:43:36.031 W/InputMethodUtils(  496): 	at com.android.server.SystemServiceManager.startBootPhase(SystemServiceManager.java:294)
06-08 15:43:36.031 W/InputMethodUtils(  496): 	at com.android.server.SystemServer.lambda$startOtherServices$5(SystemServer.java:2797)
06-08 15:43:36.031 W/InputMethodUtils(  496): 	at com.android.server.SystemServer.$r8$lambda$jmaWUpWMxP4IiPakY5L6Y7rVWik(Unknown Source:0)
06-08 15:43:36.031 W/InputMethodUtils(  496): 	at com.android.server.SystemServer$$ExternalSyntheticLambda5.run(Unknown Source:30)
06-08 15:43:36.031 W/InputMethodUtils(  496): 	at com.android.server.am.ActivityManagerService.systemReady(ActivityManagerService.java:8209)
06-08 15:43:36.031 W/InputMethodUtils(  496): 	at com.android.server.SystemServer.startOtherServices(SystemServer.java:2794)
06-08 15:43:36.031 W/InputMethodUtils(  496): 	at com.android.server.SystemServer.run(SystemServer.java:937)
06-08 15:43:36.031 W/InputMethodUtils(  496): 	at com.android.server.SystemServer.main(SystemServer.java:647)
06-08 15:43:36.031 W/InputMethodUtils(  496): 	at java.lang.reflect.Method.invoke(Native Method)
06-08 15:43:36.031 W/InputMethodUtils(  496): 	at com.android.internal.os.RuntimeInit$MethodAndArgsCaller.run(RuntimeInit.java:548)
06-08 15:43:36.031 W/InputMethodUtils(  496): 	at com.android.internal.os.ZygoteInit.main(ZygoteInit.java:914)
06-08 15:43:36.031 W/InputMethodUtils(  496): getApplicationInfo failed. packageName=com.google.android.inputmethod.korean userId=0
06-08 15:43:36.031 W/InputMethodUtils(  496): android.content.pm.PackageManager$NameNotFoundException: com.google.android.inputmethod.korean
06-08 15:43:36.031 W/InputMethodUtils(  496): 	at android.app.ApplicationPackageManager.getApplicationInfoAsUser(ApplicationPackageManager.java:504)
06-08 15:43:36.031 W/InputMethodUtils(  496): 	at android.app.ApplicationPackageManager.getApplicationInfo(ApplicationPackageManager.java:487)
06-08 15:43:36.031 W/InputMethodUtils(  496): 	at com.android.server.inputmethod.InputMethodUtils.setNonSelectedSystemImesDisabledUntilUsed(InputMethodUtils.java:706)
06-08 15:43:36.031 W/InputMethodUtils(  496): 	at com.android.server.inputmethod.InputMethodManagerService.systemRunning(InputMethodManagerService.java:2031)
06-08 15:43:36.031 W/InputMethodUtils(  496): 	at com.android.server.inputmethod.InputMethodManagerService$Lifecycle.onBootPhase(InputMethodManagerService.java:1684)
06-08 15:43:36.031 W/InputMethodUtils(  496): 	at com.android.server.SystemServiceManager.startBootPhase(SystemServiceManager.java:294)
06-08 15:43:36.031 W/InputMethodUtils(  496): 	at com.android.server.SystemServer.lambda$startOtherServices$5(SystemServer.java:2797)
06-08 15:43:36.031 W/InputMethodUtils(  496): 	at com.android.server.SystemServer.$r8$lambda$jmaWUpWMxP4IiPakY5L6Y7rVWik(Unknown Source:0)
06-08 15:43:36.031 W/InputMethodUtils(  496): 	at com.android.server.SystemServer$$ExternalSyntheticLambda5.run(Unknown Source:30)
06-08 15:43:36.031 W/InputMethodUtils(  496): 	at com.android.server.am.ActivityManagerService.systemReady(ActivityManagerService.java:8209)
06-08 15:43:36.031 W/InputMethodUtils(  496): 	at com.android.server.SystemServer.startOtherServices(SystemServer.java:2794)
06-08 15:43:36.031 W/InputMethodUtils(  496): 	at com.android.server.SystemServer.run(SystemServer.java:937)
06-08 15:43:36.031 W/InputMethodUtils(  496): 	at com.android.server.SystemServer.main(SystemServer.java:647)
06-08 15:43:36.031 W/InputMethodUtils(  496): 	at java.lang.reflect.Method.invoke(Native Method)
06-08 15:43:36.031 W/InputMethodUtils(  496): 	at com.android.internal.os.RuntimeInit$MethodAndArgsCaller.run(RuntimeInit.java:548)
06-08 15:43:36.031 W/InputMethodUtils(  496): 	at com.android.internal.os.ZygoteInit.main(ZygoteInit.java:914)
06-08 15:43:36.031 W/InputMethodUtils(  496): getApplicationInfo failed. packageName=com.google.android.inputmethod.pinyin userId=0
06-08 15:43:36.031 W/InputMethodUtils(  496): android.content.pm.PackageManager$NameNotFoundException: com.google.android.inputmethod.pinyin
06-08 15:43:36.031 W/InputMethodUtils(  496): 	at android.app.ApplicationPackageManager.getApplicationInfoAsUser(ApplicationPackageManager.java:504)
06-08 15:43:36.031 W/InputMethodUtils(  496): 	at android.app.ApplicationPackageManager.getApplicationInfo(ApplicationPackageManager.java:487)
06-08 15:43:36.031 W/InputMethodUtils(  496): 	at com.android.server.inputmethod.InputMethodUtils.setNonSelectedSystemImesDisabledUntilUsed(InputMethodUtils.java:706)
06-08 15:43:36.031 W/InputMethodUtils(  496): 	at com.android.server.inputmethod.InputMethodManagerService.systemRunning(InputMethodManagerService.java:2031)
06-08 15:43:36.031 W/InputMethodUtils(  496): 	at com.android.server.inputmethod.InputMethodManagerService$Lifecycle.onBootPhase(InputMethodManagerService.java:1684)
06-08 15:43:36.031 W/InputMethodUtils(  496): 	at com.android.server.SystemServiceManager.startBootPhase(SystemServiceManager.java:294)
06-08 15:43:36.031 W/InputMethodUtils(  496): 	at com.android.server.SystemServer.lambda$startOtherServices$5(SystemServer.java:2797)
06-08 15:43:36.031 W/InputMethodUtils(  496): 	at com.android.server.SystemServer.$r8$lambda$jmaWUpWMxP4IiPakY5L6Y7rVWik(Unknown Source:0)
06-08 15:43:36.031 W/InputMethodUtils(  496): 	at com.android.server.SystemServer$$ExternalSyntheticLambda5.run(Unknown Source:30)
06-08 15:43:36.031 W/InputMethodUtils(  496): 	at com.android.server.am.ActivityManagerService.systemReady(ActivityManagerService.java:8209)
06-08 15:43:36.031 W/InputMethodUtils(  496): 	at com.android.server.SystemServer.startOtherServices(SystemServer.java:2794)
06-08 15:43:36.031 W/InputMethodUtils(  496): 	at com.android.server.SystemServer.run(SystemServer.java:937)
06-08 15:43:36.031 W/InputMethodUtils(  496): 	at com.android.server.SystemServer.main(SystemServer.java:647)
06-08 15:43:36.031 W/InputMethodUtils(  496): 	at java.lang.reflect.Method.invoke(Native Method)
06-08 15:43:36.031 W/InputMethodUtils(  496): 	at com.android.internal.os.RuntimeInit$MethodAndArgsCaller.run(RuntimeInit.java:548)
06-08 15:43:36.031 W/InputMethodUtils(  496): 	at com.android.internal.os.ZygoteInit.main(ZygoteInit.java:914)
06-08 15:43:36.031 W/InputMethodUtils(  496): getApplicationInfo failed. packageName=jp.co.omronsoft.iwnnime.ml userId=0
06-08 15:43:36.031 W/InputMethodUtils(  496): android.content.pm.PackageManager$NameNotFoundException: jp.co.omronsoft.iwnnime.ml
06-08 15:43:36.031 W/InputMethodUtils(  496): 	at android.app.ApplicationPackageManager.getApplicationInfoAsUser(ApplicationPackageManager.java:504)
06-08 15:43:36.031 W/InputMethodUtils(  496): 	at android.app.ApplicationPackageManager.getApplicationInfo(ApplicationPackageManager.java:487)
06-08 15:43:36.031 W/InputMethodUtils(  496): 	at com.android.server.inputmethod.InputMethodUtils.setNonSelectedSystemImesDisabledUntilUsed(InputMethodUtils.java:706)
06-08 15:43:36.031 W/InputMethodUtils(  496): 	at com.android.server.inputmethod.InputMethodManagerService.systemRunning(InputMethodManagerService.java:2031)
06-08 15:43:36.031 W/InputMethodUtils(  496): 	at com.android.server.inputmethod.InputMethodManagerService$Lifecycle.onBootPhase(InputMethodManagerService.java:1684)
06-08 15:43:36.031 W/InputMethodUtils(  496): 	at com.android.server.SystemServiceManager.startBootPhase(SystemServiceManager.java:294)
06-08 15:43:36.031 W/InputMethodUtils(  496): 	at com.android.server.SystemServer.lambda$startOtherServices$5(SystemServer.java:2797)
06-08 15:43:36.031 W/InputMethodUtils(  496): 	at com.android.server.SystemServer.$r8$lambda$jmaWUpWMxP4IiPakY5L6Y7rVWik(Unknown Source:0)
06-08 15:43:36.031 W/InputMethodUtils(  496): 	at com.android.server.SystemServer$$ExternalSyntheticLambda5.run(Unknown Source:30)
06-08 15:43:36.031 W/InputMethodUtils(  496): 	at com.android.server.am.ActivityManagerService.systemReady(ActivityManagerService.java:8209)
06-08 15:43:36.031 W/InputMethodUtils(  496): 	at com.android.server.SystemServer.startOtherServices(SystemServer.java:2794)
06-08 15:43:36.031 W/InputMethodUtils(  496): 	at com.android.server.SystemServer.run(SystemServer.java:937)
06-08 15:43:36.031 W/InputMethodUtils(  496): 	at com.android.server.SystemServer.main(SystemServer.java:647)
06-08 15:43:36.031 W/InputMethodUtils(  496): 	at java.lang.reflect.Method.invoke(Native Method)
06-08 15:43:36.031 W/InputMethodUtils(  496): 	at com.android.internal.os.RuntimeInit$MethodAndArgsCaller.run(RuntimeInit.java:548)
06-08 15:43:36.031 W/InputMethodUtils(  496): 	at com.android.internal.os.ZygoteInit.main(ZygoteInit.java:914)
06-08 15:43:36.031 W/InputMethodUtils(  496): getApplicationInfo failed. packageName=com.nuance.xt9.input userId=0
06-08 15:43:36.031 W/InputMethodUtils(  496): android.content.pm.PackageManager$NameNotFoundException: com.nuance.xt9.input
06-08 15:43:36.031 W/InputMethodUtils(  496): 	at android.app.ApplicationPackageManager.getApplicationInfoAsUser(ApplicationPackageManager.java:504)
06-08 15:43:36.031 W/InputMethodUtils(  496): 	at android.app.ApplicationPackageManager.getApplicationInfo(ApplicationPackageManager.java:487)
06-08 15:43:36.031 W/InputMethodUtils(  496): 	at com.android.server.inputmethod.InputMethodUtils.setNonSelectedSystemImesDisabledUntilUsed(InputMethodUtils.java:706)
06-08 15:43:36.031 W/InputMethodUtils(  496): 	at com.android.server.inputmethod.InputMethodManagerService.systemRunning(InputMethodManagerService.java:2031)
06-08 15:43:36.031 W/InputMethodUtils(  496): 	at com.android.server.inputmethod.InputMethodManagerService$Lifecycle.onBootPhase(InputMethodManagerService.java:1684)
06-08 15:43:36.031 W/InputMethodUtils(  496): 	at com.android.server.SystemServiceManager.startBootPhase(SystemServiceManager.java:294)
06-08 15:43:36.031 W/InputMethodUtils(  496): 	at com.android.server.SystemServer.lambda$startOtherServices$5(SystemServer.java:2797)
06-08 15:43:36.031 W/InputMethodUtils(  496): 	at com.android.server.SystemServer.$r8$lambda$jmaWUpWMxP4IiPakY5L6Y7rVWik(Unknown Source:0)
06-08 15:43:36.031 W/InputMethodUtils(  496): 	at com.android.server.SystemServer$$ExternalSyntheticLambda5.run(Unknown Source:30)
06-08 15:43:36.031 W/InputMethodUtils(  496): 	at com.android.server.am.ActivityManagerService.systemReady(ActivityManagerService.java:8209)
06-08 15:43:36.031 W/InputMethodUtils(  496): 	at com.android.server.SystemServer.startOtherServices(SystemServer.java:2794)
06-08 15:43:36.031 W/InputMethodUtils(  496): 	at com.android.server.SystemServer.run(SystemServer.java:937)
06-08 15:43:36.031 W/InputMethodUtils(  496): 	at com.android.server.SystemServer.main(SystemServer.java:647)
06-08 15:43:36.031 W/InputMethodUtils(  496): 	at java.lang.reflect.Method.invoke(Native Method)
06-08 15:43:36.031 W/InputMethodUtils(  496): 	at com.android.internal.os.RuntimeInit$MethodAndArgsCaller.run(RuntimeInit.java:548)
06-08 15:43:36.031 W/InputMethodUtils(  496): 	at com.android.internal.os.ZygoteInit.main(ZygoteInit.java:914)
06-08 15:43:36.031 D/SystemServerTiming(  496): OnBootPhase_550_com.android.server.accessibility.AccessibilityManagerService$Lifecycle
06-08 15:43:36.031 D/SystemServerTiming(  496): OnBootPhase_550_com.android.server.StorageManagerService$Lifecycle
06-08 15:43:36.031 D/SystemServerTiming(  496): OnBootPhase_550_com.android.server.usage.StorageStatsService$Lifecycle
06-08 15:43:36.031 D/SystemServerTiming(  496): OnBootPhase_550_com.android.server.UiModeManagerService
06-08 15:43:36.031 D/SystemServerTiming(  496): OnBootPhase_550_com.android.server.locales.LocaleManagerService
06-08 15:43:36.031 D/SystemServerTiming(  496): OnBootPhase_550_com.android.server.locksettings.LockSettingsService$Lifecycle
06-08 15:43:36.031 I/RebootEscrowManager(  496): No reboot escrow data found for users, skipping loading escrow data
06-08 15:43:36.034 D/SystemServerTiming(  496): OnBootPhase_550_com.android.server.testharness.TestHarnessModeService
06-08 15:43:36.034 D/SystemServerTiming(  496): OnBootPhase_550_com.android.server.DeviceIdleController
06-08 15:43:36.034 D/SystemServerTiming(  496): OnBootPhase_550_com.android.server.devicepolicy.DevicePolicyManagerService$Lifecycle
06-08 15:43:36.034 D/SystemServerTiming(  496): OnBootPhase_550_com.android.server.musicrecognition.MusicRecognitionManagerService
06-08 15:43:36.034 D/SystemServerTiming(  496): OnBootPhase_550_com.android.server.contentcapture.ContentCaptureManagerService
06-08 15:43:36.034 D/SystemServerTiming(  496): OnBootPhase_550_com.android.server.systemcaptions.SystemCaptionsManagerService
06-08 15:43:36.034 D/SystemServerTiming(  496): OnBootPhase_550_com.android.server.texttospeech.TextToSpeechManagerService
06-08 15:43:36.034 D/SystemServerTiming(  496): OnBootPhase_550_com.android.server.ambientcontext.AmbientContextManagerService
06-08 15:43:36.034 D/SystemServerTiming(  496): OnBootPhase_550_com.android.server.speech.SpeechRecognitionManagerService
06-08 15:43:36.034 D/SystemServerTiming(  496): OnBootPhase_550_com.android.server.appprediction.AppPredictionManagerService
06-08 15:43:36.034 D/SystemServerTiming(  496): OnBootPhase_550_com.android.server.contentsuggestions.ContentSuggestionsManagerService
06-08 15:43:36.034 D/SystemServerTiming(  496): OnBootPhase_550_com.android.server.searchui.SearchUiManagerService
06-08 15:43:36.034 D/SystemServerTiming(  496): OnBootPhase_550_com.android.server.smartspace.SmartspaceManagerService
06-08 15:43:36.034 D/SystemServerTiming(  496): OnBootPhase_550_com.android.server.graphics.fonts.FontManagerService$Lifecycle
06-08 15:43:36.034 D/SystemServerTiming(  496): OnBootPhase_550_com.android.server.textservices.TextServicesManagerService$Lifecycle
06-08 15:43:36.034 D/SystemServerTiming(  496): OnBootPhase_550_com.android.server.textclassifier.TextClassificationManagerService$Lifecycle
06-08 15:43:36.034 D/SystemServerTiming(  496): OnBootPhase_550_com.android.server.NetworkScoreService$Lifecycle
06-08 15:43:36.034 D/SystemServerTiming(  496): OnBootPhase_550_com.android.server.NetworkStatsServiceInitializer
06-08 15:43:36.042 W/BestClock(  496): java.time.DateTimeException: Missing NTP fix
06-08 15:43:36.087 I/TetheringManager(  496): registerTetheringEventCallback caller:android
06-08 15:43:36.089 W/SystemServiceManager(  496): Service com.android.server.NetworkStatsServiceInitializer took 55 ms in onBootPhase
06-08 15:43:36.089 D/SystemServerTiming(  496): OnBootPhase_550_com.android.server.wifi.WifiService
06-08 15:43:36.089 D/SystemServerTiming(  496): OnBootPhase_550_com.android.server.wifi.scanner.WifiScanningService
06-08 15:43:36.089 D/SystemServerTiming(  496): OnBootPhase_550_com.android.server.wifi.p2p.WifiP2pService
06-08 15:43:36.089 D/SystemServerTiming(  496): OnBootPhase_550_com.android.server.ConnectivityServiceInitializer
06-08 15:43:36.089 D/SystemServerTiming(  496): OnBootPhase_550_com.android.server.notification.NotificationManagerService
06-08 15:43:36.089 D/SystemServerTiming(  496): OnBootPhase_550_com.android.server.storage.DeviceStorageMonitorService
06-08 15:43:36.089 D/SystemServerTiming(  496): OnBootPhase_550_com.android.server.location.LocationManagerService$Lifecycle
06-08 15:43:36.089 D/SystemServerTiming(  496): OnBootPhase_550_com.android.server.timedetector.TimeDetectorService$Lifecycle
06-08 15:43:36.089 D/SystemServerTiming(  496): OnBootPhase_550_com.android.server.timezonedetector.TimeZoneDetectorService$Lifecycle
06-08 15:43:36.089 D/SystemServerTiming(  496): OnBootPhase_550_com.android.server.timezonedetector.location.LocationTimeZoneManagerService$Lifecycle
06-08 15:43:36.089 D/SystemServerTiming(  496): OnBootPhase_550_com.android.server.search.SearchManagerService$Lifecycle
06-08 15:43:36.089 D/SystemServerTiming(  496): OnBootPhase_550_com.android.server.wallpaper.WallpaperManagerService$Lifecycle
06-08 15:43:36.089 I/WallpaperManagerService(  496): No static wallpaper imagery; defaults will be shown
06-08 15:43:36.089 V/WallpaperManagerService(  496): bindWallpaperComponentLocked: componentName=ComponentInfo{com.android.systemui/com.android.systemui.wallpapers.ImageWallpaper}
06-08 15:43:36.089 D/WallpaperManagerService(  496): WPMS.bindWallpaperComponentLocked-ComponentInfo{com.android.systemui/com.android.systemui.wallpapers.ImageWallpaper}
06-08 15:43:36.090 D/CompatibilityChangeReporter(  496): Compat change id reported: 135634846; UID 10157; state: DISABLED
06-08 15:43:36.090 D/CompatibilityChangeReporter(  496): Compat change id reported: 177438394; UID 10157; state: DISABLED
06-08 15:43:36.090 D/CompatibilityChangeReporter(  496): Compat change id reported: 135772972; UID 10157; state: DISABLED
06-08 15:43:36.090 D/CompatibilityChangeReporter(  496): Compat change id reported: 135754954; UID 10157; state: ENABLED
06-08 15:43:36.091 D/CompatibilityChangeReporter(  496): Compat change id reported: 143937733; UID 10157; state: ENABLED
06-08 15:43:36.092 D/WallpaperManagerService(  496): WPMS.generateCrop
06-08 15:43:36.092 E/BitmapFactory(  496): Unable to decode stream: java.io.FileNotFoundException: /data/system/users/0/wallpaper_orig: open failed: ENOENT (No such file or directory)
06-08 15:43:36.092 W/WallpaperManagerService(  496): Invalid wallpaper data
06-08 15:43:36.092 E/WallpaperManagerService(  496): Unable to apply new wallpaper
06-08 15:43:36.092 D/SystemServerTiming(  496): OnBootPhase_550_com.android.server.wallpapereffectsgeneration.WallpaperEffectsGenerationManagerService
06-08 15:43:36.092 D/SystemServerTiming(  496): OnBootPhase_550_com.android.server.audio.AudioService$Lifecycle
06-08 15:43:36.092 D/SystemServerTiming(  496): OnBootPhase_550_com.android.server.soundtrigger_middleware.SoundTriggerMiddlewareService$Lifecycle
06-08 15:43:36.092 D/SystemServerTiming(  496): OnBootPhase_550_com.android.server.DockObserver
06-08 15:43:36.092 D/SystemServerTiming(  496): OnBootPhase_550_com.android.server.midi.MidiService$Lifecycle
06-08 15:43:36.092 D/SystemServerTiming(  496): OnBootPhase_550_com.android.server.adb.AdbService$Lifecycle
06-08 15:43:36.093 D/SystemServerTiming(  496): OnBootPhase_550_com.android.server.usb.UsbService$Lifecycle
06-08 15:43:36.093 D/SystemServerTiming(  496): OnBootPhase_550_com.android.server.twilight.TwilightService
06-08 15:43:36.093 D/SystemServerTiming(  496): OnBootPhase_550_com.android.server.display.color.ColorDisplayService
06-08 15:43:36.093 D/SystemServerTiming(  496): OnBootPhase_550_com.android.server.job.JobSchedulerService
06-08 15:43:36.093 D/SystemServerTiming(  496): OnBootPhase_550_com.android.server.soundtrigger.SoundTriggerService
06-08 15:43:36.093 D/SoundTriggerService(  496): onBootPhase: 550 : false
06-08 15:43:36.093 D/SystemServerTiming(  496): OnBootPhase_550_com.android.server.trust.TrustManagerService
06-08 15:43:36.093 D/SystemServerTimingAsync(  496): InitThreadPoolExec:UsbService$Lifecycle#onBootPhase
06-08 15:43:36.093 D/SystemServerTiming(  496): OnBootPhase_550_com.android.server.backup.BackupManagerService$Lifecycle
06-08 15:43:36.093 D/SystemServerTiming(  496): OnBootPhase_550_com.android.server.appwidget.AppWidgetService
06-08 15:43:36.093 D/SystemServerTiming(  496): OnBootPhase_550_com.android.server.voiceinteraction.VoiceInteractionManagerService
06-08 15:43:36.093 D/SystemServerTiming(  496): OnBootPhase_550_com.android.server.apphibernation.AppHibernationService
06-08 15:43:36.093 D/SystemServerTiming(  496): OnBootPhase_550_com.android.server.GestureLauncherService
06-08 15:43:36.093 D/SystemServerTiming(  496): OnBootPhase_550_com.android.server.SensorNotificationService
06-08 15:43:36.093 D/SystemServerTiming(  496): OnBootPhase_550_com.android.server.emergency.EmergencyAffordanceService
06-08 15:43:36.093 D/SystemServerTiming(  496): OnBootPhase_550_com.android.server.blob.BlobStoreManagerService
06-08 15:43:36.093 I/Zygote  (  292): Entering forkRepeatedly native zygote loop
