--------- beginning of main
06-08 15:42:27.697 I/Nearby  ( 1107): is blocked device type false, isAuto=false, isIot=false, isLatchsky=false, isChinaWearable=false, isTv=false, isWearable=false (supportWearOs=false), isChromeOsDevice=false (supportChromeOs=false) [CONTEXT service_id=49 ]
06-08 15:42:27.698 I/NearbyDiscovery( 1107): DiscoveryController, showNotification, itemSize=0 [CONTEXT service_id=265 ]
06-08 15:42:27.699 I/NearbyDiscovery( 1107): Show notifications: 0 total, no changes since last shown, no-op. [CONTEXT service_id=265 ]
06-08 15:42:27.707 I/NearbyShared( 1107): FastPairSlice: enableBindServiceForDiscoveryItem called, isBind = false
--------- beginning of system
06-08 15:42:27.717 W/Looper  (  482): Slow dispatch took 225ms android.fg h=android.os.Handler c=<recycled PooledLambda@fa3dbd2> m=0
06-08 15:42:27.717 I/AiAiEcho( 1659): Predicting[0]: 
06-08 15:42:27.717 I/AiAiEcho( 1659): Ranked targets strategy: SORT, count: 0, ranking metadata: 
06-08 15:42:27.717 I/AiAiEcho( 1659): Predicting[0]: 
06-08 15:42:27.717 I/AiAiEcho( 1659): Ranked targets strategy: SORT, count: 0, ranking metadata: 
06-08 15:42:27.718 I/AiAiEcho( 1659): #postPredictionTargets: Sending updates to UISurface lockscreen with targets# 0
06-08 15:42:27.719 I/AiAiEcho( 1659): #postPredictionTargets: Sending updates to UISurface home with targets# 0
06-08 15:42:27.720 I/AiAiEcho( 1659): #postPredictionTargets: Sending updates to UISurface lockscreen with targets# 0
06-08 15:42:27.720 I/AiAiEcho( 1659): #postPredictionTargets: Sending updates to UISurface home with targets# 0
06-08 15:42:27.721 W/Looper  (  482): Slow delivery took 229ms android.fg h=android.os.Handler c=<recycled PooledLambda@f3193a0> m=0
06-08 15:42:27.724 W/Looper  (  482): Slow dispatch took 178ms main h=com.android.server.notification.NotificationManagerService$WorkerHandler c=com.android.server.notification.NotificationManagerService$CancelNotificationRunnable@c2ac4a3 m=0
06-08 15:42:27.730 I/AiAiEcho( 1659): Predicting[0]: 
06-08 15:42:27.730 I/AiAiEcho( 1659): Ranked targets strategy: SORT, count: 0, ranking metadata: 
06-08 15:42:27.731 I/AiAiEcho( 1659): #postPredictionTargets: Sending updates to UISurface lockscreen with targets# 0
06-08 15:42:27.731 I/AiAiEcho( 1659): #postPredictionTargets: Sending updates to UISurface home with targets# 0
06-08 15:42:27.737 D/CompatibilityChangeReporter( 2961): Compat change id reported: 183155436; UID 10110; state: DISABLED
06-08 15:42:27.739 I/Finsky  ( 2961): [44] xxf.a(1): Warm data store was already initialized.
06-08 15:42:27.741 D/CompatibilityChangeReporter(  482): Compat change id reported: 218533173; UID 10174; state: ENABLED
06-08 15:42:27.746 V/MediaPlayerList(  966): mPackageChangedBroadcastReceiver: action: android.intent.action.PACKAGE_ADDED
06-08 15:42:27.746 D/MediaPlayerList(  966): Name of package changed: org.khandaq.messenger
06-08 15:42:27.754 D/CarrierSvcBindHelper( 1000): onPackageAdded: org.khandaq.messenger
06-08 15:42:27.755 D/CarrierSvcBindHelper( 1000): No carrier app for: 0
06-08 15:42:27.756 I/NearbyDiscovery( 1107): FastPair: backfillHasWatchPaired, set to false [CONTEXT service_id=265 ]
06-08 15:42:27.765 I/SdkSandboxManager(  482): No SDKs used. Skipping SDK data reconcilation for CallingInfo{mUid=10174, mPackageName='org.khandaq.messenger'}
06-08 15:42:27.772 I/SystemUpdate( 1299): [Execution,ExecutionManager] Action pending executed for 1.58 seconds.
06-08 15:42:27.773 I/Ads     ( 1299): Parental control value is stale. Refreshing.
06-08 15:42:27.776 I/SystemUpdate( 1299): [Execution,ExecutionManager] Action finished-execution executed for 0.00 seconds.
06-08 15:42:27.777 I/Finsky:instant_app_inst( 3564): [2] flq.g(6): Process created at version: 30.4.21-21 [0] [PR] 475636937
06-08 15:42:27.777 D/CompatibilityChangeReporter( 2408): Compat change id reported: 194532703; UID 10106; state: ENABLED
06-08 15:42:27.779 D/CompatibilityChangeReporter(  482): Compat change id reported: 194532703; UID 10106; state: ENABLED
06-08 15:42:27.779 D/ConnectivityService(  482): requestNetwork for uid/pid:1000/482 asUid: 10106 activeRequest: null callbackRequest: 92 [NetworkRequest [ REQUEST id=93, [ Capabilities: INTERNET&NOT_RESTRICTED&TRUSTED&NOT_VCN_MANAGED Uid: 10106 RequestorUid: 1000 RequestorPkg: android UnderlyingNetworks: Null] ]] callback flags: 0 order: 2147483647
06-08 15:42:27.780 D/ImsResolver( 1000): maybeAddedImsService, packageName: org.khandaq.messenger
06-08 15:42:27.787 I/RoleService(  482): Granting default roles...
06-08 15:42:27.787 D/WifiNetworkFactory(  482): got request NetworkRequest [ REQUEST id=93, [ Capabilities: INTERNET&NOT_RESTRICTED&TRUSTED&NOT_VCN_MANAGED Uid: 10106 RequestorUid: 1000 RequestorPkg: android UnderlyingNetworks: Null] ]
06-08 15:42:27.787 D/UntrustedWifiNetworkFactory(  482): got request NetworkRequest [ REQUEST id=93, [ Capabilities: INTERNET&NOT_RESTRICTED&TRUSTED&NOT_VCN_MANAGED Uid: 10106 RequestorUid: 1000 RequestorPkg: android UnderlyingNetworks: Null] ]
06-08 15:42:27.787 D/OemPaidWifiNetworkFactory(  482): got request NetworkRequest [ REQUEST id=93, [ Capabilities: INTERNET&NOT_RESTRICTED&TRUSTED&NOT_VCN_MANAGED Uid: 10106 RequestorUid: 1000 RequestorPkg: android UnderlyingNetworks: Null] ]
06-08 15:42:27.787 D/MultiInternetWifiNetworkFactory(  482): got request NetworkRequest [ REQUEST id=93, [ Capabilities: INTERNET&NOT_RESTRICTED&TRUSTED&NOT_VCN_MANAGED Uid: 10106 RequestorUid: 1000 RequestorPkg: android UnderlyingNetworks: Null] ]
06-08 15:42:27.787 D/ConnectivityService(  482): NetReassign [93 : null → 100] [c 0] [a 0] [i 1]
06-08 15:42:27.789 W/ActivityManager(  482): Receiver with filter android.content.IntentFilter@1cbdd7 already registered for pid 2408, callerPackage is com.google.android.ims
06-08 15:42:27.789 I/GsaVoiceInteractionSrv( 1680): (REDACTED) O received %s
06-08 15:42:27.794 I/GmsModuleFndr( 1299): Beginning GMS chimera module scan
06-08 15:42:27.809 I/WakefulBroadcastRcvr( 1299): Processing wakeful broadcast: com.google.android.gms.checkin.CHECKIN_START_ACTION
06-08 15:42:27.813 I/Ads     ( 1299): Initialized AdMob in container 23.18.18 (190400-535401451)
06-08 15:42:27.816 I/Bugle   ( 2973): TelephonySyncManager: setting full sync. inProgress: true, before: false
06-08 15:42:27.817 I/Bugle   ( 2973): BroadcastReceiverAsyncWorkTracker: Acknowledging broadcast of atsi@1b328ae
06-08 15:42:27.824 D/CompatibilityChangeReporter( 2973): Compat change id reported: 183155436; UID 10116; state: ENABLED
06-08 15:42:27.825 D/WifiNl80211Manager(  482): Scan result ready event
06-08 15:42:27.826 D/WifiNative(  482): Scan result ready event
06-08 15:42:27.826 I/Bugle   ( 2973): TelephonySyncManager: Starting full sync, reason: 7
06-08 15:42:27.838 I/PermissionControllerServiceImpl(  775): Updating user sensitive for uid 10174
06-08 15:42:27.839 I/Telecom (  482): DefaultDialerCache: Refreshing default dialer for user 0: now com.google.android.dialer: DDC.oR@AQE
06-08 15:42:27.841 I/ModuleSetMgr( 1299): Computing pending module set with APKs: [[AdsFdrDynamite.integ:231004600100000], [Cronetdynamite:231818190400], [Dynamiteloader:231818190000], [Dynamitemodulesa:231818190000], [Dynamitemodulesc:231818190000], [Googlecertificates:231818190000], [Mapsdynamite:231818190000], [Measurementdynamite:231818190000]]
06-08 15:42:27.843 I/.gms.persistent( 1107): Background concurrent copying GC freed 316764(17MB) AllocSpace objects, 71(4768KB) LOS objects, 48% free, 25MB/49MB, paused 29.475ms,227.002ms total 7.484s
06-08 15:42:27.844 I/.gms.persistent( 1107): WaitForGcToComplete blocked ClassLinker on Background for 692.743ms
06-08 15:42:27.845 I/CarrierServices( 2408): [47] fzk.c: SIM delay is not enabled
06-08 15:42:27.845 I/NearbyDiscovery( 1299): FastPairSlice: Created under nearby module. [CONTEXT service_id=265 ]
06-08 15:42:27.847 W/System  ( 1000): A resource failed to call AbstractCursor.close. 
06-08 15:42:27.847 W/System  ( 1000): A resource failed to call AbstractCursor.close. 
06-08 15:42:27.847 W/System  ( 1000): A resource failed to call AbstractCursor.close. 
06-08 15:42:27.847 W/System  ( 1000): A resource failed to call AbstractCursor.close. 
06-08 15:42:27.848 W/CarrierServices( 2408): [47] fzg.a: (Sim): process intent: android.intent.action.SIM_STATE_CHANGED
06-08 15:42:27.849 I/CarrierServices( 2408): [39] fzk.c: SIM delay is not enabled
06-08 15:42:27.851 W/CarrierServices( 2408): [47] fzg.d: (Sim): Unexpected action: android.intent.action.ACTION_DEFAULT_DATA_SUBSCRIPTION_CHANGED
06-08 15:42:27.851 W/CarrierServices( 2408): [47] fzg.d: (Sim): Unexpected action: android.intent.action.ACTION_DEFAULT_VOICE_SUBSCRIPTION_CHANGED
06-08 15:42:27.857 I/GCoreUlr( 1107): WorldUpdater received intent Intent { act=com.google.android.location.reporting.ACTION_UPDATE_WORLD cmp=com.google.android.gms/com.google.android.location.reporting.service.DispatchingService (has extras) } with receiverAction android.location.PROVIDERS_CHANGED
06-08 15:42:27.860 I/GCoreUlr( 1107): WorldUpdater:android.location.PROVIDERS_CHANGED: Ensuring that reporting is stopped because of reasons: (no Google accounts)
06-08 15:42:27.861 I/InputReader(  482): Reconfiguring input devices, changes=KEYBOARD_LAYOUTS | 
06-08 15:42:27.861 I/GCoreUlr( 1107): Unbound from all signal providers.
06-08 15:42:27.864 I/CarrierServices( 2408): [39] fzg.o: (Sim): Processing an intent
06-08 15:42:27.865 I/CarrierServices( 2408): [39] fzg.z: (Sim): Ignoring duplicate SIM state: LOADED
06-08 15:42:27.894 I/FastPair( 1299): ServiceBindHelper.onSlicePinned, pin slice, uri = content://com.google.android.gms.nearby.fastpair/method_bind_service_for_discovery_item?is_bind=false
06-08 15:42:27.902 W/Role    (  775): Default holder doesn't have required signing certificate: com.google.android.apps.work.clouddpc:23962F4B43B9857638EA66F4D419518EAE282491ACDA4B94707BD59003C45E58
06-08 15:42:27.905 I/CarrierServices( 2408): [39] fzg.o: (Sim): Processing an intent
06-08 15:42:27.906 I/CarrierServices( 2408): [39] fzg.z: (Sim): Ignoring duplicate SIM state: LOADED
06-08 15:42:27.923 W/Looper  (  482): Drained
06-08 15:42:27.925 I/InputReader(  482): Reconfiguring input devices, changes=KEYBOARD_LAYOUTS | 
06-08 15:42:27.927 I/Finsky  ( 2961): [43] hdc.o(2): Subscription detail: DataSubscriptionInfo{groupIdLevel1=null, serviceProviderName=[Zr1R7g28S8p7iucp_gnNJJtsRl-pgO3Y6eIkCh24Iy0], simCarrierId=1}
06-08 15:42:27.929 D/CompatibilityChangeReporter(  482): Compat change id reported: 171306433; UID 10174; state: ENABLED
06-08 15:42:27.929 D/CompatibilityChangeReporter(  482): Compat change id reported: 226439802; UID 10174; state: DISABLED
06-08 15:42:27.930 V/MediaPlayerList(  966): mPackageChangedBroadcastReceiver: action: android.intent.action.PACKAGE_CHANGED
06-08 15:42:27.930 D/MediaPlayerList(  966): Name of package changed: org.khandaq.messenger
06-08 15:42:27.934 I/Bugle   ( 2973): BroadcastReceiverAsyncWorkTracker: Acknowledging broadcast of atsi@1b328ae
06-08 15:42:27.940 I/Telecom (  482): DefaultDialerCache: Refreshing default dialer for user 0: now com.google.android.dialer: DDC.oR@AQI
06-08 15:42:27.942 D/CarrierSvcBindHelper( 1000): onPackageModified: org.khandaq.messenger
06-08 15:42:27.942 D/CarrierSvcBindHelper( 1000): No carrier app for: 0
06-08 15:42:27.946 I/PermissionControllerServiceImpl(  775): Updating user sensitive for uid 10174
06-08 15:42:27.948 W/CarrierServices( 2408): [47] dtl.h: Unable to send RCS extension log
06-08 15:42:27.949 W/CarrierServices( 2408): [47] esg.run: ProvisioningEngineMetricsStorage, the wrapper class for proto data store, is null
06-08 15:42:27.951 W/CarrierServices( 2408): [58] flq.b: Unable to send provisioning event log
06-08 15:42:27.951 D/ImsResolver( 1000): maybeAddedImsService, packageName: org.khandaq.messenger
06-08 15:42:27.953 I/Finsky  ( 2961): [42] xxh.a(1): Warm data store was already initialized.
06-08 15:42:27.960 D/BoundBrokerSvc( 1299): onBind: Intent { act=com.google.android.mdh.service.START dat=chimera-action:/... cmp=com.google.android.gms/.chimera.GmsBoundBrokerService }
06-08 15:42:27.960 D/BoundBrokerSvc( 1299): Loading bound service for intent: Intent { act=com.google.android.mdh.service.START dat=chimera-action:/... cmp=com.google.android.gms/.chimera.GmsBoundBrokerService }
06-08 15:42:27.962 D/LoaderTask( 1008): load widgets
06-08 15:42:27.963 D/LoaderTask( 1008): bindWidgets
06-08 15:42:27.963 D/LoaderTask( 1008): save widgets in icon cache
06-08 15:42:27.977 I/GCoreUlr( 1107): DispatchingService ignoring Intent { act=android.net.wifi.WIFI_STATE_CHANGED flg=0x44000010 (has extras) } because ULR inactive
06-08 15:42:27.979 W/BackupTransportManager(  482): Package org.khandaq.messenger enabled setting: 0
06-08 15:42:27.983 D/BoundBrokerSvc( 1299): onBind: Intent { act=com.google.android.gms.safetynet.service.START pkg=com.google.android.gms }
06-08 15:42:27.983 D/BoundBrokerSvc( 1299): Loading bound service for intent: Intent { act=com.google.android.gms.safetynet.service.START pkg=com.google.android.gms }
06-08 15:42:27.984 D/BoundBrokerSvc( 1299): onBind: Intent { act=com.google.android.mdh.service.listener.START dat=chimera-action:/... cmp=com.google.android.gms/.chimera.GmsBoundBrokerService }
06-08 15:42:27.984 D/BoundBrokerSvc( 1299): Loading bound service for intent: Intent { act=com.google.android.mdh.service.listener.START dat=chimera-action:/... cmp=com.google.android.gms/.chimera.GmsBoundBrokerService }
06-08 15:42:27.991 D/CompatibilityChangeReporter( 3564): Compat change id reported: 183155436; UID 10110; state: DISABLED
06-08 15:42:27.994 I/SnapshotHandler( 1299): Unable to retrieve flag snapshot for com.google.android.gms.appintegrity, using defaults.
06-08 15:42:27.998 I/RcsClientLib( 2973): Disconnecting ChatSessionService
06-08 15:42:27.999 W/RcsClientLib( 2973): Unexpected error when trying to unbind com.google.android.ims.rcsservice.chatsession.IChatSession: Service not registered: bwbs@c992c51
06-08 15:42:28.000 W/RcsClientLib( 2973): java.lang.IllegalArgumentException: Service not registered: bwbs@c992c51
06-08 15:42:28.000 W/RcsClientLib( 2973): 	at android.app.LoadedApk.forgetServiceDispatcher(LoadedApk.java:1991)
06-08 15:42:28.000 W/RcsClientLib( 2973): 	at android.app.ContextImpl.unbindService(ContextImpl.java:2076)
06-08 15:42:28.000 W/RcsClientLib( 2973): 	at android.content.ContextWrapper.unbindService(ContextWrapper.java:889)
06-08 15:42:28.000 W/RcsClientLib( 2973): 	at bwbp.g(PG:1)
06-08 15:42:28.000 W/RcsClientLib( 2973): 	at bwbp.disconnect(PG:2)
06-08 15:42:28.000 W/RcsClientLib( 2973): 	at aphs.p(PG:1)
06-08 15:42:28.000 W/RcsClientLib( 2973): 	at com.google.android.apps.messaging.rcsmigration.RcsStateProvider.lambda$onMigrationComplete$0$com-google-android-apps-messaging-rcsmigration-RcsStateProvider(PG:5)
06-08 15:42:28.000 W/RcsClientLib( 2973): 	at vdm.run(Unknown Source:2)
06-08 15:42:28.000 W/RcsClientLib( 2973): 	at byyc.run(PG:1)
06-08 15:42:28.000 W/RcsClientLib( 2973): 	at java.util.concurrent.Executors$RunnableAdapter.call(Executors.java:463)
06-08 15:42:28.000 W/RcsClientLib( 2973): 	at ceby.a(PG:1)
06-08 15:42:28.000 W/RcsClientLib( 2973): 	at ceav.run(PG:4)
06-08 15:42:28.000 W/RcsClientLib( 2973): 	at cebz.run(PG:1)
06-08 15:42:28.000 W/RcsClientLib( 2973): 	at bkac.run(PG:1)
06-08 15:42:28.000 W/RcsClientLib( 2973): 	at java.util.concurrent.ThreadPoolExecutor.runWorker(ThreadPoolExecutor.java:1137)
06-08 15:42:28.000 W/RcsClientLib( 2973): 	at java.util.concurrent.ThreadPoolExecutor$Worker.run(ThreadPoolExecutor.java:637)
06-08 15:42:28.000 W/RcsClientLib( 2973): 	at bjzg.run(PG:2)
06-08 15:42:28.000 W/RcsClientLib( 2973): 	at java.lang.Thread.run(Thread.java:1012)
06-08 15:42:28.000 W/RcsClientLib( 2973): 	at bkam.run(PG:5)
06-08 15:42:28.001 I/RcsClientLib( 2973): Disconnecting EventService
06-08 15:42:28.001 W/RcsClientLib( 2973): Unexpected error when trying to unbind com.google.android.ims.rcsservice.events.IEvent: Service not registered: bwbs@f68f924
06-08 15:42:28.002 W/RcsClientLib( 2973): java.lang.IllegalArgumentException: Service not registered: bwbs@f68f924
06-08 15:42:28.002 W/RcsClientLib( 2973): 	at android.app.LoadedApk.forgetServiceDispatcher(LoadedApk.java:1991)
06-08 15:42:28.002 W/RcsClientLib( 2973): 	at android.app.ContextImpl.unbindService(ContextImpl.java:2076)
06-08 15:42:28.002 W/RcsClientLib( 2973): 	at android.content.ContextWrapper.unbindService(ContextWrapper.java:889)
06-08 15:42:28.002 W/RcsClientLib( 2973): 	at bwbp.g(PG:1)
06-08 15:42:28.002 W/RcsClientLib( 2973): 	at bwbp.disconnect(PG:2)
06-08 15:42:28.002 W/RcsClientLib( 2973): 	at com.google.android.rcs.client.events.EventService.disconnect(PG:2)
06-08 15:42:28.002 W/RcsClientLib( 2973): 	at aphs.p(PG:2)
06-08 15:42:28.002 W/RcsClientLib( 2973): 	at com.google.android.apps.messaging.rcsmigration.RcsStateProvider.lambda$onMigrationComplete$0$com-google-android-apps-messaging-rcsmigration-RcsStateProvider(PG:5)
06-08 15:42:28.002 W/RcsClientLib( 2973): 	at vdm.run(Unknown Source:2)
06-08 15:42:28.002 W/RcsClientLib( 2973): 	at byyc.run(PG:1)
06-08 15:42:28.002 W/RcsClientLib( 2973): 	at java.util.concurrent.Executors$RunnableAdapter.call(Executors.java:463)
06-08 15:42:28.002 W/RcsClientLib( 2973): 	at ceby.a(PG:1)
06-08 15:42:28.002 W/RcsClientLib( 2973): 	at ceav.run(PG:4)
06-08 15:42:28.002 W/RcsClientLib( 2973): 	at cebz.run(PG:1)
06-08 15:42:28.002 W/RcsClientLib( 2973): 	at bkac.run(PG:1)
06-08 15:42:28.002 W/RcsClientLib( 2973): 	at java.util.concurrent.ThreadPoolExecutor.runWorker(ThreadPoolExecutor.java:1137)
06-08 15:42:28.002 W/RcsClientLib( 2973): 	at java.util.concurrent.ThreadPoolExecutor$Worker.run(ThreadPoolExecutor.java:637)
06-08 15:42:28.002 W/RcsClientLib( 2973): 	at bjzg.run(PG:2)
06-08 15:42:28.002 W/RcsClientLib( 2973): 	at java.lang.Thread.run(Thread.java:1012)
06-08 15:42:28.002 W/RcsClientLib( 2973): 	at bkam.run(PG:5)
06-08 15:42:28.002 I/RcsClientLib( 2973): Disconnecting ContactsService
06-08 15:42:28.002 W/RcsClientLib( 2973): Unexpected error when trying to unbind com.google.android.ims.rcsservice.contacts.IContactsManagement: Service not registered: bwbs@c91ee42
06-08 15:42:28.003 W/RcsClientLib( 2973): java.lang.IllegalArgumentException: Service not registered: bwbs@c91ee42
06-08 15:42:28.003 W/RcsClientLib( 2973): 	at android.app.LoadedApk.forgetServiceDispatcher(LoadedApk.java:1991)
06-08 15:42:28.003 W/RcsClientLib( 2973): 	at android.app.ContextImpl.unbindService(ContextImpl.java:2076)
06-08 15:42:28.003 W/RcsClientLib( 2973): 	at android.content.ContextWrapper.unbindService(ContextWrapper.java:889)
06-08 15:42:28.003 W/RcsClientLib( 2973): 	at bwbp.g(PG:1)
06-08 15:42:28.003 W/RcsClientLib( 2973): 	at bwbp.disconnect(PG:2)
06-08 15:42:28.003 W/RcsClientLib( 2973): 	at aphs.p(PG:3)
06-08 15:42:28.003 W/RcsClientLib( 2973): 	at com.google.android.apps.messaging.rcsmigration.RcsStateProvider.lambda$onMigrationComplete$0$com-google-android-apps-messaging-rcsmigration-RcsStateProvider(PG:5)
06-08 15:42:28.003 W/RcsClientLib( 2973): 	at vdm.run(Unknown Source:2)
06-08 15:42:28.003 W/RcsClientLib( 2973): 	at byyc.run(PG:1)
06-08 15:42:28.003 W/RcsClientLib( 2973): 	at java.util.concurrent.Executors$RunnableAdapter.call(Executors.java:463)
06-08 15:42:28.003 W/RcsClientLib( 2973): 	at ceby.a(PG:1)
06-08 15:42:28.003 W/RcsClientLib( 2973): 	at ceav.run(PG:4)
06-08 15:42:28.003 W/RcsClientLib( 2973): 	at cebz.run(PG:1)
06-08 15:42:28.003 W/RcsClientLib( 2973): 	at bkac.run(PG:1)
06-08 15:42:28.003 W/RcsClientLib( 2973): 	at java.util.concurrent.ThreadPoolExecutor.runWorker(ThreadPoolExecutor.java:1137)
06-08 15:42:28.003 W/RcsClientLib( 2973): 	at java.util.concurrent.ThreadPoolExecutor$Worker.run(ThreadPoolExecutor.java:637)
06-08 15:42:28.003 W/RcsClientLib( 2973): 	at bjzg.run(PG:2)
06-08 15:42:28.003 W/RcsClientLib( 2973): 	at java.lang.Thread.run(Thread.java:1012)
06-08 15:42:28.003 W/RcsClientLib( 2973): 	at bkam.run(PG:5)
06-08 15:42:28.003 I/RcsClientLib( 2973): Disconnecting FileTransferService
06-08 15:42:28.003 W/RcsClientLib( 2973): Unexpected error when trying to unbind com.google.android.ims.rcsservice.filetransfer.IFileTransfer: Service not registered: bwbs@ece8390
06-08 15:42:28.003 W/RcsClientLib( 2973): java.lang.IllegalArgumentException: Service not registered: bwbs@ece8390
06-08 15:42:28.003 W/RcsClientLib( 2973): 	at android.app.LoadedApk.forgetServiceDispatcher(LoadedApk.java:1991)
06-08 15:42:28.003 W/RcsClientLib( 2973): 	at android.app.ContextImpl.unbindService(ContextImpl.java:2076)
06-08 15:42:28.003 W/RcsClientLib( 2973): 	at android.content.ContextWrapper.unbindService(ContextWrapper.java:889)
06-08 15:42:28.003 W/RcsClientLib( 2973): 	at bwbp.g(PG:1)
06-08 15:42:28.003 W/RcsClientLib( 2973): 	at bwbp.disconnect(PG:2)
06-08 15:42:28.003 W/RcsClientLib( 2973): 	at aphs.p(PG:4)
06-08 15:42:28.003 W/RcsClientLib( 2973): 	at com.google.android.apps.messaging.rcsmigration.RcsStateProvider.lambda$onMigrationComplete$0$com-google-android-apps-messaging-rcsmigration-RcsStateProvider(PG:5)
06-08 15:42:28.003 W/RcsClientLib( 2973): 	at vdm.run(Unknown Source:2)
06-08 15:42:28.003 W/RcsClientLib( 2973): 	at byyc.run(PG:1)
06-08 15:42:28.003 W/RcsClientLib( 2973): 	at java.util.concurrent.Executors$RunnableAdapter.call(Executors.java:463)
06-08 15:42:28.003 W/RcsClientLib( 2973): 	at ceby.a(PG:1)
06-08 15:42:28.003 W/RcsClientLib( 2973): 	at ceav.run(PG:4)
06-08 15:42:28.003 W/RcsClientLib( 2973): 	at cebz.run(PG:1)
06-08 15:42:28.003 W/RcsClientLib( 2973): 	at bkac.run(PG:1)
06-08 15:42:28.003 W/RcsClientLib( 2973): 	at java.util.concurrent.ThreadPoolExecutor.runWorker(ThreadPoolExecutor.java:1137)
06-08 15:42:28.003 W/RcsClientLib( 2973): 	at java.util.concurrent.ThreadPoolExecutor$Worker.run(ThreadPoolExecutor.java:637)
06-08 15:42:28.003 W/RcsClientLib( 2973): 	at bjzg.run(PG:2)
06-08 15:42:28.003 W/RcsClientLib( 2973): 	at java.lang.Thread.run(Thread.java:1012)
06-08 15:42:28.003 W/RcsClientLib( 2973): 	at bkam.run(PG:5)
06-08 15:42:28.003 I/RcsClientLib( 2973): Disconnecting LocationSharingService
06-08 15:42:28.003 W/RcsClientLib( 2973): Unexpected error when trying to unbind com.google.android.ims.rcsservice.locationsharing.ILocationSharing: Service not registered: bwbs@2d4ac8e
06-08 15:42:28.003 W/RcsClientLib( 2973): java.lang.IllegalArgumentException: Service not registered: bwbs@2d4ac8e
06-08 15:42:28.003 W/RcsClientLib( 2973): 	at android.app.LoadedApk.forgetServiceDispatcher(LoadedApk.java:1991)
06-08 15:42:28.003 W/RcsClientLib( 2973): 	at android.app.ContextImpl.unbindService(ContextImpl.java:2076)
06-08 15:42:28.003 W/RcsClientLib( 2973): 	at android.content.ContextWrapper.unbindService(ContextWrapper.java:889)
06-08 15:42:28.003 W/RcsClientLib( 2973): 	at bwbp.g(PG:1)
06-08 15:42:28.003 W/RcsClientLib( 2973): 	at bwbp.disconnect(PG:2)
06-08 15:42:28.003 W/RcsClientLib( 2973): 	at aphs.p(PG:5)
06-08 15:42:28.003 W/RcsClientLib( 2973): 	at com.google.android.apps.messaging.rcsmigration.RcsStateProvider.lambda$onMigrationComplete$0$com-google-android-apps-messaging-rcsmigration-RcsStateProvider(PG:5)
06-08 15:42:28.003 W/RcsClientLib( 2973): 	at vdm.run(Unknown Source:2)
06-08 15:42:28.003 W/RcsClientLib( 2973): 	at byyc.run(PG:1)
06-08 15:42:28.003 W/RcsClientLib( 2973): 	at java.util.concurrent.Executors$RunnableAdapter.call(Executors.java:463)
06-08 15:42:28.003 W/RcsClientLib( 2973): 	at ceby.a(PG:1)
06-08 15:42:28.003 W/RcsClientLib( 2973): 	at ceav.run(PG:4)
06-08 15:42:28.003 W/RcsClientLib( 2973): 	at cebz.run(PG:1)
06-08 15:42:28.003 W/RcsClientLib( 2973): 	at bkac.run(PG:1)
06-08 15:42:28.003 W/RcsClientLib( 2973): 	at java.util.concurrent.ThreadPoolExecutor.runWorker(ThreadPoolExecutor.java:1137)
06-08 15:42:28.003 W/RcsClientLib( 2973): 	at java.util.concurrent.ThreadPoolExecutor$Worker.run(ThreadPoolExecutor.java:637)
06-08 15:42:28.003 W/RcsClientLib( 2973): 	at bjzg.run(PG:2)
06-08 15:42:28.003 W/RcsClientLib( 2973): 	at java.lang.Thread.run(Thread.java:1012)
06-08 15:42:28.003 W/RcsClientLib( 2973): 	at bkam.run(PG:5)
06-08 15:42:28.003 I/RcsClientLib( 2973): Disconnecting ImsConnectionTrackerService
06-08 15:42:28.003 W/RcsClientLib( 2973): Unexpected error when trying to unbind com.google.android.ims.rcsservice.ims.IImsConnectionTracker: Service not registered: bwbs@ac048bc
06-08 15:42:28.003 W/RcsClientLib( 2973): java.lang.IllegalArgumentException: Service not registered: bwbs@ac048bc
06-08 15:42:28.003 W/RcsClientLib( 2973): 	at android.app.LoadedApk.forgetServiceDispatcher(LoadedApk.java:1991)
06-08 15:42:28.003 W/RcsClientLib( 2973): 	at android.app.ContextImpl.unbindService(ContextImpl.java:2076)
06-08 15:42:28.003 W/RcsClientLib( 2973): 	at android.content.ContextWrapper.unbindService(ContextWrapper.java:889)
06-08 15:42:28.003 W/RcsClientLib( 2973): 	at bwbp.g(PG:1)
06-08 15:42:28.003 W/RcsClientLib( 2973): 	at bwbp.disconnect(PG:2)
06-08 15:42:28.003 W/RcsClientLib( 2973): 	at aphs.p(PG:6)
06-08 15:42:28.003 W/RcsClientLib( 2973): 	at com.google.android.apps.messaging.rcsmigration.RcsStateProvider.lambda$onMigrationComplete$0$com-google-android-apps-messaging-rcsmigration-RcsStateProvider(PG:5)
06-08 15:42:28.003 W/RcsClientLib( 2973): 	at vdm.run(Unknown Source:2)
06-08 15:42:28.003 W/RcsClientLib( 2973): 	at byyc.run(PG:1)
06-08 15:42:28.003 W/RcsClientLib( 2973): 	at java.util.concurrent.Executors$RunnableAdapter.call(Executors.java:463)
06-08 15:42:28.003 W/RcsClientLib( 2973): 	at ceby.a(PG:1)
06-08 15:42:28.003 W/RcsClientLib( 2973): 	at ceav.run(PG:4)
06-08 15:42:28.003 W/RcsClientLib( 2973): 	at cebz.run(PG:1)
06-08 15:42:28.003 W/RcsClientLib( 2973): 	at bkac.run(PG:1)
06-08 15:42:28.003 W/RcsClientLib( 2973): 	at java.util.concurrent.ThreadPoolExecutor.runWorker(ThreadPoolExecutor.java:1137)
06-08 15:42:28.003 W/RcsClientLib( 2973): 	at java.util.concurrent.ThreadPoolExecutor$Worker.run(ThreadPoolExecutor.java:637)
06-08 15:42:28.003 W/RcsClientLib( 2973): 	at bjzg.run(PG:2)
06-08 15:42:28.003 W/RcsClientLib( 2973): 	at java.lang.Thread.run(Thread.java:1012)
06-08 15:42:28.003 W/RcsClientLib( 2973): 	at bkam.run(PG:5)
06-08 15:42:28.003 I/RcsClientLib( 2973): Disconnecting RcsProfileService
06-08 15:42:28.003 W/RcsClientLib( 2973): Unexpected error when trying to unbind com.google.android.ims.rcsservice.profile.IRcsProfile: Service not registered: bwbs@773039a
06-08 15:42:28.003 W/RcsClientLib( 2973): java.lang.IllegalArgumentException: Service not registered: bwbs@773039a
06-08 15:42:28.003 W/RcsClientLib( 2973): 	at android.app.LoadedApk.forgetServiceDispatcher(LoadedApk.java:1991)
06-08 15:42:28.003 W/RcsClientLib( 2973): 	at android.app.ContextImpl.unbindService(ContextImpl.java:2076)
06-08 15:42:28.003 W/RcsClientLib( 2973): 	at android.content.ContextWrapper.unbindService(ContextWrapper.java:889)
06-08 15:42:28.003 W/RcsClientLib( 2973): 	at bwbp.g(PG:1)
06-08 15:42:28.003 W/RcsClientLib( 2973): 	at bwbp.disconnect(PG:2)
06-08 15:42:28.003 W/RcsClientLib( 2973): 	at aphs.p(PG:7)
06-08 15:42:28.003 W/RcsClientLib( 2973): 	at com.google.android.apps.messaging.rcsmigration.RcsStateProvider.lambda$onMigrationComplete$0$com-google-android-apps-messaging-rcsmigration-RcsStateProvider(PG:5)
06-08 15:42:28.003 W/RcsClientLib( 2973): 	at vdm.run(Unknown Source:2)
06-08 15:42:28.003 W/RcsClientLib( 2973): 	at byyc.run(PG:1)
06-08 15:42:28.003 W/RcsClientLib( 2973): 	at java.util.concurrent.Executors$RunnableAdapter.call(Executors.java:463)
06-08 15:42:28.003 W/RcsClientLib( 2973): 	at ceby.a(PG:1)
06-08 15:42:28.003 W/RcsClientLib( 2973): 	at ceav.run(PG:4)
06-08 15:42:28.003 W/RcsClientLib( 2973): 	at cebz.run(PG:1)
06-08 15:42:28.003 W/RcsClientLib( 2973): 	at bkac.run(PG:1)
06-08 15:42:28.003 W/RcsClientLib( 2973): 	at java.util.concurrent.ThreadPoolExecutor.runWorker(ThreadPoolExecutor.java:1137)
06-08 15:42:28.003 W/RcsClientLib( 2973): 	at java.util.concurrent.ThreadPoolExecutor$Worker.run(ThreadPoolExecutor.java:637)
06-08 15:42:28.003 W/RcsClientLib( 2973): 	at bjzg.run(PG:2)
06-08 15:42:28.003 W/RcsClientLib( 2973): 	at java.lang.Thread.run(Thread.java:1012)
06-08 15:42:28.003 W/RcsClientLib( 2973): 	at bkam.run(PG:5)
06-08 15:42:28.003 I/RcsClientLib( 2973): Disconnecting BusinessInfoService
06-08 15:42:28.003 W/RcsClientLib( 2973): Unexpected error when trying to unbind com.google.android.ims.rcsservice.businessinfo.IBusinessInfo: Service not registered: bwbs@da734a8
06-08 15:42:28.004 W/RcsClientLib( 2973): java.lang.IllegalArgumentException: Service not registered: bwbs@da734a8
06-08 15:42:28.004 W/RcsClientLib( 2973): 	at android.app.LoadedApk.forgetServiceDispatcher(LoadedApk.java:1991)
06-08 15:42:28.004 W/RcsClientLib( 2973): 	at android.app.ContextImpl.unbindService(ContextImpl.java:2076)
06-08 15:42:28.004 W/RcsClientLib( 2973): 	at android.content.ContextWrapper.unbindService(ContextWrapper.java:889)
06-08 15:42:28.004 W/RcsClientLib( 2973): 	at bwbp.g(PG:1)
06-08 15:42:28.004 W/RcsClientLib( 2973): 	at bwbp.disconnect(PG:2)
06-08 15:42:28.004 W/RcsClientLib( 2973): 	at aphs.p(PG:8)
06-08 15:42:28.004 W/RcsClientLib( 2973): 	at com.google.android.apps.messaging.rcsmigration.RcsStateProvider.lambda$onMigrationComplete$0$com-google-android-apps-messaging-rcsmigration-RcsStateProvider(PG:5)
06-08 15:42:28.004 W/RcsClientLib( 2973): 	at vdm.run(Unknown Source:2)
06-08 15:42:28.004 W/RcsClientLib( 2973): 	at byyc.run(PG:1)
06-08 15:42:28.004 W/RcsClientLib( 2973): 	at java.util.concurrent.Executors$RunnableAdapter.call(Executors.java:463)
06-08 15:42:28.004 W/RcsClientLib( 2973): 	at ceby.a(PG:1)
06-08 15:42:28.004 W/RcsClientLib( 2973): 	at ceav.run(PG:4)
06-08 15:42:28.004 W/RcsClientLib( 2973): 	at cebz.run(PG:1)
06-08 15:42:28.004 W/RcsClientLib( 2973): 	at bkac.run(PG:1)
06-08 15:42:28.004 W/RcsClientLib( 2973): 	at java.util.concurrent.ThreadPoolExecutor.runWorker(ThreadPoolExecutor.java:1137)
06-08 15:42:28.004 W/RcsClientLib( 2973): 	at java.util.concurrent.ThreadPoolExecutor$Worker.run(ThreadPoolExecutor.java:637)
06-08 15:42:28.004 W/RcsClientLib( 2973): 	at bjzg.run(PG:2)
06-08 15:42:28.004 W/RcsClientLib( 2973): 	at java.lang.Thread.run(Thread.java:1012)
06-08 15:42:28.004 W/RcsClientLib( 2973): 	at bkam.run(PG:5)
06-08 15:42:28.006 I/RcsClientLib( 2973): Disconnecting RcsMessagingService
06-08 15:42:28.006 W/RcsClientLib( 2973): Unexpected error when trying to unbind com.google.android.rcs.client.messaging.IMessaging: Service not registered: bwbs@56dbf66
06-08 15:42:28.006 W/RcsClientLib( 2973): java.lang.IllegalArgumentException: Service not registered: bwbs@56dbf66
06-08 15:42:28.006 W/RcsClientLib( 2973): 	at android.app.LoadedApk.forgetServiceDispatcher(LoadedApk.java:1991)
06-08 15:42:28.006 W/RcsClientLib( 2973): 	at android.app.ContextImpl.unbindService(ContextImpl.java:2076)
06-08 15:42:28.006 W/RcsClientLib( 2973): 	at android.content.ContextWrapper.unbindService(ContextWrapper.java:889)
06-08 15:42:28.006 W/RcsClientLib( 2973): 	at bwbp.g(PG:1)
06-08 15:42:28.006 W/RcsClientLib( 2973): 	at bwbp.disconnect(PG:2)
06-08 15:42:28.006 W/RcsClientLib( 2973): 	at aphs.p(PG:9)
06-08 15:42:28.006 W/RcsClientLib( 2973): 	at com.google.android.apps.messaging.rcsmigration.RcsStateProvider.lambda$onMigrationComplete$0$com-google-android-apps-messaging-rcsmigration-RcsStateProvider(PG:5)
06-08 15:42:28.006 W/RcsClientLib( 2973): 	at vdm.run(Unknown Source:2)
06-08 15:42:28.006 W/RcsClientLib( 2973): 	at byyc.run(PG:1)
06-08 15:42:28.006 W/RcsClientLib( 2973): 	at java.util.concurrent.Executors$RunnableAdapter.call(Executors.java:463)
06-08 15:42:28.006 W/RcsClientLib( 2973): 	at ceby.a(PG:1)
06-08 15:42:28.006 W/RcsClientLib( 2973): 	at ceav.run(PG:4)
06-08 15:42:28.006 W/RcsClientLib( 2973): 	at cebz.run(PG:1)
06-08 15:42:28.006 W/RcsClientLib( 2973): 	at bkac.run(PG:1)
06-08 15:42:28.006 W/RcsClientLib( 2973): 	at java.util.concurrent.ThreadPoolExecutor.runWorker(ThreadPoolExecutor.java:1137)
06-08 15:42:28.006 W/RcsClientLib( 2973): 	at java.util.concurrent.ThreadPoolExecutor$Worker.run(ThreadPoolExecutor.java:637)
06-08 15:42:28.006 W/RcsClientLib( 2973): 	at bjzg.run(PG:2)
06-08 15:42:28.006 W/RcsClientLib( 2973): 	at java.lang.Thread.run(Thread.java:1012)
06-08 15:42:28.006 W/RcsClientLib( 2973): 	at bkam.run(PG:5)
06-08 15:42:28.006 I/RcsClientLib( 2973): Disconnecting TransportControlService
06-08 15:42:28.006 W/RcsClientLib( 2973): Unexpected error when trying to unbind com.google.android.ims.rcsservice.transportcontrol.ITransportControl: Service not registered: bwbs@d8ef354
06-08 15:42:28.006 W/RcsClientLib( 2973): java.lang.IllegalArgumentException: Service not registered: bwbs@d8ef354
06-08 15:42:28.006 W/RcsClientLib( 2973): 	at android.app.LoadedApk.forgetServiceDispatcher(LoadedApk.java:1991)
06-08 15:42:28.006 W/RcsClientLib( 2973): 	at android.app.ContextImpl.unbindService(ContextImpl.java:2076)
06-08 15:42:28.006 W/RcsClientLib( 2973): 	at android.content.ContextWrapper.unbindService(ContextWrapper.java:889)
06-08 15:42:28.006 W/RcsClientLib( 2973): 	at bwbp.g(PG:1)
06-08 15:42:28.006 W/RcsClientLib( 2973): 	at bwbp.disconnect(PG:2)
06-08 15:42:28.006 W/RcsClientLib( 2973): 	at aphs.p(PG:10)
06-08 15:42:28.006 W/RcsClientLib( 2973): 	at com.google.android.apps.messaging.rcsmigration.RcsStateProvider.lambda$onMigrationComplete$0$com-google-android-apps-messaging-rcsmigration-RcsStateProvider(PG:5)
06-08 15:42:28.006 W/RcsClientLib( 2973): 	at vdm.run(Unknown Source:2)
06-08 15:42:28.006 W/RcsClientLib( 2973): 	at byyc.run(PG:1)
06-08 15:42:28.006 W/RcsClientLib( 2973): 	at java.util.concurrent.Executors$RunnableAdapter.call(Executors.java:463)
06-08 15:42:28.006 W/RcsClientLib( 2973): 	at ceby.a(PG:1)
06-08 15:42:28.006 W/RcsClientLib( 2973): 	at ceav.run(PG:4)
06-08 15:42:28.006 W/RcsClientLib( 2973): 	at cebz.run(PG:1)
06-08 15:42:28.006 W/RcsClientLib( 2973): 	at bkac.run(PG:1)
06-08 15:42:28.006 W/RcsClientLib( 2973): 	at java.util.concurrent.ThreadPoolExecutor.runWorker(ThreadPoolExecutor.java:1137)
06-08 15:42:28.006 W/RcsClientLib( 2973): 	at java.util.concurrent.ThreadPoolExecutor$Worker.run(ThreadPoolExecutor.java:637)
06-08 15:42:28.006 W/RcsClientLib( 2973): 	at bjzg.run(PG:2)
06-08 15:42:28.006 W/RcsClientLib( 2973): 	at java.lang.Thread.run(Thread.java:1012)
06-08 15:42:28.006 W/RcsClientLib( 2973): 	at bkam.run(PG:5)
06-08 15:42:28.006 W/BugleRcs( 2973): disconnecting from all Rcs Services
06-08 15:42:28.009 D/AndroidRuntime( 3588): >>>>>> START com.android.internal.os.RuntimeInit uid 2000 <<<<<<
06-08 15:42:28.017 I/ModuleSetMgr( 1299): Download of container feature antifingerprinting is disabled.
06-08 15:42:28.034 E/BackupHelper(  775): Could not parse delayed permissions
06-08 15:42:28.034 E/BackupHelper(  775): java.io.FileNotFoundException: /data/user_de/0/com.google.android.permissioncontroller/files/delayed_restore_permissions.xml: open failed: ENOENT (No such file or directory)
06-08 15:42:28.034 E/BackupHelper(  775): 	at libcore.io.IoBridge.open(IoBridge.java:574)
06-08 15:42:28.034 E/BackupHelper(  775): 	at java.io.FileInputStream.<init>(FileInputStream.java:160)
06-08 15:42:28.034 E/BackupHelper(  775): 	at android.app.ContextImpl.openFileInput(ContextImpl.java:714)
06-08 15:42:28.034 E/BackupHelper(  775): 	at com.android.permissioncontroller.permission.service.BackupHelper.restoreDelayedState(BackupHelper.java:409)
06-08 15:42:28.034 E/BackupHelper(  775): 	at com.android.permissioncontroller.permission.service.PermissionControllerServiceImpl.onRestoreDelayedRuntimePermissionsBackup(PermissionControllerServiceImpl.java:422)
06-08 15:42:28.034 E/BackupHelper(  775): 	at com.android.permissioncontroller.permission.service.PermissionControllerServiceImpl.lambda$onApplyStagedRuntimePermissionBackup$4(PermissionControllerServiceImpl.java:416)
06-08 15:42:28.034 E/BackupHelper(  775): 	at com.android.permissioncontroller.permission.service.PermissionControllerServiceImpl.$r8$lambda$d0Nn-xRapZQvoyXU4vSZgmIHAHQ(Unknown Source:0)
06-08 15:42:28.034 E/BackupHelper(  775): 	at com.android.permissioncontroller.permission.service.PermissionControllerServiceImpl$$ExternalSyntheticLambda10.run(Unknown Source:8)
06-08 15:42:28.034 E/BackupHelper(  775): 	at android.os.AsyncTask$SerialExecutor$1.run(AsyncTask.java:305)
06-08 15:42:28.034 E/BackupHelper(  775): 	at java.util.concurrent.ThreadPoolExecutor.runWorker(ThreadPoolExecutor.java:1137)
06-08 15:42:28.034 E/BackupHelper(  775): 	at java.util.concurrent.ThreadPoolExecutor$Worker.run(ThreadPoolExecutor.java:637)
06-08 15:42:28.034 E/BackupHelper(  775): 	at java.lang.Thread.run(Thread.java:1012)
06-08 15:42:28.034 E/BackupHelper(  775): Caused by: android.system.ErrnoException: open failed: ENOENT (No such file or directory)
06-08 15:42:28.034 E/BackupHelper(  775): 	at libcore.io.Linux.open(Native Method)
06-08 15:42:28.034 E/BackupHelper(  775): 	at libcore.io.ForwardingOs.open(ForwardingOs.java:563)
06-08 15:42:28.034 E/BackupHelper(  775): 	at libcore.io.BlockGuardOs.open(BlockGuardOs.java:274)
06-08 15:42:28.034 E/BackupHelper(  775): 	at libcore.io.ForwardingOs.open(ForwardingOs.java:563)
06-08 15:42:28.034 E/BackupHelper(  775): 	at android.app.ActivityThread$AndroidOs.open(ActivityThread.java:7810)
06-08 15:42:28.034 E/BackupHelper(  775): 	at libcore.io.IoBridge.open(IoBridge.java:560)
06-08 15:42:28.034 E/BackupHelper(  775): 	... 11 more
06-08 15:42:28.037 I/BugleRcsEngine( 2973): [60] RcsStateProvider.lambda$onMigrationComplete$0$com-google-android-apps-messaging-rcsmigration-RcsStateProvider: JibeService stopped: false
06-08 15:42:28.045 D/LoaderTask( 1008): finish icon update
06-08 15:42:28.048 D/QuickstepModelDelegate( 1008): Successfully registered for launcher snapshot logging!
06-08 15:42:28.049 D/ThemeOverlayController(  774): Writing boot animation colors 1: -1646849
06-08 15:42:28.055 D/ThemeOverlayController(  774): Writing boot animation colors 2: -11815192
06-08 15:42:28.061 D/ThemeOverlayController(  774): Writing boot animation colors 3: -10126971
06-08 15:42:28.064 I/AndroidRuntime( 3588): Using default boot image
06-08 15:42:28.064 I/AndroidRuntime( 3588): Leaving lock profiling enabled
06-08 15:42:28.064 D/ThemeOverlayController(  774): Writing boot animation colors 4: -4069121
06-08 15:42:28.066 D/LockscreenSmartspaceController(  774): Ended smartspace session for lockscreen
06-08 15:42:28.067 E/KeyguardClockSwitch(  774): No clock being shown
06-08 15:42:28.071 I/app_process( 3588): Using CollectorTypeCC GC.
06-08 15:42:28.079 I/AiAiEcho( 1659): Predicting[0]: 
06-08 15:42:28.079 I/AiAiEcho( 1659): Ranked targets strategy: SORT, count: 0, ranking metadata: 
06-08 15:42:28.080 I/AiAiEcho( 1659): #postPredictionTargets: Sending updates to UISurface home with targets# 0
06-08 15:42:28.084 W/AlarmManager(  774): Unrecognized alarm listener com.google.android.systemui.smartspace.KeyguardZenAlarmViewController$showNextAlarm$1@4d588d
06-08 15:42:28.084 W/AlarmManager(  774): Unrecognized alarm listener com.google.android.systemui.smartspace.KeyguardZenAlarmViewController$showNextAlarm$1@4d588d
06-08 15:42:28.085 D/LockscreenSmartspaceController(  774): Starting smartspace session for lockscreen
06-08 15:42:28.088 I/Finsky  ( 2961): [42] yhm.<init>(3): Setup app restrictions monitor
06-08 15:42:28.089 D/CompatibilityChangeReporter(  482): Compat change id reported: 161145287; UID 10110; state: DISABLED
06-08 15:42:28.089 I/AiAiEcho( 1659): Predicting[0]: 
06-08 15:42:28.089 I/AiAiEcho( 1659): Ranked targets strategy: SORT, count: 0, ranking metadata: 
06-08 15:42:28.089 I/Finsky  ( 2961): [42] ynf.a(3): Device wide unknown source restriction is changed.
06-08 15:42:28.089 I/AiAiEcho( 1659): Predicting[0]: 
06-08 15:42:28.089 I/AiAiEcho( 1659): Ranked targets strategy: SORT, count: 0, ranking metadata: 
06-08 15:42:28.089 I/AiAiEcho( 1659): #postPredictionTargets: Sending updates to UISurface lockscreen with targets# 0
06-08 15:42:28.090 I/AiAiEcho( 1659): #postPredictionTargets: Sending updates to UISurface home with targets# 0
06-08 15:42:28.090 I/AiAiEcho( 1659): #postPredictionTargets: Sending updates to UISurface lockscreen with targets# 0
06-08 15:42:28.090 I/AiAiEcho( 1659): #postPredictionTargets: Sending updates to UISurface home with targets# 0
06-08 15:42:28.100 I/Finsky  ( 2961): [42] yxp.d(3): SysUA: Disable SystemUpdateActivity, because no login account
06-08 15:42:28.101 I/AiAiEcho( 1659): Predicting[0]: 
06-08 15:42:28.101 I/AiAiEcho( 1659): Ranked targets strategy: SORT, count: 0, ranking metadata: 
06-08 15:42:28.101 I/AiAiEcho( 1659): #postPredictionTargets: Sending updates to UISurface lockscreen with targets# 0
06-08 15:42:28.101 I/AiAiEcho( 1659): #postPredictionTargets: Sending updates to UISurface home with targets# 0
06-08 15:42:28.102 I/Finsky  ( 2961): [62] ftf.run(39): SysUA: Set SystemUpdateActivity enabled state to 2
06-08 15:42:28.110 W/Settings( 2961): Setting download_manager_max_bytes_over_mobile has moved from android.provider.Settings.Secure to android.provider.Settings.Global.
06-08 15:42:28.111 I/Finsky  ( 2961): [42] oiv.i(3): SettingNotFoundException, fall through to G.downloadBytesOverMobileMaximum
06-08 15:42:28.115 I/Finsky  ( 2961): [51] or.run(8): Set UnhibernateActivity enabled state to 0
06-08 15:42:28.116 I/RcsClientLib( 2973): Connecting ChatSessionService
06-08 15:42:28.117 W/Parcel  ( 1008): Expecting binder but got null!
06-08 15:42:28.120 E/FrameEvents( 1008): updateAcquireFence: Did not find frame.
06-08 15:42:28.155 W/Settings( 2961): Setting download_manager_recommended_max_bytes_over_mobile has moved from android.provider.Settings.Secure to android.provider.Settings.Global.
06-08 15:42:28.156 I/Finsky  ( 2961): [42] oiv.h(3): SettingNotFoundException, fall through to G.downloadBytesOverMobileRecommended
06-08 15:42:28.158 I/Finsky  ( 2961): [42] adlq.c(2): registerListener
06-08 15:42:28.162 D/EGL_emulation( 1008): app_time_stats: avg=106.34ms min=3.81ms max=513.54ms count=11
06-08 15:42:28.170 W/AppIntegrityRulePusher( 1299): Successfully pushed ruleset prod_rule_set_version_23 to AIC.
06-08 15:42:28.201 I/RcsClientLib( 2973): shouldUseCarrierServicesJibeService: true, CarrierServices rcs service found: true
06-08 15:42:28.212 W/ActivityManager(  482): Receiver with filter android.content.IntentFilter@9272e2a already registered for pid 2961, callerPackage is com.android.vending
06-08 15:42:28.212 I/Finsky  ( 2961): [42] adlq.c(2): registerListener
06-08 15:42:28.213 E/Finsky  ( 2961): [43] grs.a(51): Unexpected android-id = 0
06-08 15:42:28.219 I/Finsky  ( 2961): [59] peu.run(15): SysCUA: Set {com.android.vending/com.google.android.finsky.systemcomponentupdateui.common.SystemComponentUpdateActivity} enabled state to 0
06-08 15:42:28.220 I/Finsky  ( 2961): [42] neo.m(6): Enqueuing libraries load for 0
06-08 15:42:28.221 I/Finsky  ( 2961): [62] neo.o(1): Starting libraries load for 0
06-08 15:42:28.234 D/PhenotypeUpdateService( 3564): onCreate called
06-08 15:42:28.237 D/PhenotypeUpdateService( 3564): Registering with Phenotype
06-08 15:42:28.251 D/app_process( 3588): Time zone APEX ICU file found: /apex/com.android.tzdata/etc/icu/icu_tzdata.dat
06-08 15:42:28.251 D/app_process( 3588): I18n APEX ICU file found: /apex/com.android.i18n/etc/icu/icudt70l.dat
06-08 15:42:28.262 I/HeterodyneSyncScheduler( 1107): Scheduling Phenotype for a PhenotypeSyncImmediately(6, com.google.android.apps.messaging.auto#com.google.android.apps.messaging) one off with window [1, 2] in seconds [CONTEXT service_id=51 ]
06-08 15:42:28.263 W/bwft    ( 1107): Succeeded but not registered: com.google.android.libraries.notifications.platform#com.google.android.apps.messaging [CONTEXT service_id=51 ]
06-08 15:42:28.264 W/bwft    ( 1107): Succeeded but not registered: com.google.android.libraries.internal.growth.growthkit#com.google.android.apps.messaging [CONTEXT service_id=51 ]
06-08 15:42:28.281 E/PlayCommon( 3564): [42] adjn.<init>(8): Failed to restore PlayMetalog
06-08 15:42:28.281 E/PlayCommon( 3564): [42] adjn.<init>(11): Failed to restore LogsUploadAttempt
06-08 15:42:28.290 D/CompatibilityChangeReporter( 3564): Compat change id reported: 194532703; UID 10110; state: DISABLED
06-08 15:42:28.290 D/CompatibilityChangeReporter(  482): Compat change id reported: 194532703; UID 10110; state: DISABLED
06-08 15:42:28.291 I/Finsky  ( 2961): [44] xxf.a(1): Warm data store was already initialized.
06-08 15:42:28.291 I/Finsky  ( 2961): [44] xxh.a(1): Warm data store was already initialized.
06-08 15:42:28.293 I/Finsky  ( 2961): [46] uzw.<init>(4): Item store provider started.
06-08 15:42:28.298 W/TimedProcessReaper( 2973): Scheduling killing of process to refresh configuration
06-08 15:42:28.299 I/SystemUpdate( 1107): [Control,ChimeraSystemUpdatePersistentListenerService] Start (command: stop_listener, action: android.intent.action.SCREEN_ON, request ID: reminder
06-08 15:42:28.299 I/SystemUpdate( 1107): [Control,ChimeraSystemUpdatePersistentListenerService] Got request (reminder) to unregister for action: android.intent.action.SCREEN_ON
06-08 15:42:28.299 I/SystemUpdate( 1107): [Control,ChimeraSystemUpdatePersistentListenerService] Stopping ChimeraSystemUpdatePersistentListenerService
06-08 15:42:28.306 W/TimedProcessReaper( 2973): Scheduling killing of process to refresh configuration
06-08 15:42:28.306 D/BoundBrokerSvc( 1107): onBind: Intent { act=com.google.android.gms.icing.LIGHTWEIGHT_INDEX_SERVICE dat=chimera-action:/... cmp=com.google.android.gms/.chimera.PersistentApiService }
06-08 15:42:28.306 D/BoundBrokerSvc( 1107): Loading bound service for intent: Intent { act=com.google.android.gms.icing.LIGHTWEIGHT_INDEX_SERVICE dat=chimera-action:/... cmp=com.google.android.gms/.chimera.PersistentApiService }
06-08 15:42:28.314 D/SharedPreferencesImpl( 1000): Time required to fsync /data/user/0/com.android.providers.telephony/shared_prefs/com.android.providers.telephony_preferences.xml: [<1: 0, <2: 0, <4: 0, <8: 0, <16: 0, <32: 0, <64: 0, <128: 0, <256: 0, <512: 1, <1024: 0, <2048: 0, <4096: 0, <8192: 0, <16384: 0, >=16384: 0]
06-08 15:42:28.323 I/Fitness ( 1107): FitCleanupIntentOperation received Intent android.intent.action.PACKAGE_CHANGED [CONTEXT service_id=17 ]
06-08 15:42:28.331 I/NearbySharing( 1107): ReceiveSurfaceService created [CONTEXT service_id=194 ]
06-08 15:42:28.331 I/NearbySharing( 1107): ReceiveSurfaceService started [CONTEXT service_id=194 ]
06-08 15:42:28.335 D/AndroidRuntime( 3588): Calling main entry com.android.commands.monkey.Monkey
06-08 15:42:28.336 D/ControlsListingControllerImpl(  774): ServiceConfig reloaded, count: 0
06-08 15:42:28.337 W/Monkey  ( 3588): args: [-p, org.khandaq.messenger, -c, android.intent.category.LAUNCHER, 1]
06-08 15:42:28.337 W/Monkey  ( 3588):  arg: "-p"
06-08 15:42:28.337 W/Monkey  ( 3588):  arg: "org.khandaq.messenger"
06-08 15:42:28.337 W/Monkey  ( 3588):  arg: "-c"
06-08 15:42:28.337 W/Monkey  ( 3588):  arg: "android.intent.category.LAUNCHER"
06-08 15:42:28.337 W/Monkey  ( 3588):  arg: "1"
06-08 15:42:28.337 W/Monkey  ( 3588): data="org.khandaq.messenger"
06-08 15:42:28.337 W/Monkey  ( 3588): data="android.intent.category.LAUNCHER"
06-08 15:42:28.342 I/SnapshotHandler( 1107): Unable to retrieve flag snapshot for com.google.android.gms.tron.metrics, using defaults.
06-08 15:42:28.345 D/NavigationModeController(  774): ACTION_OVERLAY_CHANGED
06-08 15:42:28.345 D/NavigationModeController(  774): getCurrentUserContext: contextUser=0 currentUser=0
06-08 15:42:28.345 D/QuickstepModelDelegate( 1008): notifyAppTargetEvent action=1 launchLocation=workspace/0/[-1,-1]/[1,1]
06-08 15:42:28.345 D/NavigationModeController(  774): getCurrentInteractionMode: mode=2 contextUser=0
06-08 15:42:28.345 D/NavigationModeController(  774): updateCurrentInteractionMode: mode=2
06-08 15:42:28.345 D/NavigationModeController(  774):   contextUser=0
06-08 15:42:28.345 D/NavigationModeController(  774):   assetPaths=
06-08 15:42:28.345 D/NavigationModeController(  774):     <empty> and /system/framework/framework-res.apk
06-08 15:42:28.345 D/NavigationModeController(  774):     /product/overlay/GoogleConfigOverlay.apk
06-08 15:42:28.345 D/NavigationModeController(  774):     /product/overlay/GoogleWebViewOverlay.apk
06-08 15:42:28.345 D/NavigationModeController(  774):     /vendor/overlay/framework-res__auto_generated_rro_vendor.apk
06-08 15:42:28.345 D/NavigationModeController(  774):     /product/overlay/PixelConfigOverlayCommon.apk
06-08 15:42:28.345 D/NavigationModeController(  774):     /product/overlay/framework-res__auto_generated_rro_product.apk
06-08 15:42:28.345 D/NavigationModeController(  774):     <empty> and /system_ext/priv-app/SystemUIGoogle/SystemUIGoogle.apk
06-08 15:42:28.345 D/NavigationModeController(  774):     /product/overlay/EmulationPixel6a/EmulationPixel6aOverlay.apk
06-08 15:42:28.345 D/NavigationModeController(  774):     /product/overlay/NavigationBarModeGestural/NavigationBarModeGesturalOverlay.apk
06-08 15:42:28.345 D/NavigationModeController(  774):     /product/overlay/SystemUIGoogle__auto_generated_rro_product.apk
06-08 15:42:28.345 D/NavigationModeController(  774):     /product/overlay/SystemUIGXOverlay.apk
06-08 15:42:28.345 D/NavigationModeController(  774):     /product/overlay/SystemUIEmulationPixel6a/SystemUIEmulationPixel6aOverlay.apk
06-08 15:42:28.346 D/NavigationModeController(  774): getCurrentUserContext: contextUser=0 currentUser=0
06-08 15:42:28.357 W/ActivityManager(  482): Unable to start service Intent { act=com.google.android.gms.home.service.START pkg=com.google.android.gms } U=0: not found
06-08 15:42:28.363 D/CompatibilityChangeReporter(  482): Compat change id reported: 161145287; UID 2000; state: DISABLED
06-08 15:42:28.365 W/BroadcastQueue(  482): Skipping deliver [background] BroadcastRecord{714f2 u-1 android.net.conn.CONNECTIVITY_CHANGE} to ReceiverList{91d743 3588 (unknown name)/2000/u-1 remote:f7b3454}: process gone or crashing
