06-08 15:42:30.371 I/Fitness ( 1107): OnPackageChangedOperation got intent: Intent { act=android.intent.action.PACKAGE_CHANGED dat=package: flg=0x45000010 pkg=com.google.android.gms cmp=com.google.android.gms/.chimera.PersistentIntentOperationService (has extras) } [CONTEXT service_id=17 ]
06-08 15:42:30.373 I/Fitness ( 1107): OnPackageChangedOperation got intent: Intent { act=android.intent.action.PACKAGE_CHANGED dat=package: flg=0x45000010 pkg=com.google.android.gms cmp=com.google.android.gms/.chimera.PersistentIntentOperationService (has extras) } [CONTEXT service_id=17 ]
06-08 15:42:30.393 I/Fitness ( 1107): FitCleanupIntentOperation received Intent android.intent.action.PACKAGE_CHANGED [CONTEXT service_id=17 ]
06-08 15:42:30.394 I/Fitness ( 1107): FitCleanupIntentOperation received Intent android.intent.action.PACKAGE_CHANGED [CONTEXT service_id=17 ]
06-08 15:42:30.425 W/PackageParser( 1299): Unknown element under <manifest>: queries at /data/user_de/0/com.google.android.gms/app_chimera/m/00000004/DynamiteModulesC.apk Binary XML file line #15
06-08 15:42:30.437 I/Fitness ( 1107): FitCleanupIntentOperation received Intent android.intent.action.PACKAGE_CHANGED [CONTEXT service_id=17 ]
06-08 15:42:30.438 I/Fitness ( 1107): FitCleanupIntentOperation received Intent android.intent.action.PACKAGE_CHANGED [CONTEXT service_id=17 ]
06-08 15:42:30.438 I/Fitness ( 1107): FitCleanupIntentOperation received Intent android.intent.action.PACKAGE_CHANGED [CONTEXT service_id=17 ]
06-08 15:42:30.441 D/CompatibilityChangeReporter(  482): Compat change id reported: 214016041; UID 10174; state: ENABLED
06-08 15:42:30.445 I/Fitness ( 1107): FitCleanupIntentOperation received Intent android.intent.action.PACKAGE_CHANGED [CONTEXT service_id=17 ]
06-08 15:42:30.460 I/Fitness ( 1107): OnPackageChangedOperation got intent: Intent { act=android.intent.action.PACKAGE_CHANGED dat=package: flg=0x45000010 pkg=com.google.android.gms cmp=com.google.android.gms/.chimera.PersistentIntentOperationService (has extras) } [CONTEXT service_id=17 ]
06-08 15:42:30.475 I/Fitness ( 1107): OnPackageChangedOperation got intent: Intent { act=android.intent.action.PACKAGE_CHANGED dat=package: flg=0x45000010 pkg=com.google.android.gms cmp=com.google.android.gms/.chimera.PersistentIntentOperationService (has extras) } [CONTEXT service_id=17 ]
06-08 15:42:30.478 W/Looper  (  482): Slow dispatch took 581ms android.ui h=com.android.server.wm.DisplayPolicy$PolicyHandler c=com.android.server.wm.DisplayPolicy$2$$ExternalSyntheticLambda3@cf3daf5 m=0
06-08 15:42:30.478 W/Looper  (  482): Slow delivery took 581ms android.ui h=com.android.server.wm.DisplayPolicy$PolicyHandler c=com.android.server.wm.DisplayPolicy$2$$ExternalSyntheticLambda2@f09108a m=0
06-08 15:42:30.481 I/Fitness ( 1107): OnPackageChangedOperation got intent: Intent { act=android.intent.action.PACKAGE_CHANGED dat=package: flg=0x45000010 pkg=com.google.android.gms cmp=com.google.android.gms/.chimera.PersistentIntentOperationService (has extras) } [CONTEXT service_id=17 ]
06-08 15:42:30.483 W/ChimeraUtils( 1107): Module com.google.android.gms.nearby_en missing resource null(0)
06-08 15:42:30.485 I/.apps.messaging( 2973): JIT allocated 72KB for compiled code of java.lang.Object uwq.l()
06-08 15:42:30.486 I/.apps.messaging( 2973): Compiler allocated 5636KB to compile java.lang.Object uwq.l()
06-08 15:42:30.527 I/GoogleInputMethodService( 1422): GoogleInputMethodService.onFinishInput():3227 
06-08 15:42:30.530 W/ChimeraUtils( 1107): Module com.google.android.gms.nearby_en missing resource null(0)
06-08 15:42:30.538 I/InputReader(  482): Reconfiguring input devices, changes=KEYBOARD_LAYOUTS | 
06-08 15:42:30.540 I/InputReader(  482): Reconfiguring input devices, changes=KEYBOARD_LAYOUTS | 
06-08 15:42:30.543 I/Fitness ( 1107): FitCleanupIntentOperation received Intent android.intent.action.PACKAGE_CHANGED [CONTEXT service_id=17 ]
06-08 15:42:30.544 I/Fitness ( 1107): FitCleanupIntentOperation received Intent android.intent.action.PACKAGE_CHANGED [CONTEXT service_id=17 ]
06-08 15:42:30.544 I/Fitness ( 1107): FitCleanupIntentOperation received Intent android.intent.action.PACKAGE_CHANGED [CONTEXT service_id=17 ]
06-08 15:42:30.545 D/BoundBrokerSvc( 1107): onBind: Intent { act=com.google.android.gms.nearby.exposurenotification.START dat=chimera-action:/... cmp=com.google.android.gms/.chimera.PersistentApiServiceNoInstantApps }
06-08 15:42:30.545 D/BoundBrokerSvc( 1107): Loading bound service for intent: Intent { act=com.google.android.gms.nearby.exposurenotification.START dat=chimera-action:/... cmp=com.google.android.gms/.chimera.PersistentApiServiceNoInstantApps }
06-08 15:42:30.546 I/Fitness ( 1107): FitCleanupIntentOperation received Intent android.intent.action.PACKAGE_CHANGED [CONTEXT service_id=17 ]
06-08 15:42:30.551 W/Looper  (  482): Drained
06-08 15:42:30.551 I/InputReader(  482): Reconfiguring input devices, changes=KEYBOARD_LAYOUTS | 
06-08 15:42:30.553 I/PBSessionCacheImpl( 1744): (REDACTED) Deleted sessionId[%d] from persistence.
06-08 15:42:30.562 I/GoogleInputMethodService( 1422): GoogleInputMethodService.updateDeviceLockedStatus():2087 repeatCheckTimes = 0, unlocked = true
06-08 15:42:30.562 I/GoogleInputMethodService( 1422): GoogleInputMethodService.onStartInput():1877 onStartInput(EditorInfo{inputType=0x0(NULL) imeOptions=0x0 privateImeOptions=null actionName=UNSPECIFIED actionLabel=null actionId=0 initialSelStart=-1 initialSelEnd=-1 initialCapsMode=0x0 hintText=null label=null packageName=org.khandaq.messenger fieldId=-1 fieldName=null extras=null}, false)
06-08 15:42:30.562 I/GoogleInputMethodService( 1422): GoogleInputMethodService.shouldHideHeaderOnInitialState():4008 ShouldHideHeaderOnInitialState = false
06-08 15:42:30.562 I/GoogleInputMethodService( 1422): GoogleInputMethodService.updateDeviceLockedStatus():2087 repeatCheckTimes = 2, unlocked = true
06-08 15:42:30.569 I/BugleRcsEngine( 2973): [60] bgrh.b: Deleted transfers file: false
06-08 15:42:30.570 I/Finsky  ( 2961): [2] kjo.m(1): Scheduling NO_RECENT_SUCCESS in onApplicationCreate
06-08 15:42:30.575 I/RcsProvisioning( 2973): Failed to read config: no config found /data/user/0/com.google.android.apps.messaging/files/rcsconfig: open failed: ENOENT (No such file or directory)
06-08 15:42:30.581 I/HeterodyneSyncer( 1107): Removed 0 invalid users [CONTEXT service_id=51 ]
06-08 15:42:30.665 W/ziparchive( 3000): Unable to open '/data/user/0/com.google.android.gms/app_dg_cache/729D45471C06B554246842057AC1D981DDFFE340/the.dm': No such file or directory
06-08 15:42:30.697 I/RcsProvisioning( 2973): Failed to read config: no config found /data/user/0/com.google.android.apps.messaging/files/rcsconfig: open failed: ENOENT (No such file or directory)
06-08 15:42:30.735 W/ContentProviderHelper(  482): Slow operation: 66ms so far, now at getContentProviderImpl: after updateOomAdj
06-08 15:42:30.735 W/ContentProviderHelper(  482): Slow operation: 66ms so far, now at getContentProviderImpl: done!
06-08 15:42:30.739 I/FontLog ( 1107): Received query Noto Color Emoji Compat, URI content://com.google.android.gms.fonts [CONTEXT service_id=132 ]
06-08 15:42:30.740 I/FontLog ( 1107): Query [emojicompat-emoji-font] resolved to {Noto Color Emoji Compat, wdth 100.0, wght 400, ital 0.0, bestEffort false} [CONTEXT service_id=132 ]
06-08 15:42:30.746 W/SearchServiceCore( 1744): Abort, client detached.
06-08 15:42:30.746 W/SearchServiceCore( 1744): Abort, client detached.
06-08 15:42:30.746 W/SearchServiceCore( 1744): Abort, client detached.
06-08 15:42:30.747 I/Finsky  ( 2961): [2] AdIdListener.onCreate(5): AdId refresh
06-08 15:42:30.748 W/SearchServiceCore( 1744): Abort, client detached.
06-08 15:42:30.748 W/SearchServiceCore( 1744): Abort, client detached.
06-08 15:42:30.761 D/CompatibilityChangeReporter(  482): Compat change id reported: 168419799; UID 10110; state: DISABLED
06-08 15:42:30.767 D/CompatibilityChangeReporter(  482): Compat change id reported: 273564678; UID 10110; state: DISABLED
06-08 15:42:30.774 W/ActivityThread( 2961): getPackageInfo() called with an older ApplicationInfo than the cached version for package com.android.vending
06-08 15:42:30.775 I/Finsky  ( 2961): [2] SimStateReceiver.c(4): android.intent.action.SIM_STATE_CHANGED : simState = LOADED
06-08 15:42:30.783 I/NearbyMessages( 1107): OfflineCache: old scanner cache is not enabled [CONTEXT service_id=62 ]
06-08 15:42:30.785 I/CarrierServices( 2408): [41] RcsStateSaver.saveRcsState:57 Saving RCS State
06-08 15:42:30.785 I/CarrierServices( 2408): [41] RcsStateSaver.saveRcsState:66 Old operation mode: 2
06-08 15:42:30.785 I/CarrierServices( 2408): [41] RcsStateSaver.saveRcsState:71 New operation mode: 2
06-08 15:42:30.785 I/CarrierServices( 2408): [2] RcsStateFetcher$1.onPostExecute:189 Finalizing migration for RCS state: Operation mode FULL STACK
06-08 15:42:30.786 I/BugleRcsEngine( 2973): [52] RcsStateProvider.onMigrationComplete: Migration complete.
06-08 15:42:30.787 I/CarrierServices( 2408): [2] RcsStateFetcher$GetRcsStateConnection.onFinish:162 Unbinding RcsMigrationService
06-08 15:42:30.790 I/ActivityManager(  482): Background started FGS: Allowed [callingPackage: com.google.android.apps.messaging; callingUid: 10116; uidState: BFGS; intent: Intent { cmp=com.google.android.apps.messaging/com.google.apps.tiktok.concurrent.InternalForegroundService (has extras) }; code:PROC_STATE_BFGS; tempAllowListReason:<null>; targetSdkVersion:33; callerTargetSdkVersion:33; startForegroundCount:0; bindFromPackage:null]
06-08 15:42:30.793 D/nativeloader( 3000): Configuring classloader-namespace for other apk . target_sdk_version=33, uses_libraries=ALL, library_path=, permitted_path=/data:/mnt/expand
06-08 15:42:30.801 D/BoundBrokerSvc( 1299): onUnbind: Intent { act=com.google.android.gms.feedback.internal.IFeedbackService pkg=com.google.android.gms }
06-08 15:42:30.812 I/droid.bluetooth(  966): Background concurrent copying GC freed 25149(1798KB) AllocSpace objects, 8(416KB) LOS objects, 49% free, 2564KB/5129KB, paused 165.069ms,11us total 878.443ms
06-08 15:42:30.815 W/ActivityManager(  482): Foreground service started from background can not have location/camera/microphone access: service com.google.android.apps.messaging/com.google.apps.tiktok.concurrent.InternalForegroundService
06-08 15:42:30.817 W/System  (  966): A resource failed to call close. 
06-08 15:42:30.834 I/Finsky  ( 2961): [2] pfe.i(0): PackageMonitorReceiverImpl - Received: android.intent.action.PACKAGE_ADDED, [LQLF4xvxI-5fUK6DyIdTMSXKWgkbiKMkubmRTE6cQS8]
06-08 15:42:30.836 I/GmsCoreXrpcWrapper( 1299): Returning a channel provider with trafficStatsTag=18692 trafficStatsUid=-1
06-08 15:42:30.839 W/ActivityThread( 1299): getPackageInfo() called with an older ApplicationInfo than the cached version for package com.google.android.gms
06-08 15:42:30.847 D/LocalImageResolver(  774): Couldn't use ImageDecoder for drawable, falling back to non-resized load.
06-08 15:42:30.850 D/LocalImageResolver(  774): Couldn't use ImageDecoder for drawable, falling back to non-resized load.
06-08 15:42:30.851 D/LocalImageResolver(  774): Couldn't use ImageDecoder for drawable, falling back to non-resized load.
06-08 15:42:30.854 D/LocalImageResolver(  774): Couldn't use ImageDecoder for drawable, falling back to non-resized load.
06-08 15:42:30.856 W/ActivityThread( 1107): getPackageInfo() called with an older ApplicationInfo than the cached version for package com.google.android.gms
06-08 15:42:30.863 I/android.vending( 2961): Background concurrent copying GC freed 80056(4502KB) AllocSpace objects, 24(1184KB) LOS objects, 49% free, 5470KB/10MB, paused 101us,10us total 236.942ms
06-08 15:42:30.869 I/BugleRcsEngine( 2973): [66] RcsStateProvider.lambda$onMigrationComplete$0$com-google-android-apps-messaging-rcsmigration-RcsStateProvider: Rcs Engine should be running in cs.apk. Stopping JibeService.
06-08 15:42:30.869 I/RcsClientLib( 2973): Disconnecting ChatSessionService
06-08 15:42:30.871 I/Choreographer(  774): Skipped 63 frames!  The application may be doing too much work on its main thread.
06-08 15:42:30.890 D/CompatibilityChangeReporter(  482): Compat change id reported: 161252188; UID 10151; state: DISABLED
06-08 15:42:30.890 I/NearbyDiscovery( 1107): DiscoveryNearbyMessagesManager failed to background subscribe [CONTEXT service_id=265 ]
06-08 15:42:30.890 I/NearbyDiscovery( 1107): java.util.concurrent.TimeoutException: Timed out waiting for Task
06-08 15:42:30.890 I/NearbyDiscovery( 1107): 	at cfsz.o(:com.google.android.gms@231818044@23.18.18 (190400-535401451):6)
06-08 15:42:30.890 I/NearbyDiscovery( 1107): 	at bbhk.a(:com.google.android.gms@231818044@23.18.18 (190400-535401451):25)
06-08 15:42:30.890 I/NearbyDiscovery( 1107): 	at bbhe.run(:com.google.android.gms@231818044@23.18.18 (190400-535401451):3)
06-08 15:42:30.890 I/NearbyDiscovery( 1107): 	at dtjy.handleMessage(:com.google.android.gms@231818044@23.18.18 (190400-535401451):5)
06-08 15:42:30.890 I/NearbyDiscovery( 1107): 	at android.os.Handler.dispatchMessage(Handler.java:106)
06-08 15:42:30.890 I/NearbyDiscovery( 1107): 	at avye.ll(:com.google.android.gms@231818044@23.18.18 (190400-535401451):0)
06-08 15:42:30.890 I/NearbyDiscovery( 1107): 	at avye.dispatchMessage(:com.google.android.gms@231818044@23.18.18 (190400-535401451):14)
06-08 15:42:30.890 I/NearbyDiscovery( 1107): 	at android.os.Looper.loopOnce(Looper.java:201)
06-08 15:42:30.890 I/NearbyDiscovery( 1107): 	at android.os.Looper.loop(Looper.java:288)
06-08 15:42:30.890 I/NearbyDiscovery( 1107): 	at android.os.HandlerThread.run(HandlerThread.java:67)
06-08 15:42:30.892 I/RoleService(  482): Granting default roles...
06-08 15:42:30.894 D/CompatibilityChangeReporter(  482): Compat change id reported: 135634846; UID 10151; state: DISABLED
06-08 15:42:30.895 D/CompatibilityChangeReporter(  482): Compat change id reported: 177438394; UID 10151; state: DISABLED
06-08 15:42:30.895 D/CompatibilityChangeReporter(  482): Compat change id reported: 135772972; UID 10151; state: DISABLED
06-08 15:42:30.895 D/CompatibilityChangeReporter(  482): Compat change id reported: 135754954; UID 10151; state: ENABLED
06-08 15:42:30.898 W/Role    (  775): Default holder doesn't have required signing certificate: com.google.android.apps.work.clouddpc:23962F4B43B9857638EA66F4D419518EAE282491ACDA4B94707BD59003C45E58
06-08 15:42:30.901 I/Finsky  ( 2961): [90] AdIdListener.a(2): AdId change: id (hash)=-1041261145 limit=false
06-08 15:42:30.909 D/CompatibilityChangeReporter(  482): Compat change id reported: 143937733; UID 10151; state: ENABLED
06-08 15:42:30.911 I/Finsky  ( 2961): [2] pft.n(8): Invalidating cached PackageState for org.khandaq.messenger
06-08 15:42:30.913 D/Zygote  (  297): Forked child process 3766
06-08 15:42:30.913 I/system_server(  482): Background young concurrent copying GC freed 568337(17MB) AllocSpace objects, 7(144KB) LOS objects, 42% free, 21MB/37MB, paused 1.130ms,32us total 644.744ms
06-08 15:42:30.925 I/ContentCaptureHelper( 1744): Setting logging level to OFF
06-08 15:42:30.930 I/RcsClientLib( 2973): Disconnecting EventService
06-08 15:42:30.934 D/ControlsListingControllerImpl(  774): ServiceConfig reloaded, count: 0
06-08 15:42:30.935 D/ControlsListingControllerImpl(  774): ServiceConfig reloaded, count: 0
06-08 15:42:30.935 D/ControlsListingControllerImpl(  774): ServiceConfig reloaded, count: 0
06-08 15:42:30.936 D/ControlsListingControllerImpl(  774): ServiceConfig reloaded, count: 0
06-08 15:42:30.936 D/ControlsListingControllerImpl(  774): ServiceConfig reloaded, count: 0
06-08 15:42:30.936 D/ControlsListingControllerImpl(  774): ServiceConfig reloaded, count: 0
06-08 15:42:30.936 D/ControlsListingControllerImpl(  774): ServiceConfig reloaded, count: 0
06-08 15:42:30.936 D/ControlsListingControllerImpl(  774): ServiceConfig reloaded, count: 0
06-08 15:42:30.937 D/ControlsListingControllerImpl(  774): ServiceConfig reloaded, count: 0
06-08 15:42:30.937 D/ControlsListingControllerImpl(  774): ServiceConfig reloaded, count: 0
06-08 15:42:30.937 I/moteprovisioner( 3766): Using CollectorTypeCC GC.
06-08 15:42:30.939 I/ActivityManager(  482): Start proc 3766:com.android.remoteprovisioner/u0a151 for service {com.android.remoteprovisioner/com.android.remoteprovisioner.service.GenerateRkpKeyService}
06-08 15:42:30.944 E/moteprovisioner( 3766): Not starting debugger since process cannot load the jdwp agent.
06-08 15:42:30.958 I/BugleDataModel( 2973): ForwardSyncBatchExecutor: Starting batch for messages. lowerBoundTimeMillis: -1, upperBoundTimeMillis: 1780922546826, maxMessagesToUpdate: 80, maxMessagesToScan: 4000, batchId: 82fd0b44-24ef-4f2a-957e-4d97a08e42e0, syncId: dad5079b-32e1-463b-826d-c1744f5854db, bugle_conversation_matching: false, firstFullSyncStartTimestamp: 1780922546826, syncReason: 7
06-08 15:42:30.970 W/ActivityManager(  482): Slow operation: 77ms so far, now at startProcess: starting to update pids map
06-08 15:42:30.971 I/OpenGLRenderer(  774): Davey! duration=1087ms; Flags=0, FrameTimelineVsyncId=9322, IntendedVsync=38998886627, Vsync=40048886585, InputEventId=0, HandleInputStart=40063195475, AnimationStart=40063195850, PerformTraversalsStart=40066630517, DrawStart=40076231892, FrameDeadline=39298886615, FrameInterval=40063181142, FrameStartTime=16666666, SyncQueued=40076276100, SyncStart=40123353475, IssueDrawCommandsStart=40123592225, SwapBuffers=40124481267, FrameCompleted=40132983308, DequeueBufferDuration=2417, QueueBufferDuration=175542, GpuCompleted=40132983308, SwapBuffersCompleted=40126128933, DisplayPresentTime=0, CommandSubmissionCompleted=40124481267, 
06-08 15:42:30.982 D/CoreBackPreview(  482): Window{b474312 u0 Splash Screen org.khandaq.messenger EXITING}: Setting back callback null
06-08 15:42:30.991 W/InputManager-JNI(  482): Input channel object 'b474312 Splash Screen org.khandaq.messenger (client)' was disposed without first being removed with the input manager!
06-08 15:42:30.999 W/ActivityManager(  482): Slow operation: 106ms so far, now at startProcess: done updating pids map
06-08 15:42:31.001 I/Finsky  ( 2961): [2] yxt.c(3): Do not start WearSupportService due to Wear service optimization
06-08 15:42:31.001 I/Finsky  ( 2961): [2] ssr.a(8): Clearing split related stale data.
06-08 15:42:31.029 D/CompatibilityChangeReporter(  482): Compat change id reported: 168419799; UID 10151; state: DISABLED
06-08 15:42:31.030 D/CompatibilityChangeReporter(  482): Compat change id reported: 273564678; UID 10151; state: DISABLED
06-08 15:42:31.033 W/System  (  482): A resource failed to call release. 
06-08 15:42:31.036 D/CompatibilityChangeReporter( 3766): Compat change id reported: 171979766; UID 10151; state: ENABLED
06-08 15:42:31.040 W/AiAiAutofill( 1659): Failed to set whitelist for augmented autofill service.
06-08 15:42:31.040 W/AiAiAutofill( 1659): java.lang.SecurityException: caller is not user's Augmented Autofill Service
06-08 15:42:31.040 W/AiAiAutofill( 1659): 	at android.view.autofill.AutofillManager.setAugmentedAutofillWhitelist(AutofillManager.java:2386)
06-08 15:42:31.040 W/AiAiAutofill( 1659): 	at bzn.b(PG:7)
06-08 15:42:31.040 W/AiAiAutofill( 1659): 	at caa.g(PG:8)
06-08 15:42:31.040 W/AiAiAutofill( 1659): 	at can.e(PG:9)
06-08 15:42:31.040 W/AiAiAutofill( 1659): 	at cat.a(PG:6)
06-08 15:42:31.040 W/AiAiAutofill( 1659): 	at hqz.r(PG:17)
06-08 15:42:31.040 W/AiAiAutofill( 1659): 	at hqz.b(PG:36)
06-08 15:42:31.040 W/AiAiAutofill( 1659): 	at bxg.run(PG:14)
06-08 15:42:31.040 W/AiAiAutofill( 1659): 	at dum.run(PG:70)
06-08 15:42:31.040 W/AiAiAutofill( 1659): 	at java.util.concurrent.Executors$RunnableAdapter.call(Executors.java:463)
06-08 15:42:31.040 W/AiAiAutofill( 1659): 	at java.util.concurrent.FutureTask.run(FutureTask.java:264)
06-08 15:42:31.040 W/AiAiAutofill( 1659): 	at java.util.concurrent.ScheduledThreadPoolExecutor$ScheduledFutureTask.run(ScheduledThreadPoolExecutor.java:307)
06-08 15:42:31.040 W/AiAiAutofill( 1659): 	at java.util.concurrent.ThreadPoolExecutor.runWorker(ThreadPoolExecutor.java:1137)
06-08 15:42:31.040 W/AiAiAutofill( 1659): 	at java.util.concurrent.ThreadPoolExecutor$Worker.run(ThreadPoolExecutor.java:637)
06-08 15:42:31.040 W/AiAiAutofill( 1659): 	at dum.run(PG:65)
06-08 15:42:31.040 W/AiAiAutofill( 1659): 	at java.lang.Thread.run(Thread.java:1012)
06-08 15:42:31.055 I/RcsClientLib( 2973): Disconnecting ContactsService
06-08 15:42:31.056 I/RcsClientLib( 2973): Disconnecting FileTransferService
06-08 15:42:31.065 I/RcsClientLib( 2973): Disconnecting LocationSharingService
06-08 15:42:31.066 I/RcsClientLib( 2973): Disconnecting ImsConnectionTrackerService
06-08 15:42:31.083 I/RcsClientLib( 2973): Disconnecting RcsProfileService
06-08 15:42:31.134 I/RcsClientLib( 2973): Disconnecting BusinessInfoService
06-08 15:42:31.150 I/RcsClientLib( 2973): Disconnecting RcsMessagingService
06-08 15:42:31.155 D/nativeloader( 3766): Configuring classloader-namespace-shared for other apk /system_ext/priv-app/RemoteProvisioner/RemoteProvisioner.apk. target_sdk_version=33, uses_libraries=, library_path=/system_ext/priv-app/RemoteProvisioner/lib/arm64:/system/lib64:/system_ext/lib64, permitted_path=/data:/mnt/expand:/data/user/0/com.android.remoteprovisioner:/system_ext/priv-app/RemoteProvisioner:/system/lib64:/system_ext/lib64
06-08 15:42:31.234 D/BoundBrokerSvc( 1299): onBind: Intent { act=com.google.android.gms.common.BIND_SHARED_PREFS pkg=com.google.android.gms }
06-08 15:42:31.234 D/BoundBrokerSvc( 1299): Loading bound service for intent: Intent { act=com.google.android.gms.common.BIND_SHARED_PREFS pkg=com.google.android.gms }
06-08 15:42:31.245 D/BoundBrokerSvc( 1299): onUnbind: Intent { act=com.google.android.gms.common.BIND_SHARED_PREFS pkg=com.google.android.gms }
06-08 15:42:31.255 I/Backup  ( 1299): [TargetEnabler] Setting target components to enabled = false
06-08 15:42:31.256 I/Backup  ( 1299): [TargetEnabler] Enabling D2dMigrateHelperService on non-Pixel on P+
06-08 15:42:31.263 I/RcsClientLib( 2973): Disconnecting TransportControlService
06-08 15:42:31.264 I/Backup  ( 1299): [SourceEnabler] Setting source components to enabled = true
06-08 15:42:31.276 W/Backup  ( 1299): [ComponentEnablerUtil] Unable to set component 'com.google.android.gms.backup.component.CloudRestoreFlowActivity' to enabled=true
06-08 15:42:31.277 W/Backup  ( 1299): [ComponentEnablerUtil] Unable to set component 'com.google.android.gms.backup.component.RestoreSessionV0Service' to enabled=true
06-08 15:42:31.279 W/Backup  ( 1299): [ComponentEnablerUtil] Unable to set component 'com.google.android.gms.backup.component.D2dMigrateFlowActivity' to enabled=false
06-08 15:42:31.283 W/BugleRcs( 2973): disconnecting from all Rcs Services
06-08 15:42:31.295 I/BugleRcsEngine( 2973): [66] RcsStateProvider.lambda$onMigrationComplete$0$com-google-android-apps-messaging-rcsmigration-RcsStateProvider: JibeService stopped: false
06-08 15:42:31.306 I/ApaPinning( 1680): (REDACTED) Resolving lifecycle instances for account(%s).
06-08 15:42:31.308 I/Finsky  ( 2961): [88] dyj.a(7): Received content filters request from sharedUserId=com.google.uid.shared:10120
06-08 15:42:31.309 D/CompatibilityChangeReporter( 2961): Compat change id reported: 160794467; UID 10110; state: ENABLED
06-08 15:42:31.312 D/BoundBrokerSvc( 1299): onBind: Intent { act=com.google.android.gms.common.BIND_SHARED_PREFS pkg=com.google.android.gms }
06-08 15:42:31.312 D/BoundBrokerSvc( 1299): Loading bound service for intent: Intent { act=com.google.android.gms.common.BIND_SHARED_PREFS pkg=com.google.android.gms }
06-08 15:42:31.316 D/TrafficStats( 2961): tagSocket(91) with statsTag=0xffffffff, statsUid=-1
06-08 15:42:31.327 I/Finsky  ( 2961): [2] kwr.C(3): Installer: Attempting to start installer
06-08 15:42:31.327 I/Finsky  ( 2961): [2] adlq.c(2): registerListener
06-08 15:42:31.328 I/Ads     ( 1299): Successfully received play store parental controls the result.
06-08 15:42:31.330 I/RcsClientLib( 2973): Connecting ChatSessionService
06-08 15:42:31.335 D/CompatibilityChangeReporter( 1299): Compat change id reported: 194532703; UID 10120; state: ENABLED
06-08 15:42:31.335 D/CompatibilityChangeReporter(  482): Compat change id reported: 194532703; UID 10120; state: ENABLED
06-08 15:42:31.335 D/BoundBrokerSvc( 1299): onUnbind: Intent { act=com.google.android.gms.common.BIND_SHARED_PREFS pkg=com.google.android.gms }
06-08 15:42:31.335 D/ConnectivityService(  482): requestNetwork for uid/pid:1000/482 asUid: 10120 activeRequest: null callbackRequest: 99 [NetworkRequest [ REQUEST id=100, [ Capabilities: INTERNET&NOT_RESTRICTED&TRUSTED&NOT_VCN_MANAGED Uid: 10120 RequestorUid: 1000 RequestorPkg: android UnderlyingNetworks: Null] ]] callback flags: 0 order: 2147483647
06-08 15:42:31.337 D/WifiNetworkFactory(  482): got request NetworkRequest [ REQUEST id=100, [ Capabilities: INTERNET&NOT_RESTRICTED&TRUSTED&NOT_VCN_MANAGED Uid: 10120 RequestorUid: 1000 RequestorPkg: android UnderlyingNetworks: Null] ]
06-08 15:42:31.337 D/UntrustedWifiNetworkFactory(  482): got request NetworkRequest [ REQUEST id=100, [ Capabilities: INTERNET&NOT_RESTRICTED&TRUSTED&NOT_VCN_MANAGED Uid: 10120 RequestorUid: 1000 RequestorPkg: android UnderlyingNetworks: Null] ]
06-08 15:42:31.340 I/Finsky  ( 2961): [2] xxh.a(1): Warm data store was already initialized.
06-08 15:42:31.340 I/Finsky  ( 2961): [2] xxf.a(1): Warm data store was already initialized.
06-08 15:42:31.340 D/OemPaidWifiNetworkFactory(  482): got request NetworkRequest [ REQUEST id=100, [ Capabilities: INTERNET&NOT_RESTRICTED&TRUSTED&NOT_VCN_MANAGED Uid: 10120 RequestorUid: 1000 RequestorPkg: android UnderlyingNetworks: Null] ]
06-08 15:42:31.340 D/MultiInternetWifiNetworkFactory(  482): got request NetworkRequest [ REQUEST id=100, [ Capabilities: INTERNET&NOT_RESTRICTED&TRUSTED&NOT_VCN_MANAGED Uid: 10120 RequestorUid: 1000 RequestorPkg: android UnderlyingNetworks: Null] ]
06-08 15:42:31.340 D/ConnectivityService(  482): NetReassign [100 : null → 100] [c 0] [a 1] [i 1]
06-08 15:42:31.340 D/BoundBrokerSvc( 1299): onBind: Intent { act=com.google.android.gms.common.BIND_SHARED_PREFS pkg=com.google.android.gms }
06-08 15:42:31.341 D/BoundBrokerSvc( 1299): Loading bound service for intent: Intent { act=com.google.android.gms.common.BIND_SHARED_PREFS pkg=com.google.android.gms }
06-08 15:42:31.341 I/Finsky  ( 2961): [2] xxf.a(1): Warm data store was already initialized.
06-08 15:42:31.341 I/Finsky  ( 2961): [2] xxf.a(1): Warm data store was already initialized.
06-08 15:42:31.342 I/Finsky  ( 2961): [2] len.<init>(19): Initializing pausers from value store.
06-08 15:42:31.342 I/Finsky  ( 2961): [2] len.<init>(22): Get the following callers from value store [].
06-08 15:42:31.342 D/BoundBrokerSvc( 1299): onUnbind: Intent { act=com.google.android.gms.common.BIND_SHARED_PREFS pkg=com.google.android.gms }
06-08 15:42:31.345 D/TrafficStats( 2961): tagSocket(97) with statsTag=0xffffffff, statsUid=-1
06-08 15:42:31.352 D/TrafficStats( 1107): tagSocket(223) with statsTag=0x24000609, statsUid=10109
06-08 15:42:31.357 I/WakefulBroadcastRcvr( 1299): Processing wakeful broadcast: com.google.android.gms.checkin.CHECKIN_START_ACTION
06-08 15:42:31.359 D/CompatibilityChangeReporter(  482): Compat change id reported: 135634846; UID 10118; state: DISABLED
06-08 15:42:31.359 D/CompatibilityChangeReporter(  482): Compat change id reported: 177438394; UID 10118; state: DISABLED
06-08 15:42:31.359 D/CompatibilityChangeReporter(  482): Compat change id reported: 135772972; UID 10118; state: DISABLED
06-08 15:42:31.359 D/CompatibilityChangeReporter(  482): Compat change id reported: 135754954; UID 10118; state: ENABLED
06-08 15:42:31.359 D/CompatibilityChangeReporter(  482): Compat change id reported: 143937733; UID 10118; state: ENABLED
06-08 15:42:31.360 I/SyncIntentOperation( 1299): Handling the intent: Intent { act=com.google.android.chimera.IntentOperation.NEW_MODULE (has extras) }. [CONTEXT service_id=80 ]
06-08 15:42:31.362 I/constellation( 1299): [sim_state_checker] Handling intent Intent { act=android.intent.action.SIM_STATE_CHANGED flg=0x5000010 pkg=com.google.android.gms cmp=com.google.android.gms/.chimera.GmsIntentOperationService (has extras) }
06-08 15:42:31.364 D/Zygote  (  297): Forked child process 3805
06-08 15:42:31.365 I/ActivityManager(  482): Start proc 3805:com.google.android.partnersetup/u0a118 for broadcast {com.google.android.partnersetup/com.google.android.partnersetup.PhoneStateReceiver}
06-08 15:42:31.367 I/GCoreUlr( 1107): WorldUpdater received intent Intent { act=com.google.android.location.reporting.ACTION_UPDATE_WORLD cmp=com.google.android.gms/com.google.android.location.reporting.service.DispatchingService (has extras) } with receiverAction com.google.android.location.internal.server.ACTION_RESTARTED
06-08 15:42:31.381 I/GCoreUlr( 1107): WorldUpdater:com.google.android.location.internal.server.ACTION_RESTARTED: Ensuring that reporting is stopped because of reasons: (no Google accounts)
06-08 15:42:31.381 D/EGL_emulation(  774): app_time_stats: avg=658.80ms min=447.11ms max=870.49ms count=2
06-08 15:42:31.387 D/EGL_emulation(  774): app_time_stats: avg=1286.60ms min=1286.60ms max=1286.60ms count=1
06-08 15:42:31.388 I/RcsClientLib( 2973): shouldUseCarrierServicesJibeService: true, CarrierServices rcs service found: true
06-08 15:42:31.389 I/RcsClientLib( 2973): Connecting EventService
06-08 15:42:31.390 W/Conscrypt( 1107): Could not set socket write timeout: java.net.SocketException: Socket closed
06-08 15:42:31.391 W/Conscrypt( 1107): 	at com.google.android.gms.org.conscrypt.Platform.setSocketWriteTimeout(:com.google.android.gms@231818044@23.18.18 (190400-535401451):2)
06-08 15:42:31.391 W/Conscrypt( 1107): 	at com.google.android.gms.org.conscrypt.ConscryptFileDescriptorSocket.setSoWriteTimeout(:com.google.android.gms@231818044@23.18.18 (190400-535401451):0)
06-08 15:42:31.411 I/id.partnersetup( 3805): Using CollectorTypeCC GC.
06-08 15:42:31.420 E/id.partnersetup( 3805): Not starting debugger since process cannot load the jdwp agent.
06-08 15:42:31.426 I/RcsClientLib( 2973): com.google.android.rcs.client.chatsession.ChatSessionService connected
06-08 15:42:31.429 I/GCoreUlr( 1107): Unbound from all signal providers.
06-08 15:42:31.432 D/BoundBrokerSvc( 1299): onBind: Intent { act=com.google.android.gms.common.BIND_SHARED_PREFS pkg=com.google.android.gms }
06-08 15:42:31.433 D/BoundBrokerSvc( 1299): Loading bound service for intent: Intent { act=com.google.android.gms.common.BIND_SHARED_PREFS pkg=com.google.android.gms }
06-08 15:42:31.433 D/CompatibilityChangeReporter( 1680): Compat change id reported: 183155436; UID 10121; state: ENABLED
06-08 15:42:31.434 D/BoundBrokerSvc( 1299): onBind: Intent { act=com.google.android.mdd.service.START dat=chimera-action:/... cmp=com.google.android.gms/.chimera.GmsBoundBrokerService }
06-08 15:42:31.434 D/BoundBrokerSvc( 1299): Loading bound service for intent: Intent { act=com.google.android.mdd.service.START dat=chimera-action:/... cmp=com.google.android.gms/.chimera.GmsBoundBrokerService }
06-08 15:42:31.443 D/CompatibilityChangeReporter(  482): Compat change id reported: 168419799; UID 10118; state: DISABLED
06-08 15:42:31.443 V/GraphicsEnvironment( 3766): ANGLE Developer option for 'com.android.remoteprovisioner' set to: 'default'
06-08 15:42:31.443 D/CompatibilityChangeReporter(  482): Compat change id reported: 273564678; UID 10118; state: DISABLED
06-08 15:42:31.444 V/GraphicsEnvironment( 3766): ANGLE GameManagerService for com.android.remoteprovisioner: false
06-08 15:42:31.444 V/GraphicsEnvironment( 3766): Neither updatable production driver nor prerelease driver is supported.
06-08 15:42:31.447 D/CompatibilityChangeReporter( 3805): Compat change id reported: 171979766; UID 10118; state: ENABLED
06-08 15:42:31.447 D/BoundBrokerSvc( 1299): onUnbind: Intent { act=com.google.android.gms.common.BIND_SHARED_PREFS pkg=com.google.android.gms }
06-08 15:42:31.457 D/nativeloader( 3805): Configuring classloader-namespace for other apk /system/framework/org.apache.http.legacy.jar. target_sdk_version=33, uses_libraries=ALL, library_path=/product/priv-app/PartnerSetupPrebuilt/lib/arm64, permitted_path=/data:/mnt/expand:/data/user/0/com.google.android.partnersetup
06-08 15:42:31.465 I/Finsky  ( 2961): [2] AdIdListener.onCreate(5): AdId refresh
06-08 15:42:31.479 W/Conscrypt( 1107): Could not set socket write timeout: java.net.SocketException: Socket closed
06-08 15:42:31.479 W/Conscrypt( 1107): 	at com.google.android.gms.org.conscrypt.Platform.setSocketWriteTimeout(:com.google.android.gms@231818044@23.18.18 (190400-535401451):2)
06-08 15:42:31.479 W/Conscrypt( 1107): 	at com.google.android.gms.org.conscrypt.ConscryptFileDescriptorSocket.setSoWriteTimeout(:com.google.android.gms@231818044@23.18.18 (190400-535401451):0)
06-08 15:42:31.481 I/Finsky  ( 2961): [2] hdb.onSubscriptionsChanged(1): onSubscriptionsChanged
06-08 15:42:31.482 I/Finsky  ( 2961): [2] kwr.U(1): Installer: Installer kick - no action, not running yet
06-08 15:42:31.492 I/GCoreUlr( 1107): DispatchingService ignoring Intent { act=android.net.wifi.WIFI_STATE_CHANGED flg=0x44000010 (has extras) } because ULR inactive
06-08 15:42:31.495 I/NearbySharing( 1107): A new client has bound to the NearbySharingService ClientBridge for calling package com.google.android.gms [CONTEXT service_id=194 ]
06-08 15:42:31.507 D/NetworkSecurityConfig( 3766): No Network Security Config specified, using platform default
06-08 15:42:31.507 D/NetworkSecurityConfig( 3766): No Network Security Config specified, using platform default
06-08 15:42:31.509 D/TrafficStats( 2961): tagSocket(93) with statsTag=0xffffffff, statsUid=-1
06-08 15:42:31.517 D/WM-WrkMgrInitializer( 3766): Initializing WorkManager with default configuration.
06-08 15:42:31.517 I/RcsClientLib( 2973): shouldUseCarrierServicesJibeService: true, CarrierServices rcs service found: true
06-08 15:42:31.521 I/ShortcutBadger( 2973): Checking if platform supports badge counters, attempt 1/3.
06-08 15:42:31.522 I/RcsClientLib( 2973): com.google.android.rcs.client.events.EventService connected
06-08 15:42:31.525 D/nativeloader( 3805): Configuring vendor-classloader-namespace for unbundled product apk /product/priv-app/PartnerSetupPrebuilt/PartnerSetupPrebuilt.apk. target_sdk_version=33, uses_libraries=, library_path=/product/priv-app/PartnerSetupPrebuilt/lib/arm64:/product/lib64:/system/product/lib64, permitted_path=/data:/mnt/expand:/data/user/0/com.google.android.partnersetup:/product/lib64:/system/product/lib64
06-08 15:42:31.527 I/Finsky  ( 2961): [105] AdIdListener.a(2): AdId change: id (hash)=-1041261145 limit=false
06-08 15:42:31.527 I/Finsky  ( 2961): [91] jkl.run(19): Wrote row to frosting DB: 1
06-08 15:42:31.527 D/TrafficStats( 2961): tagSocket(101) with statsTag=0xffffffff, statsUid=-1
06-08 15:42:31.528 D/BoundBrokerSvc( 1299): onBind: Intent { act=com.google.android.gms.common.BIND_SHARED_PREFS pkg=com.google.android.gms }
06-08 15:42:31.528 D/BoundBrokerSvc( 1299): Loading bound service for intent: Intent { act=com.google.android.gms.common.BIND_SHARED_PREFS pkg=com.google.android.gms }
06-08 15:42:31.530 D/SystemServerTiming(  482): getUserSwitchability-0
06-08 15:42:31.530 D/SystemServerTiming(  482): TM.isInCall
06-08 15:42:31.530 I/RemoteProvisioningService( 3766): Notify key generated ping for secLevel: 1
06-08 15:42:31.534 W/gle.android.gms( 1299): Accessing hidden method Landroid/net/ConnectivityManager;->isNetworkSupported(I)Z (max-target-p, reflection, denied)
06-08 15:42:31.534 I/RcsClientLib( 2973): Connecting ContactsService
06-08 15:42:31.534 D/SystemServerTiming(  482): hasUserRestriction-DISALLOW_USER_SWITCH
06-08 15:42:31.534 D/SystemServerTiming(  482): getInt-ALLOW_USER_SWITCHING_WHEN_SYSTEM_USER_LOCKED
06-08 15:42:31.534 D/SystemServerTiming(  482): isUserUnlocked-USER_SYSTEM
06-08 15:42:31.535 I/RcsClientLib( 2973): shouldUseCarrierServicesJibeService: true, CarrierServices rcs service found: true
06-08 15:42:31.540 I/ShortcutBadger( 2973): Checking if platform supports badge counters, attempt 2/3.
06-08 15:42:31.559 W/id.printspooler( 2080): Suspending all threads took: 6.929ms
06-08 15:42:31.561 D/SystemServerTiming(  482): getUserSwitchability-0
06-08 15:42:31.561 D/SystemServerTiming(  482): TM.isInCall
06-08 15:42:31.562 D/SystemServerTiming(  482): hasUserRestriction-DISALLOW_USER_SWITCH
06-08 15:42:31.562 D/SystemServerTiming(  482): getInt-ALLOW_USER_SWITCHING_WHEN_SYSTEM_USER_LOCKED
06-08 15:42:31.562 D/SystemServerTiming(  482): isUserUnlocked-USER_SYSTEM
06-08 15:42:31.562 I/ShortcutBadger( 2973): Checking if platform supports badge counters, attempt 3/3.
06-08 15:42:31.565 I/Finsky  ( 2961): [2] AdIdListener.onCreate(5): AdId refresh
06-08 15:42:31.568 I/RcsClientLib( 2973): com.google.android.rcs.client.contacts.ContactsService connected
06-08 15:42:31.568 D/BoundBrokerSvc( 1299): onUnbind: Intent { act=com.google.android.gms.common.BIND_SHARED_PREFS pkg=com.google.android.gms }
06-08 15:42:31.573 I/RcsClientLib( 2973): Connecting FileTransferService
06-08 15:42:31.573 I/RcsClientLib( 2973): shouldUseCarrierServicesJibeService: true, CarrierServices rcs service found: true
06-08 15:42:31.602 V/GraphicsEnvironment( 3805): ANGLE Developer option for 'com.google.android.partnersetup' set to: 'default'
06-08 15:42:31.603 V/GraphicsEnvironment( 3805): ANGLE GameManagerService for com.google.android.partnersetup: false
06-08 15:42:31.603 V/GraphicsEnvironment( 3805): Neither updatable production driver nor prerelease driver is supported.
06-08 15:42:31.606 D/NetworkSecurityConfig( 3805): No Network Security Config specified, using platform default
06-08 15:42:31.607 D/NetworkSecurityConfig( 3805): No Network Security Config specified, using platform default
06-08 15:42:31.614 I/RcsClientLib( 2973): Connecting LocationSharingService
06-08 15:42:31.615 I/RcsClientLib( 2973): shouldUseCarrierServicesJibeService: true, CarrierServices rcs service found: true
06-08 15:42:31.616 I/RcsClientLib( 2973): Connecting ImsConnectionTrackerService
06-08 15:42:31.617 I/RcsClientLib( 2973): shouldUseCarrierServicesJibeService: true, CarrierServices rcs service found: true
06-08 15:42:31.618 I/RcsClientLib( 2973): Connecting RcsProfileService
06-08 15:42:31.619 W/ShortcutBadger( 2973): Badge counter seems not supported in this platform: unable to resolve intent: Intent { act=android.intent.action.BADGE_COUNT_UPDATE (has extras) }
06-08 15:42:31.645 W/GlsClientGrpc( 1107): Voilatile gRPC failure INVALID_ARGUMENT: Application credential header not valid. Please fix the client to pass a valid application credential header. [CONTEXT service_id=6 ]
06-08 15:42:31.645 W/GlsClientGrpc( 1107): enms: INVALID_ARGUMENT: Application credential header not valid. Please fix the client to pass a valid application credential header.
06-08 15:42:31.645 W/GlsClientGrpc( 1107): 	at enmr.h(:com.google.android.gms@231818044@23.18.18 (190400-535401451):0)
06-08 15:42:31.645 W/GlsClientGrpc( 1107): 	at abxw.u(:com.google.android.gms@231818044@23.18.18 (190400-535401451):2)
06-08 15:42:31.645 W/GlsClientGrpc( 1107): 	at abxw.e(:com.google.android.gms@231818044@23.18.18 (190400-535401451):17)
06-08 15:42:31.645 W/GlsClientGrpc( 1107): 	at abxw.g(:com.google.android.gms@231818044@23.18.18 (190400-535401451):0)
06-08 15:42:31.645 W/GlsClientGrpc( 1107): 	at cyeg.a(:com.google.android.gms@231818044@23.18.18 (190400-535401451):27)
06-08 15:42:31.645 W/GlsClientGrpc( 1107): 	at czpd.call(:com.google.android.gms@231818044@23.18.18 (190400-535401451):78)
06-08 15:42:31.645 W/GlsClientGrpc( 1107): 	at java.util.concurrent.FutureTask.run(FutureTask.java:264)
06-08 15:42:31.645 W/GlsClientGrpc( 1107): 	at aced.c(:com.google.android.gms@231818044@23.18.18 (190400-535401451):6)
06-08 15:42:31.645 W/GlsClientGrpc( 1107): 	at aced.run(:com.google.android.gms@231818044@23.18.18 (190400-535401451):7)
06-08 15:42:31.645 W/GlsClientGrpc( 1107): 	at java.util.concurrent.ThreadPoolExecutor.runWorker(ThreadPoolExecutor.java:1137)
06-08 15:42:31.645 W/GlsClientGrpc( 1107): 	at java.util.concurrent.ThreadPoolExecutor$Worker.run(ThreadPoolExecutor.java:637)
06-08 15:42:31.645 W/GlsClientGrpc( 1107): 	at acjn.run(:com.google.android.gms@231818044@23.18.18 (190400-535401451):0)
06-08 15:42:31.645 W/GlsClientGrpc( 1107): 	at java.lang.Thread.run(Thread.java:1012)
06-08 15:42:31.686 I/RcsClientLib( 2973): com.google.android.rcs.client.locationsharing.LocationSharingService connected
06-08 15:42:31.686 I/RcsClientLib( 2973): com.google.android.rcs.client.ims.ImsConnectionTrackerService connected
06-08 15:42:31.686 I/RcsClientLib( 2973): com.google.android.rcs.client.filetransfer.FileTransferService connected
06-08 15:42:31.693 D/EGL_emulation( 3662): app_time_stats: avg=163.59ms min=6.09ms max=985.69ms count=8
06-08 15:42:31.697 W/SystemServiceRegistry( 3000): No service published for: persistent_data_block
06-08 15:42:31.701 I/Finsky  ( 2961): [107] AdIdListener.a(2): AdId change: id (hash)=-1041261145 limit=false
06-08 15:42:31.704 I/Finsky  ( 2961): [91] jkl.run(19): Wrote row to frosting DB: 2
06-08 15:42:31.708 I/RemoteProvisioner( 3766): Pool status 0, 0, 0, 0
06-08 15:42:31.708 I/RemoteProvisioningService( 3766): Pool status.
06-08 15:42:31.708 I/RemoteProvisioningService( 3766): Total: 0
06-08 15:42:31.708 I/RemoteProvisioningService( 3766): Attested: 0
06-08 15:42:31.708 I/RemoteProvisioningService( 3766): Unassigned: 0
06-08 15:42:31.708 I/RemoteProvisioningService( 3766): Expiring: 0
06-08 15:42:31.708 I/RemoteProvisioningService( 3766): Need to generate 6 keys.
06-08 15:42:31.710 D/ActivityThread( 1299): Loading provider com.google.android.gms.download: com.google.android.gms.common.download.provider.DownloadsProvider
06-08 15:42:31.782 D/MddListenableWorkerFactory( 2973): createWorker for class: com.google.android.apps.messaging.shared.datamodel.workqueue.WorkQueueWorkerShim
06-08 15:42:31.788 I/Finsky  ( 2961): [108] ezp.accept(28): Asset module storage cleared for package org.khandaq.messenger.
06-08 15:42:31.801 I/Finsky  ( 2961): [89] irc.g(1): getDownloads()
06-08 15:42:31.827 I/Finsky  ( 2961): [51] rjy.accept(45): SCH: Scheduling phonesky job Id: 1-1337, CT: 1780922550740, Constraints: [{ L: 0, D: 10214340, C: 1, I: 1, N: 0 }, { L: 0, D: 0, C: 1, I: 1, N: 0 }]
06-08 15:42:31.858 D/CompatibilityChangeReporter( 3766): Compat change id reported: 160794467; UID 10151; state: ENABLED
06-08 15:42:31.873 I/Finsky  ( 2961): [51] rht.apply(84): SCH: Scheduling 1 system job(s)
06-08 15:42:31.873 I/Finsky  ( 2961): [51] rht.apply(90): SCH: Scheduling system job Id: 9000, L: 0, D: 0, C: false, I: false, N: 0
06-08 15:42:31.877 I/NetworkScheduler.Stats( 1107): Task com.google.android.gms/com.google.android.gms.languageprofile.GcmTaskService started execution. cause:7 exec_start_elapsed_seconds: 37 [CONTEXT service_id=218 ]
06-08 15:42:31.878 I/Finsky  ( 2961): [2] rrt.onStartJob(4): SCH: job service start with id 9000.
06-08 15:42:31.889 I/Finsky  ( 2961): [59] rjy.accept(45): SCH: Scheduling phonesky job Id: 37-0, CT: 1780922550857, Constraints: [{ L: 0, D: 0, C: 1, I: 1, N: 0 }, { L: 0, D: 0, C: 1, I: 1, N: 0 }]
06-08 15:42:31.891 I/RcsClientLib( 2973): shouldUseCarrierServicesJibeService: true, CarrierServices rcs service found: true
06-08 15:42:31.895 I/RcsClientLib( 2973): com.google.android.rcs.client.profile.RcsProfileService connected
06-08 15:42:31.896 I/GCoreUlr( 1107): Unbound from all signal providers.
06-08 15:42:31.896 I/GCoreUlr( 1107): Stopping handler for UlrDispSvcFast
06-08 15:42:31.909 D/WifiNl80211Manager(  482): Scan result ready event
06-08 15:42:31.909 D/WifiNative(  482): Scan result ready event
06-08 15:42:31.919 I/RcsClientLib( 2973): Connecting BusinessInfoService
06-08 15:42:31.920 I/RcsClientLib( 2973): shouldUseCarrierServicesJibeService: true, CarrierServices rcs service found: true
06-08 15:42:31.921 I/RemoteProvisioningService( 3766): Generated 6 keys. 0 keys were also available for signing previous to generation.
06-08 15:42:31.921 I/RemoteProvisioningService( 3766): All signed keys are currently in use, provisioning more.
06-08 15:42:31.953 I/ActivityManager(  482): com.android.vending is exempt from freezer
06-08 15:42:31.953 D/CompatibilityChangeReporter(  482): Compat change id reported: 135634846; UID 10110; state: DISABLED
06-08 15:42:31.953 D/CompatibilityChangeReporter(  482): Compat change id reported: 177438394; UID 10110; state: DISABLED
06-08 15:42:31.953 D/CompatibilityChangeReporter(  482): Compat change id reported: 135772972; UID 10110; state: DISABLED
06-08 15:42:31.953 D/CompatibilityChangeReporter(  482): Compat change id reported: 135754954; UID 10110; state: ENABLED
06-08 15:42:31.958 D/CompatibilityChangeReporter(  482): Compat change id reported: 143937733; UID 10110; state: ENABLED
06-08 15:42:31.965 D/Zygote  (  297): Forked child process 3844
06-08 15:42:31.967 I/ActivityManager(  482): Start proc 3844:com.android.vending:background/u0a110 for service {com.android.vending/com.google.android.finsky.ipcservers.background.BackgroundGrpcServerAndroidService}
06-08 15:42:31.969 E/keystore2(  168): keystore2::remote_provisioning: In get_remote_provisioning_key_and_certs: Error occurred: In get_rem_prov_attest_key: Failed to get a key
06-08 15:42:31.969 E/keystore2(  168): 
06-08 15:42:31.969 E/keystore2(  168): Caused by:
06-08 15:42:31.969 E/keystore2(  168):     0: In get_rem_prov_attest_key_helper: Failed to assign a key
06-08 15:42:31.969 E/keystore2(  168):     1: In assign_attestation_key: 
06-08 15:42:31.969 E/keystore2(  168):     2: In with_transaction.
06-08 15:42:31.969 E/keystore2(  168):     3: Out of keys.
06-08 15:42:31.969 E/keystore2(  168):     4: Error::Rc(ResponseCode(22))
06-08 15:42:31.972 I/ding:background( 3844): Using CollectorTypeCC GC.
06-08 15:42:31.984 D/LocalImageResolver(  774): Couldn't use ImageDecoder for drawable, falling back to non-resized load.
06-08 15:42:31.984 D/LocalImageResolver(  774): Couldn't use ImageDecoder for drawable, falling back to non-resized load.
06-08 15:42:31.990 D/BoundBrokerSvc( 1299): onBind: Intent { act=com.google.android.gms.feedback.internal.IFeedbackService dat=chimera-action:/... cmp=com.google.android.gms/.chimera.GmsBoundBrokerService }
06-08 15:42:31.990 D/BoundBrokerSvc( 1299): Loading bound service for intent: Intent { act=com.google.android.gms.feedback.internal.IFeedbackService dat=chimera-action:/... cmp=com.google.android.gms/.chimera.GmsBoundBrokerService }
06-08 15:42:32.021 I/Finsky  ( 2961): [58] rqi.a(92): SCH: Satisfied jobs for 9000 are: 1-1337, 37-0
06-08 15:42:32.021 D/CompatibilityChangeReporter(  482): Compat change id reported: 161252188; UID 10151; state: DISABLED
06-08 15:42:32.021 I/Finsky  ( 2961): [111] rhu.accept(27): SCH: Job 1-1337 starting
06-08 15:42:32.023 I/Finsky  ( 2961): [59] rht.apply(84): SCH: Scheduling 0 system job(s)
06-08 15:42:32.023 I/Finsky  ( 2961): [2] RoutineHygieneCoreJob.v(6): No holdoff required - already provisioned
06-08 15:42:32.024 I/Finsky  ( 2961): [51] rjy.accept(45): SCH: Scheduling phonesky job Id: 29-29, CT: 1780922546251, Constraints: [{ L: 30000, D: 60000, C: 1, I: 1, N: 0 }]
06-08 15:42:32.025 I/Finsky  ( 2961): [111] rqz.c(7): SCH: Skip running other jobs while hygiene is running
06-08 15:42:32.025 W/SemanticLocation( 1107): [Settings] Failed to getPlaceIndexCacheEncryptionKey [CONTEXT service_id=173 ]
06-08 15:42:32.025 W/SemanticLocation( 1107): java.util.concurrent.TimeoutException: Waited 5000 milliseconds (plus 2 milliseconds, 872377 nanoseconds delay) for dlnx@a4ab7d7[status=PENDING, info=[function=[bzrs@d1df8c4]]]
06-08 15:42:32.025 W/SemanticLocation( 1107): 	at dlnv.get(:com.google.android.gms@231818044@23.18.18 (190400-535401451):30)
06-08 15:42:32.025 W/SemanticLocation( 1107): 	at bzta.z(:com.google.android.gms@231818044@23.18.18 (190400-535401451):4)
06-08 15:42:32.025 W/SemanticLocation( 1107): 	at cadn.s(:com.google.android.gms@231818044@23.18.18 (190400-535401451):1)
06-08 15:42:32.025 W/SemanticLocation( 1107): 	at cadn.i(:com.google.android.gms@231818044@23.18.18 (190400-535401451):2)
06-08 15:42:32.025 W/SemanticLocation( 1107): 	at com.google.android.gms.semanticlocation.service.SemanticLocationChimeraService.i(:com.google.android.gms@231818044@23.18.18 (190400-535401451):2)
06-08 15:42:32.025 W/SemanticLocation( 1107): 	at cacs.run(:com.google.android.gms@231818044@23.18.18 (190400-535401451):140)
06-08 15:42:32.025 W/SemanticLocation( 1107): 	at java.util.concurrent.Executors$RunnableAdapter.call(Executors.java:463)
06-08 15:42:32.025 W/SemanticLocation( 1107): 	at java.util.concurrent.FutureTask.run(FutureTask.java:264)
06-08 15:42:32.025 W/SemanticLocation( 1107): 	at aced.c(:com.google.android.gms@231818044@23.18.18 (190400-535401451):6)
06-08 15:42:32.025 W/SemanticLocation( 1107): 	at aced.run(:com.google.android.gms@231818044@23.18.18 (190400-535401451):7)
06-08 15:42:32.025 W/SemanticLocation( 1107): 	at java.util.concurrent.ThreadPoolExecutor.runWorker(ThreadPoolExecutor.java:1137)
06-08 15:42:32.025 W/SemanticLocation( 1107): 	at java.util.concurrent.ThreadPoolExecutor$Worker.run(ThreadPoolExecutor.java:637)
06-08 15:42:32.025 W/SemanticLocation( 1107): 	at acjn.run(:com.google.android.gms@231818044@23.18.18 (190400-535401451):0)
06-08 15:42:32.025 W/SemanticLocation( 1107): 	at java.lang.Thread.run(Thread.java:1012)
06-08 15:42:32.042 I/RcsClientLib( 2973): com.google.android.rcs.client.businessinfo.BusinessInfoService connected
06-08 15:42:32.042 I/RcsClientLib( 2973): Connecting RcsMessagingService
06-08 15:42:32.044 I/RcsClientLib( 2973): shouldUseCarrierServicesJibeService: true, CarrierServices rcs service found: true
06-08 15:42:32.062 I/ALT.BtDevicesMgr( 1680): #audio# ensure BT-components initialized
06-08 15:42:32.067 I/Finsky  ( 2961): [51] rht.apply(84): SCH: Scheduling 0 system job(s)
