06-08 15:42:29.578 W/GoogleHttpServiceClient( 1107): 	at java.util.concurrent.ThreadPoolExecutor$Worker.run(ThreadPoolExecutor.java:637)
06-08 15:42:29.578 W/GoogleHttpServiceClient( 1107): 	at acjn.run(:com.google.android.gms@231818044@23.18.18 (190400-535401451):0)
06-08 15:42:29.578 W/GoogleHttpServiceClient( 1107): 	at java.lang.Thread.run(Thread.java:1012)
06-08 15:42:29.579 I/NearbySharing( 1299): onBindSlice failed since shareTargets is empty [CONTEXT service_id=194 ]
06-08 15:42:29.579 I/NearbySharing( 1299): Granted slice and Uri permissions to android [CONTEXT service_id=194 ]
06-08 15:42:29.598 I/CarrierServices( 2408): [2] gch.onBind: JibeService: onBind in state STARTED, intent action = com.google.android.ims.rcsservice.locationsharing.ILocationSharing
06-08 15:42:29.601 I/RcsClientLib( 2973): com.google.android.rcs.client.locationsharing.LocationSharingService connected
06-08 15:42:29.613 I/ModuleSetMgr( 1299): Pending container module APKs: []
06-08 15:42:29.614 I/ModuleSetMgr( 1299): Pending non-container module APKs: []
06-08 15:42:29.615 W/Conscrypt( 1107): 	at com.google.android.gms.org.conscrypt.Platform.setSocketWriteTimeout(:com.google.android.gms@231818044@23.18.18 (190400-535401451):2)
06-08 15:42:29.615 W/Conscrypt( 1107): 	at com.google.android.gms.org.conscrypt.ConscryptFileDescriptorSocket.setSoWriteTimeout(:com.google.android.gms@231818044@23.18.18 (190400-535401451):0)
06-08 15:42:29.617 I/CarrierServices( 2408): [2] gch.onBind: JibeService: onBind in state STARTED, intent action = com.google.android.ims.rcsservice.ims.IImsConnectionTracker
06-08 15:42:29.619 D/BoundBrokerSvc( 1299): onBind: Intent { act=com.google.android.gms.findmydevice.spot.service.locationreport.START dat=chimera-action:/... cmp=com.google.android.gms/.chimera.GmsApiService }
06-08 15:42:29.619 D/BoundBrokerSvc( 1299): Loading bound service for intent: Intent { act=com.google.android.gms.findmydevice.spot.service.locationreport.START dat=chimera-action:/... cmp=com.google.android.gms/.chimera.GmsApiService }
06-08 15:42:29.626 V/GraphicsEnvironment( 3662): ANGLE Developer option for 'org.khandaq.messenger' set to: 'default'
06-08 15:42:29.626 V/GraphicsEnvironment( 3662): ANGLE GameManagerService for org.khandaq.messenger: false
06-08 15:42:29.626 V/GraphicsEnvironment( 3662): Neither updatable production driver nor prerelease driver is supported.
06-08 15:42:29.627 I/RcsClientLib( 2973): com.google.android.rcs.client.ims.ImsConnectionTrackerService connected
06-08 15:42:29.629 I/HeterodyneSyncScheduler( 1107): Scheduling Phenotype for a PhenotypeSyncImmediately(6, com.google.android.apps.messaging#com.google.android.apps.messaging) one off with window [1, 2] in seconds [CONTEXT service_id=51 ]
06-08 15:42:29.634 D/NetworkSecurityConfig( 3662): No Network Security Config specified, using platform default
06-08 15:42:29.634 D/NetworkSecurityConfig( 3662): No Network Security Config specified, using platform default
06-08 15:42:29.636 I/NearbyFastPair( 1299): FastPairInitIntentOperation: check the Footprints sync tasks. [CONTEXT service_id=265 ]
06-08 15:42:29.636 I/MultiDex( 3662): VM with version 2.1.0 has multidex support
06-08 15:42:29.636 I/MultiDex( 3662): Installing application
06-08 15:42:29.636 I/MultiDex( 3662): VM has multidex support, MultiDex support library is disabled.
06-08 15:42:29.643 I/NearbyFastPair( 1299): TaskSchedulerUtils cancelTask TAG_FOOTPRINTS_PERIODIC_SCHEDULE success. [CONTEXT service_id=265 ]
06-08 15:42:29.643 I/NearbyFastPair( 1299): TSS cancel footprints recon sync [CONTEXT service_id=265 ]
06-08 15:42:29.647 I/Finsky  ( 2961): [60] grc.onCreate(1): [Counters Flush] Counters SQLite Database created
06-08 15:42:29.653 I/trifa.MainApplication( 3662): MainApplication:857:onCreate
06-08 15:42:29.654 D/CompatibilityChangeReporter(  482): Compat change id reported: 161145287; UID 10174; state: DISABLED
06-08 15:42:29.654 I/trifa.MainApplication( 3662): MainApplication:857:crashes[load]=0
06-08 15:42:29.654 I/trifa.MainApplication( 3662): MainApplication:857:last_crash_time[load]=0
06-08 15:42:29.654 I/trifa.MainApplication( 3662): MainApplication:857:prevlast_crash_time[load]=0
06-08 15:42:29.657 I/NearbyFastPair( 1299): TaskSchedulerUtils cancelTask TAG_FOOTPRINTS_RECON_SYNC_SCHEDULE success. [CONTEXT service_id=265 ]
06-08 15:42:29.665 I/SnapshotHandler( 2408): Unable to retrieve flag snapshot for com.google.android.libraries.performance.primes#com.google.android.ims, using defaults.
06-08 15:42:29.672 I/CarrierServices( 2408): [2] gch.onBind: JibeService: onBind in state STARTED, intent action = com.google.android.ims.rcsservice.profile.IRcsProfile
06-08 15:42:29.680 W/Conscrypt( 1107): Could not set socket write timeout: java.net.SocketException: Socket closed
06-08 15:42:29.680 W/Conscrypt( 1107): 	at com.google.android.gms.org.conscrypt.Platform.setSocketWriteTimeout(:com.google.android.gms@231818044@23.18.18 (190400-535401451):2)
06-08 15:42:29.680 W/Conscrypt( 1107): 	at com.google.android.gms.org.conscrypt.ConscryptFileDescriptorSocket.setSoWriteTimeout(:com.google.android.gms@231818044@23.18.18 (190400-535401451):0)
06-08 15:42:29.690 D/TrafficStats( 1107): tagSocket(99) with statsTag=0x1203, statsUid=10120
06-08 15:42:29.693 I/RcsClientLib( 2973): com.google.android.rcs.client.profile.RcsProfileService connected
06-08 15:42:29.701 D/TrafficStats( 1107): tagSocket(99) with statsTag=0x1203, statsUid=10120
06-08 15:42:29.703 I/CarrierServices( 2408): [2] gch.onBind: JibeService: onBind in state STARTED, intent action = com.google.android.ims.rcsservice.businessinfo.IBusinessInfo
06-08 15:42:29.705 D/AppCompatDelegate( 3662): Checking for metadata for AppLocalesMetadataHolderService : Service not found
06-08 15:42:29.705 I/RcsClientLib( 2973): com.google.android.rcs.client.businessinfo.BusinessInfoService connected
06-08 15:42:29.706 I/CarrierServices( 2408): [2] gch.onBind: JibeService: onBind in state STARTED, intent action = com.google.android.rcs.client.messaging.IMessaging
06-08 15:42:29.707 I/CarrierServices( 2408): [2] gch.onBind: JibeService: onBind in state STARTED, intent action = com.google.android.ims.rcsservice.transportcontrol.ITransportControl
06-08 15:42:29.708 I/SmsRetrieverModuleInitI( 1299): enable sms code autofill feature components
06-08 15:42:29.711 D/TrafficStats( 1107): tagSocket(99) with statsTag=0x1203, statsUid=10120
06-08 15:42:29.711 I/SmsRetrieverModuleInitI( 1299): enable sms code browser feature components
06-08 15:42:29.722 D/TrafficStats( 1107): tagSocket(99) with statsTag=0x1203, statsUid=10120
06-08 15:42:29.722 D/BoundBrokerSvc( 1299): onBind: Intent { act=com.google.android.gms.common.BIND_SHARED_PREFS pkg=com.google.android.gms }
06-08 15:42:29.722 D/BoundBrokerSvc( 1299): Loading bound service for intent: Intent { act=com.google.android.gms.common.BIND_SHARED_PREFS pkg=com.google.android.gms }
06-08 15:42:29.722 I/AppsFilter(  482): Invalidating cache: grantImplicitAccess: 1000 -> 10174
06-08 15:42:29.735 D/libEGL  ( 3662): loaded /vendor/lib64/egl/libEGL_emulation.so
06-08 15:42:29.736 D/libEGL  ( 3662): loaded /vendor/lib64/egl/libGLESv1_CM_emulation.so
06-08 15:42:29.738 I/RcsClientLib( 2973): com.google.android.rcs.client.messaging.RcsMessagingService connected
06-08 15:42:29.739 D/libEGL  ( 3662): loaded /vendor/lib64/egl/libGLESv2_emulation.so
06-08 15:42:29.740 I/RcsClientLib( 2973): com.google.android.rcs.client.transportcontrol.TransportControlService connected
06-08 15:42:29.745 D/TrafficStats( 1107): tagSocket(99) with statsTag=0x1203, statsUid=10120
06-08 15:42:29.753 I/RecoverableKeyStoreGms( 1299): [RecoverableKeyStoreGmsInitOperation] Initializing auth_folsom
06-08 15:42:29.754 W/RecoverableKeyStoreGms( 1299): [RecoverableKeyStoreGmsInitOperation] Cannot initialize the RecoverableKeyStoreGms module - Android ID has not yet been set! [CONTEXT service_id=172 ]
06-08 15:42:29.759 I/Auth    ( 1299): [AuthManaged, AuthManagedModuleInitIntentOperation] enabling com.google.android.gms.auth.managed.ui.EmmActivity
06-08 15:42:29.760 I/Auth    ( 1299): [AuthManaged, AuthManagedModuleInitIntentOperation] enabling com.google.android.gms.auth.managed.ui.PhoneskyDpcInstallActivity
06-08 15:42:29.766 W/SQLiteLog( 1299): (28) double-quoted string literal: "1780749749766"
06-08 15:42:29.766 W/SQLiteLog( 1299): (28) double-quoted string literal: "1"
06-08 15:42:29.772 I/trifa.MainActivityWrpr( 3662): onCreate
06-08 15:42:29.773 I/Icing   ( 1299): updateResources: need to parse arkh{com.google.android.gms}
06-08 15:42:29.779 D/BoundBrokerSvc( 1299): onUnbind: Intent { act=com.google.android.gms.common.BIND_SHARED_PREFS pkg=com.google.android.gms }
06-08 15:42:29.785 W/Auth    ( 1299): [AuthManaged, SettingsSecurityDeviceOwnerChimeraActivity] device owner: n/a
06-08 15:42:29.785 I/Auth    ( 1299): [AuthManaged, AuthManagedModuleInitIntentOperation] disabling com.google.android.gms.auth.managed.ui.SettingsSecurityDeviceOwnerActivity
06-08 15:42:29.798 W/constellation( 1299): [event_manager] Event manager is not initialized
06-08 15:42:29.799 I/trifa.MainActivity( 3662): successfully loaded jni-c-toxcore library
06-08 15:42:29.801 I/Choreographer(  774): Skipped 84 frames!  The application may be doing too much work on its main thread.
06-08 15:42:29.802 W/ChimeraUtils( 1299): Module com.google.android.gms.auth_authzen__phone missing resource null(0)
06-08 15:42:29.803 D/BoundBrokerSvc( 1299): onBind: Intent { act=com.google.android.gms.common.BIND_SHARED_PREFS pkg=com.google.android.gms }
06-08 15:42:29.803 D/BoundBrokerSvc( 1299): Loading bound service for intent: Intent { act=com.google.android.gms.common.BIND_SHARED_PREFS pkg=com.google.android.gms }
06-08 15:42:29.804 D/BoundBrokerSvc( 1299): onUnbind: Intent { act=com.google.android.gms.common.BIND_SHARED_PREFS pkg=com.google.android.gms }
06-08 15:42:29.805 E/constellation( 1299): [periodic_consent_checker] Couldn't sync with the server due to 
06-08 15:42:29.805 E/constellation( 1299): acwp
06-08 15:42:29.805 E/constellation( 1299): 	at com.google.android.gms.constellation.EventManager.onHandleIntent(:com.google.android.gms@231818044@23.18.18 (190400-535401451):29)
06-08 15:42:29.805 E/constellation( 1299): 	at com.google.android.chimera.IntentOperation.onHandleIntent(:com.google.android.gms@231818044@23.18.18 (190400-535401451):2)
06-08 15:42:29.805 E/constellation( 1299): 	at zhv.onHandleIntent(:com.google.android.gms@231818044@23.18.18 (190400-535401451):4)
06-08 15:42:29.805 E/constellation( 1299): 	at hjm.run(:com.google.android.gms@231818044@23.18.18 (190400-535401451):3)
06-08 15:42:29.805 E/constellation( 1299): 	at hjl.run(:com.google.android.gms@231818044@23.18.18 (190400-535401451):11)
06-08 15:42:29.805 E/constellation( 1299): 	at dfhf.run(:com.google.android.gms@231818044@23.18.18 (190400-535401451):2)
06-08 15:42:29.805 E/constellation( 1299): 	at java.util.concurrent.ThreadPoolExecutor.runWorker(ThreadPoolExecutor.java:1137)
06-08 15:42:29.805 E/constellation( 1299): 	at java.util.concurrent.ThreadPoolExecutor$Worker.run(ThreadPoolExecutor.java:637)
06-08 15:42:29.805 E/constellation( 1299): 	at java.lang.Thread.run(Thread.java:1012)
06-08 15:42:29.805 I/trifa.MainActivity( 3662): successfully loaded native-audio-jni library
06-08 15:42:29.805 I/trifa.MainActivityWrpr( 3662): change_msg_notification:extra:null
06-08 15:42:29.805 I/trifa.MainActivityWrpr( 3662): 0001
06-08 15:42:29.805 I/trifa.MainActivityWrpr( 3662): 0002
06-08 15:42:29.806 I/trifa.MainActivityWrpr( 3662): 0006
06-08 15:42:29.807 W/System.err( 3662): java.lang.NullPointerException: Attempt to invoke virtual method 'boolean info.guardianproject.iocipher.VirtualFileSystem.isMounted()' on a null object reference
06-08 15:42:29.807 W/System.err( 3662): 	at com.zoffcc.applications.trifa.StartMainActivityWrapper.onCreate(StartMainActivityWrapper.java:80)
06-08 15:42:29.807 W/System.err( 3662): 	at android.app.Activity.performCreate(Activity.java:8342)
06-08 15:42:29.807 W/System.err( 3662): 	at android.app.Activity.performCreate(Activity.java:8321)
06-08 15:42:29.807 W/System.err( 3662): 	at android.app.Instrumentation.callActivityOnCreate(Instrumentation.java:1417)
06-08 15:42:29.807 W/System.err( 3662): 	at android.app.ActivityThread.performLaunchActivity(ActivityThread.java:3626)
06-08 15:42:29.807 W/System.err( 3662): 	at android.app.ActivityThread.handleLaunchActivity(ActivityThread.java:3782)
06-08 15:42:29.807 W/System.err( 3662): 	at android.app.servertransaction.LaunchActivityItem.execute(LaunchActivityItem.java:101)
06-08 15:42:29.807 W/System.err( 3662): 	at android.app.servertransaction.TransactionExecutor.executeCallbacks(TransactionExecutor.java:138)
06-08 15:42:29.807 W/System.err( 3662): 	at android.app.servertransaction.TransactionExecutor.execute(TransactionExecutor.java:95)
06-08 15:42:29.807 W/System.err( 3662): 	at android.app.ActivityThread$H.handleMessage(ActivityThread.java:2307)
06-08 15:42:29.807 W/System.err( 3662): 	at android.os.Handler.dispatchMessage(Handler.java:106)
06-08 15:42:29.807 W/System.err( 3662): 	at android.os.Looper.loopOnce(Looper.java:201)
06-08 15:42:29.807 W/System.err( 3662): 	at android.os.Looper.loop(Looper.java:288)
06-08 15:42:29.807 W/System.err( 3662): 	at android.app.ActivityThread.main(ActivityThread.java:7924)
06-08 15:42:29.807 W/System.err( 3662): 	at java.lang.reflect.Method.invoke(Native Method)
06-08 15:42:29.807 W/System.err( 3662): 	at com.android.internal.os.RuntimeInit$MethodAndArgsCaller.run(RuntimeInit.java:548)
06-08 15:42:29.807 W/System.err( 3662): 	at com.android.internal.os.ZygoteInit.main(ZygoteInit.java:936)
06-08 15:42:29.807 I/trifa.MainActivityWrpr( 3662): 0007
06-08 15:42:29.807 I/trifa.MainActivityWrpr( 3662): 0010
06-08 15:42:29.807 I/trifa.MainActivityWrpr( 3662): 0011
06-08 15:42:29.808 I/ActivityTaskManager(  482): START u0 {cmp=org.khandaq.messenger/com.zoffcc.applications.trifa.SetPasswordActivity} from uid 10174
06-08 15:42:29.809 I/Auth    ( 1299): [AuthManaged, PasswordComplexityHelperImpl] Updating password complexity components state.
06-08 15:42:29.809 I/Auth    ( 1299): [AuthManaged, PasswordComplexityHelperImpl] Disabling com.google.android.gms.auth.managed.admin.DeviceAdminReceiver
06-08 15:42:29.809 I/Auth    ( 1299): [AuthManaged, PasswordComplexityHelperImpl] Disabling com.google.android.gms.auth.managed.ui.SetNewPasswordActivity
06-08 15:42:29.809 I/Auth    ( 1299): [AuthManaged, AuthManagedModuleInitIntentOperation] enabling com.google.android.gms.auth.managed.ui.EmmActivity
06-08 15:42:29.809 I/Auth    ( 1299): [AuthManaged, AuthManagedModuleInitIntentOperation] enabling com.google.android.gms.auth.managed.ui.PhoneskyDpcInstallActivity
06-08 15:42:29.809 W/Auth    ( 1299): [AuthManaged, SettingsSecurityDeviceOwnerChimeraActivity] device owner: n/a
06-08 15:42:29.809 I/Auth    ( 1299): [AuthManaged, AuthManagedModuleInitIntentOperation] disabling com.google.android.gms.auth.managed.ui.SettingsSecurityDeviceOwnerActivity
06-08 15:42:29.810 I/Auth    ( 1299): [AuthManaged, PasswordComplexityHelperImpl] Updating password complexity components state.
06-08 15:42:29.810 I/Auth    ( 1299): [AuthManaged, PasswordComplexityHelperImpl] Disabling com.google.android.gms.auth.managed.admin.DeviceAdminReceiver
06-08 15:42:29.810 I/Auth    ( 1299): [AuthManaged, PasswordComplexityHelperImpl] Disabling com.google.android.gms.auth.managed.ui.SetNewPasswordActivity
06-08 15:42:29.811 D/CompatibilityChangeReporter(  482): Compat change id reported: 265464455; UID 10174; state: DISABLED
06-08 15:42:29.811 D/CompatibilityChangeReporter(  482): Compat change id reported: 265452344; UID 10174; state: DISABLED
06-08 15:42:29.811 D/CompatibilityChangeReporter(  482): Compat change id reported: 266124927; UID 10174; state: DISABLED
06-08 15:42:29.812 D/CompatibilityChangeReporter(  482): Compat change id reported: 265451093; UID 10174; state: DISABLED
06-08 15:42:29.812 D/CompatibilityChangeReporter(  482): Compat change id reported: 265456536; UID 10174; state: DISABLED
06-08 15:42:29.812 D/CompatibilityChangeReporter(  482): Compat change id reported: 255940284; UID 10174; state: DISABLED
06-08 15:42:29.812 D/CompatibilityChangeReporter(  482): Compat change id reported: 236283604; UID 10174; state: DISABLED
06-08 15:42:29.812 D/CompatibilityChangeReporter(  482): Compat change id reported: 263959004; UID 10174; state: DISABLED
06-08 15:42:29.812 D/CompatibilityChangeReporter(  482): Compat change id reported: 264304459; UID 10174; state: DISABLED
06-08 15:42:29.812 D/CompatibilityChangeReporter(  482): Compat change id reported: 264301586; UID 10174; state: DISABLED
06-08 15:42:29.812 D/CompatibilityChangeReporter(  482): Compat change id reported: 254631730; UID 10174; state: DISABLED
06-08 15:42:29.812 D/CompatibilityChangeReporter(  482): Compat change id reported: 273509367; UID 10174; state: DISABLED
06-08 15:42:29.812 D/CompatibilityChangeReporter(  482): Compat change id reported: 263259275; UID 10174; state: DISABLED
06-08 15:42:29.814 D/CompatibilityChangeReporter(  482): Compat change id reported: 194480991; UID 10174; state: ENABLED
06-08 15:42:29.814 I/Authzen ( 1299): [AuthZenEventHandler] Handling event: com.google.android.chimera.IntentOperation.NEW_MODULE
06-08 15:42:29.814 E/Authzen ( 1299): [AuthZenEventHandler] unknown action: com.google.android.chimera.IntentOperation.NEW_MODULE
06-08 15:42:29.815 D/CompatibilityChangeReporter(  482): Compat change id reported: 174042980; UID 10174; state: DISABLED
06-08 15:42:29.822 D/CompatibilityChangeReporter(  482): Compat change id reported: 184838306; UID 10174; state: DISABLED
06-08 15:42:29.822 D/CompatibilityChangeReporter(  482): Compat change id reported: 185004937; UID 10174; state: DISABLED
06-08 15:42:29.822 D/CompatibilityChangeReporter(  482): Compat change id reported: 181136395; UID 10174; state: DISABLED
06-08 15:42:29.822 D/CompatibilityChangeReporter(  482): Compat change id reported: 174042936; UID 10174; state: DISABLED
06-08 15:42:29.826 D/CompatibilityChangeReporter(  482): Compat change id reported: 194833441; UID 10174; state: ENABLED
06-08 15:42:29.831 I/AlarmManager( 1107): set [name: SystemMemoryCache type: 2 triggerAtMillis: 315360039023 windowMillis: -1 intervalMillis: 0]
06-08 15:42:29.835 I/NotificationService(  482): Cannot find enqueued record for key: 0|com.google.android.apps.wellbeing|174344743|null|10111
06-08 15:42:29.878 I/trifa.ConManager( 3662): onReceive:intent=Intent { act=android.net.conn.CONNECTIVITY_CHANGE flg=0x4200010 (has extras) }
06-08 15:42:29.879 I/NearbySharing( 1107): ReceiveSurfaceService started [CONTEXT service_id=194 ]
06-08 15:42:29.881 I/Nearby  ( 1107): is blocked device type false, isAuto=false, isIot=false, isLatchsky=false, isChinaWearable=false, isTv=false, isWearable=false (supportWearOs=false), isChromeOsDevice=false (supportChromeOs=false) [CONTEXT service_id=49 ]
06-08 15:42:29.882 I/Nearby  ( 1107): is blocked device type false, isAuto=false, isIot=false, isLatchsky=false, isChinaWearable=false, isTv=false, isWearable=false (supportWearOs=false), isChromeOsDevice=false (supportChromeOs=false) [CONTEXT service_id=49 ]
06-08 15:42:29.882 I/NearbyDiscovery( 1107): DiscoveryController, showNotification, itemSize=0 [CONTEXT service_id=265 ]
06-08 15:42:29.882 I/NearbyDiscovery( 1107): Show notifications: 0 total, no changes since last shown, no-op. [CONTEXT service_id=265 ]
06-08 15:42:29.882 I/NearbyShared( 1107): FastPairSlice: enableBindServiceForDiscoveryItem called, isBind = false
06-08 15:42:29.883 I/AppsFilter(  482): interaction: PackageSetting{b4e095d org.khandaq.messenger/10174} -> PackageSetting{20282d2 com.google.android.youtube/10134} BLOCKED
06-08 15:42:29.883 I/AppsFilter(  482): interaction: PackageSetting{b4e095d org.khandaq.messenger/10174} -> PackageSetting{f59dfa3 com.google.android.apps.messaging/10116} BLOCKED
06-08 15:42:29.883 I/AppsFilter(  482): interaction: PackageSetting{b4e095d org.khandaq.messenger/10174} -> PackageSetting{67a12a0 com.google.android.gm/10145} BLOCKED
06-08 15:42:29.883 I/AppsFilter(  482): interaction: PackageSetting{b4e095d org.khandaq.messenger/10174} -> PackageSetting{b66de59 com.google.android.setupwizard/10119} BLOCKED
06-08 15:42:29.883 I/AppsFilter(  482): interaction: PackageSetting{b4e095d org.khandaq.messenger/10174} -> PackageSetting{461fa1e com.google.android.contacts/10144} BLOCKED
06-08 15:42:29.883 I/AppsFilter(  482): interaction: PackageSetting{b4e095d org.khandaq.messenger/10174} -> PackageSetting{e9d3067 com.google.android.calendar/10137} BLOCKED
06-08 15:42:29.883 I/AppsFilter(  482): interaction: PackageSetting{b4e095d org.khandaq.messenger/10174} -> PackageSetting{920d2ff com.google.android.cellbroadcastreceiver/10169} BLOCKED
06-08 15:42:29.885 I/trifa.Hlp.Generic( 3662): append_logger_msg:3:msg=trifa.ConManager::HAVE_INTERNET_CONNECTIVITY=true connectivity_old=true
06-08 15:42:29.885 I/SnapshotHandler( 1107): Unable to retrieve flag snapshot for com.google.android.gms.auth.easyunlock, using defaults.
06-08 15:42:29.885 I/trifa.ConManager( 3662): onReceive:reason=null
06-08 15:42:29.885 I/trifa.ConManager( 3662): onReceive:failOver=false
06-08 15:42:29.885 I/trifa.ConManager( 3662): onReceive:noConnectivity=false
06-08 15:42:29.885 I/trifa.ConManager( 3662): onReceive: mNetworkInfo=[type: WIFI[], state: CONNECTED/CONNECTED, reason: (unspecified), extra: , failover: false, available: true, roaming: false] mOtherNetworkInfo = [none]
06-08 15:42:29.885 I/trifa.Hlp.Generic( 3662): append_logger_msg:3:msg=trifa.ConManager::reason=null failOver=false
06-08 15:42:29.885 I/trifa.Hlp.Generic( 3662): append_logger_msg:3:msg=trifa.ConManager::mNetworkInfo=[type: WIFI[], state: CONNECTED/CONNECTED, reason: (unspecified), extra: , failover: false, available: true, roaming: false]
06-08 15:42:29.885 I/trifa.Hlp.Generic( 3662): append_logger_msg:3:msg=trifa.ConManager::mOtherNetworkInfo=[none]
06-08 15:42:29.887 I/FastPair( 1299): ServiceBindHelper.onSlicePinned, slice already pinned, uri = content://com.google.android.gms.nearby.fastpair/method_bind_service_for_discovery_item?is_bind=false
06-08 15:42:29.887 W/EasyUnlock( 1107): [EasyUnlockSupportReporterIntentOperation] Invalid account list. [CONTEXT service_id=234 ]
06-08 15:42:29.889 V/MediaPlayerList(  966): mPackageChangedBroadcastReceiver: action: android.intent.action.PACKAGE_CHANGED
06-08 15:42:29.889 D/MediaPlayerList(  966): Name of package changed: com.google.android.youtube
06-08 15:42:29.889 D/CompatibilityChangeReporter(  482): Compat change id reported: 218533173; UID 10134; state: ENABLED
06-08 15:42:29.889 W/EasyUnlock( 1107): [HostValidator] Invalid account list. [CONTEXT service_id=234 ]
06-08 15:42:29.890 I/Telecom (  482): DefaultDialerCache: Refreshing default dialer for user 0: now com.google.android.dialer: DDC.oR@AQU
06-08 15:42:29.891 I/RoleService(  482): Granting default roles...
06-08 15:42:29.891 I/PermissionControllerServiceImpl(  775): Updating user sensitive for uid 10134
06-08 15:42:29.893 W/ActivityTaskManager(  482): Tried to set launchTime (0) < mLastActivityLaunchTime (38048)
06-08 15:42:29.895 D/CarrierSvcBindHelper( 1000): onPackageModified: com.google.android.youtube
06-08 15:42:29.895 D/CarrierSvcBindHelper( 1000): No carrier app for: 0
06-08 15:42:29.896 D/CompatibilityChangeReporter(  482): Compat change id reported: 168419799; UID 10174; state: DISABLED
06-08 15:42:29.896 D/CompatibilityChangeReporter(  482): Compat change id reported: 273564678; UID 10174; state: DISABLED
06-08 15:42:29.897 D/ImsResolver( 1000): maybeAddedImsService, packageName: com.google.android.youtube
06-08 15:42:29.898 W/Role    (  775): Default holder doesn't have required signing certificate: com.google.android.apps.work.clouddpc:23962F4B43B9857638EA66F4D419518EAE282491ACDA4B94707BD59003C45E58
06-08 15:42:29.902 I/Telecom (  482): DefaultDialerCache: Refreshing default dialer for user 0: now com.google.android.dialer: DDC.oR@AQY
06-08 15:42:29.903 V/MediaPlayerList(  966): mPackageChangedBroadcastReceiver: action: android.intent.action.PACKAGE_CHANGED
06-08 15:42:29.903 D/MediaPlayerList(  966): Name of package changed: com.google.android.apps.messaging
06-08 15:42:29.903 I/trifa.SetPasswordActy( 3662): onCreate
06-08 15:42:29.906 D/CompatibilityChangeReporter(  482): Compat change id reported: 171306433; UID 10116; state: ENABLED
06-08 15:42:29.906 D/CompatibilityChangeReporter(  482): Compat change id reported: 226439802; UID 10116; state: DISABLED
06-08 15:42:29.907 W/andaq.messenger( 3662): Accessing hidden method Landroid/view/ViewGroup;->makeOptionalFitsSystemWindows()V (unsupported, reflection, allowed)
06-08 15:42:29.909 I/PermissionControllerServiceImpl(  775): Updating user sensitive for uid 10116
06-08 15:42:29.919 I/Telecom (  482): DefaultDialerCache: Refreshing default dialer for user 0: now com.google.android.dialer: DDC.oR@AQc
06-08 15:42:29.919 V/MediaPlayerList(  966): mPackageChangedBroadcastReceiver: action: android.intent.action.PACKAGE_CHANGED
06-08 15:42:29.919 D/MediaPlayerList(  966): Name of package changed: com.android.vending
06-08 15:42:29.922 I/Telecom (  482): DefaultDialerCache: Refreshing default dialer for user 0: now com.google.android.dialer: DDC.oR@AQg
06-08 15:42:29.922 V/MediaPlayerList(  966): mPackageChangedBroadcastReceiver: action: android.intent.action.PACKAGE_CHANGED
06-08 15:42:29.922 D/MediaPlayerList(  966): Name of package changed: com.google.android.gm
06-08 15:42:29.923 D/CarrierSvcBindHelper( 1000): onPackageModified: com.google.android.apps.messaging
06-08 15:42:29.924 D/CarrierSvcBindHelper( 1000): No carrier app for: 0
06-08 15:42:29.926 I/Telecom (  482): DefaultDialerCache: Refreshing default dialer for user 0: now com.google.android.dialer: DDC.oR@AQk
06-08 15:42:29.926 D/CompatibilityChangeReporter(  482): Compat change id reported: 218533173; UID 10145; state: ENABLED
06-08 15:42:29.926 V/MediaPlayerList(  966): mPackageChangedBroadcastReceiver: action: android.intent.action.PACKAGE_CHANGED
06-08 15:42:29.926 D/MediaPlayerList(  966): Name of package changed: com.google.android.setupwizard
06-08 15:42:29.928 I/PermissionControllerServiceImpl(  775): Updating user sensitive for uid 10110
06-08 15:42:29.928 I/PermissionControllerServiceImpl(  775): Updating user sensitive for uid 10145
06-08 15:42:29.931 I/PermissionControllerServiceImpl(  775): Updating user sensitive for uid 10119
06-08 15:42:29.931 D/CompatibilityChangeReporter(  482): Compat change id reported: 218533173; UID 10119; state: ENABLED
06-08 15:42:29.932 I/PermissionControllerServiceImpl(  775): Updating user sensitive for uid 10144
06-08 15:42:29.932 I/CarrierServices( 2408): [2] RcsAutoStartReceiver.a: RcsAutoStartReceiver triggered. Fetching RCS State. Action: android.intent.action.PACKAGE_CHANGED
06-08 15:42:29.933 D/CompatibilityChangeReporter( 3662): Compat change id reported: 171228096; UID 10174; state: ENABLED
06-08 15:42:29.933 I/CarrierServices( 2408): [2] RcsStateFetcher.bindService:108 Migration binding to RcsMigrationService
06-08 15:42:29.934 D/CarrierSvcBindHelper( 1000): onPackageModified: com.android.vending
06-08 15:42:29.934 D/CarrierSvcBindHelper( 1000): No carrier app for: 0
06-08 15:42:29.935 I/Telecom (  482): DefaultDialerCache: Refreshing default dialer for user 0: now com.google.android.dialer: DDC.oR@AQo
06-08 15:42:29.937 V/MediaPlayerList(  966): mPackageChangedBroadcastReceiver: action: android.intent.action.PACKAGE_CHANGED
06-08 15:42:29.937 D/MediaPlayerList(  966): Name of package changed: com.google.android.contacts
06-08 15:42:29.940 D/CompatibilityChangeReporter(  482): Compat change id reported: 218533173; UID 10144; state: ENABLED
06-08 15:42:29.940 D/CompatibilityChangeReporter( 3662): Compat change id reported: 210923482; UID 10174; state: ENABLED
06-08 15:42:29.941 D/CarrierSvcBindHelper( 1000): onPackageModified: com.google.android.gm
06-08 15:42:29.941 D/CarrierSvcBindHelper( 1000): No carrier app for: 0
06-08 15:42:29.941 D/ImsResolver( 1000): maybeAddedImsService, packageName: com.google.android.apps.messaging
06-08 15:42:29.944 I/Telecom (  482): DefaultDialerCache: Refreshing default dialer for user 0: now com.google.android.dialer: DDC.oR@AQs
06-08 15:42:29.944 I/PermissionControllerServiceImpl(  775): Updating user sensitive for uid 10120
06-08 15:42:29.944 D/CarrierSvcBindHelper( 1000): onPackageModified: com.google.android.setupwizard
06-08 15:42:29.944 D/CarrierSvcBindHelper( 1000): No carrier app for: 0
06-08 15:42:29.947 D/CarrierSvcBindHelper( 1000): onPackageModified: com.google.android.contacts
06-08 15:42:29.947 D/CarrierSvcBindHelper( 1000): No carrier app for: 0
06-08 15:42:29.947 D/ImsResolver( 1000): maybeAddedImsService, packageName: com.android.vending
06-08 15:42:29.948 D/CompatibilityChangeReporter(  482): Compat change id reported: 218533173; UID 10093; state: ENABLED
06-08 15:42:29.949 D/ImsResolver( 1000): maybeAddedImsService, packageName: com.google.android.gm
06-08 15:42:29.950 D/ImsResolver( 1000): maybeAddedImsService, packageName: com.google.android.setupwizard
06-08 15:42:29.951 I/Telecom (  482): DefaultDialerCache: Refreshing default dialer for user 0: now com.google.android.dialer: DDC.oR@AQw
06-08 15:42:29.952 I/PermissionControllerServiceImpl(  775): Updating user sensitive for uid 10093
06-08 15:42:29.954 D/CarrierSvcBindHelper( 1000): onPackageModified: com.google.android.gms
06-08 15:42:29.954 D/CarrierSvcBindHelper( 1000): No carrier app for: 0
06-08 15:42:29.954 D/ImsResolver( 1000): maybeAddedImsService, packageName: com.google.android.contacts
06-08 15:42:29.961 D/CarrierSvcBindHelper( 1000): onPackageModified: com.android.carrierdefaultapp
06-08 15:42:29.961 D/CarrierSvcBindHelper( 1000): No carrier app for: 0
06-08 15:42:29.963 D/ImsResolver( 1000): maybeAddedImsService, packageName: com.google.android.gms
06-08 15:42:29.963 I/PermissionControllerServiceImpl(  775): Updating user sensitive for uid 10137
06-08 15:42:29.966 W/View    (  774): requestLayout() improperly called by com.android.keyguard.AlphaOptimizedLinearLayout{20f91a9 V.E...... ......ID 7,0-46,58 #7f0a0826 app:id/wifi_group} during layout: running second layout pass
06-08 15:42:29.971 I/Telecom (  482): DefaultDialerCache: Refreshing default dialer for user 0: now com.google.android.dialer: DDC.oR@AQ0
06-08 15:42:29.971 I/Telecom (  482): DefaultDialerCache: Refreshing default dialer for user 0: now com.google.android.dialer: DDC.oR@AQ4
06-08 15:42:29.974 I/TextInputLayout( 3662): EditText added is not a TextInputEditText. Please switch to using that class instead.
06-08 15:42:29.974 D/ImsResolver( 1000): maybeAddedImsService, packageName: com.android.carrierdefaultapp
06-08 15:42:29.978 D/CarrierSvcBindHelper( 1000): onPackageModified: com.google.android.calendar
06-08 15:42:29.978 D/CarrierSvcBindHelper( 1000): No carrier app for: 0
06-08 15:42:29.980 I/TextInputLayout( 3662): EditText added is not a TextInputEditText. Please switch to using that class instead.
06-08 15:42:29.983 W/PermissionManagerService(  482): Datasource android.content.AttributionSource@5c9ca5f9 protecting data with platform defined runtime permission android.permission.READ_CONTACTS while not having android.permission.UPDATE_APP_OPS_STATS
06-08 15:42:29.986 I/BugleDataModel( 2973): RcsMigrationService: Returning RCS state provider.
06-08 15:42:29.991 D/CompatibilityChangeReporter( 3662): Compat change id reported: 237531167; UID 10174; state: DISABLED
06-08 15:42:29.993 I/PermissionControllerServiceImpl(  775): Updating user sensitive for uid 10169
06-08 15:42:29.994 I/RcsProvisioning( 2973): Failed to read config: no config found /data/user/0/com.google.android.apps.messaging/files/rcsconfig: open failed: ENOENT (No such file or directory)
06-08 15:42:29.997 W/Parcel  ( 3662): Expecting binder but got null!
06-08 15:42:30.000 W/Nearby  ( 1107): Bind call too late - someone already tried to get: interface dtvj [CONTEXT service_id=49 ]
06-08 15:42:30.001 D/CoreBackPreview(  482): Window{e45a16f u0 org.khandaq.messenger/com.zoffcc.applications.trifa.SetPasswordActivity}: Setting back callback OnBackInvokedCallbackInfo{mCallback=android.window.IOnBackInvokedCallback$Stub$Proxy@5784668, mPriority=0}
06-08 15:42:30.007 I/LocationHistory( 1299): [IntentOperation] Module is disabled [CONTEXT service_id=314 ]
06-08 15:42:30.011 D/CarrierSvcBindHelper( 1000): onPackageModified: com.google.android.cellbroadcastreceiver
06-08 15:42:30.021 I/Bugle   ( 2973): BroadcastReceiverAsyncWorkTracker: Acknowledging broadcast of atsi@1b328ae
06-08 15:42:30.062 I/AppsFilter(  482): Cache invalidated while building, retrying.
06-08 15:42:30.063 D/EGL_emulation(  774): app_time_stats: avg=2675.52ms min=1037.65ms max=4313.39ms count=2
06-08 15:42:30.067 I/FontLog ( 1107): Using directory in FlatBuffer format [CONTEXT service_id=132 ]
06-08 15:42:30.075 W/ServiceManager(  334): Permission failure: android.permission.ACCESS_SURFACE_FLINGER from uid=10174 pid=3662
06-08 15:42:30.075 D/PermissionCache(  334): checking android.permission.ACCESS_SURFACE_FLINGER for uid=10174 => denied (103 us)
06-08 15:42:30.075 W/ServiceManager(  334): Permission failure: android.permission.ACCESS_SURFACE_FLINGER from uid=10174 pid=0
06-08 15:42:30.075 D/PermissionCache(  334): checking android.permission.ACCESS_SURFACE_FLINGER for uid=10174 => denied (1731 us)
06-08 15:42:30.084 W/ServiceManager(  334): Permission failure: android.permission.ROTATE_SURFACE_FLINGER from uid=10174 pid=0
06-08 15:42:30.084 D/PermissionCache(  334): checking android.permission.ROTATE_SURFACE_FLINGER for uid=10174 => denied (8738 us)
06-08 15:42:30.085 W/GLSUser ( 1107): [DeviceKeyStore] Cannot load key: Device key file not found.
06-08 15:42:30.085 W/ServiceManager(  334): Permission failure: android.permission.INTERNAL_SYSTEM_WINDOW from uid=10174 pid=0
06-08 15:42:30.085 D/PermissionCache(  334): checking android.permission.INTERNAL_SYSTEM_WINDOW for uid=10174 => denied (1146 us)
06-08 15:42:30.085 W/GLSUser ( 1107): [DeviceKeyStore] Cannot load key: Device key file not found.
06-08 15:42:30.085 W/ServiceManager(  334): Permission failure: android.permission.ROTATE_SURFACE_FLINGER from uid=10174 pid=3662
06-08 15:42:30.085 D/PermissionCache(  334): checking android.permission.ROTATE_SURFACE_FLINGER for uid=10174 => denied (10670 us)
06-08 15:42:30.086 I/SemanticLocation( 1107): ULR Settings changed. Updating LH/LR state. [CONTEXT service_id=173 ]
06-08 15:42:30.096 I/OpenGLRenderer(  774): Davey! duration=1683ms; Flags=0, FrameTimelineVsyncId=8933, IntendedVsync=37582220017, Vsync=38982219961, InputEventId=0, HandleInputStart=38993642474, AnimationStart=38993643141, PerformTraversalsStart=39150457808, DrawStart=39221664850, FrameDeadline=38232219991, FrameInterval=38993613974, FrameStartTime=16666666, SyncQueued=39235567600, SyncStart=39235590975, IssueDrawCommandsStart=39244562350, SwapBuffers=39253681058, FrameCompleted=39266096058, DequeueBufferDuration=2667, QueueBufferDuration=577958, GpuCompleted=39266096058, SwapBuffersCompleted=39255662850, DisplayPresentTime=0, CommandSubmissionCompleted=39253681058, 
06-08 15:42:30.097 D/HostConnection( 3662): HostComposition ext ANDROID_EMU_CHECKSUM_HELPER_v1 ANDROID_EMU_native_sync_v2 ANDROID_EMU_dma_v1 ANDROID_EMU_direct_mem ANDROID_EMU_host_composition_v1 ANDROID_EMU_host_composition_v2 ANDROID_EMU_vulkan ANDROID_EMU_deferred_vulkan_commands ANDROID_EMU_vulkan_null_optional_strings ANDROID_EMU_vulkan_create_resources_with_requirements ANDROID_EMU_YUV_Cache ANDROID_EMU_vulkan_ignored_handles ANDROID_EMU_has_shared_slots_host_memory_allocator ANDROID_EMU_vulkan_free_memory_sync ANDROID_EMU_vulkan_shader_float16_int8 ANDROID_EMU_vulkan_async_queue_submit ANDROID_EMU_vulkan_queue_submit_with_commands ANDROID_EMU_sync_buffer_data ANDROID_EMU_vulkan_async_qsri ANDROID_EMU_read_color_buffer_dma ANDROID_EMU_hwc_color_transform GL_OES_EGL_image_external_essl3 GL_OES_vertex_array_object ANDROID_EMU_host_side_tracing ANDROID_EMU_gles_max_version_3_1 
06-08 15:42:30.100 W/OpenGLRenderer( 3662): Failed to choose config with EGL_SWAP_BEHAVIOR_PRESERVED, retrying without...
06-08 15:42:30.100 D/EGL_emulation(  774): app_time_stats: avg=1659.72ms min=1659.72ms max=1659.72ms count=1
06-08 15:42:30.101 W/OpenGLRenderer( 3662): Failed to initialize 101010-2 format, error = EGL_SUCCESS
06-08 15:42:30.101 D/EGL_emulation( 3662): eglCreateContext: 0xb40000731dcf3ad0: maj 3 min 1 rcv 4
06-08 15:42:30.102 D/EGL_emulation( 3662): eglMakeCurrent: 0xb40000731dcf3ad0: ver 3 1 (tinfo 0x753c1a6080) (first time)
06-08 15:42:30.105 V/MediaPlayerList(  966): mPackageChangedBroadcastReceiver: action: android.intent.action.PACKAGE_CHANGED
06-08 15:42:30.105 D/MediaPlayerList(  966): Name of package changed: com.google.android.gms
06-08 15:42:30.105 V/MediaPlayerList(  966): mPackageChangedBroadcastReceiver: action: android.intent.action.PACKAGE_CHANGED
06-08 15:42:30.105 D/MediaPlayerList(  966): Name of package changed: com.android.carrierdefaultapp
06-08 15:42:30.105 V/MediaPlayerList(  966): mPackageChangedBroadcastReceiver: action: android.intent.action.PACKAGE_CHANGED
06-08 15:42:30.105 D/MediaPlayerList(  966): Name of package changed: com.google.android.calendar
06-08 15:42:30.105 V/MediaPlayerList(  966): mPackageChangedBroadcastReceiver: action: android.intent.action.PACKAGE_CHANGED
06-08 15:42:30.105 D/MediaPlayerList(  966): Name of package changed: com.google.android.cellbroadcastreceiver
06-08 15:42:30.131 I/OpenGLRenderer(  774): Davey! duration=1716ms; Flags=0, FrameTimelineVsyncId=8933, IntendedVsync=37582220017, Vsync=38982219961, InputEventId=0, HandleInputStart=38993642474, AnimationStart=38993643141, PerformTraversalsStart=39150457808, DrawStart=39284501808, FrameDeadline=37648886681, FrameInterval=38993613974, FrameStartTime=16666666, SyncQueued=39284508266, SyncStart=39285680475, IssueDrawCommandsStart=39285842308, SwapBuffers=39286568141, FrameCompleted=39299418933, DequeueBufferDuration=3250, QueueBufferDuration=139458, GpuCompleted=39299418933, SwapBuffersCompleted=39292634641, DisplayPresentTime=0, CommandSubmissionCompleted=39286568141, 
06-08 15:42:30.136 D/CarrierSvcBindHelper( 1000): No carrier app for: 0
06-08 15:42:30.152 I/Auth    ( 1299): [SupervisedAccountIntentOperation] onHandleIntent(): android.intent.action.PACKAGE_ADDED
06-08 15:42:30.152 I/Auth    ( 1299): [SupervisedAccountIntentOperation] This operation is disabled
06-08 15:42:30.152 D/BoundBrokerSvc( 1299): onBind: Intent { act=com.google.android.gms.common.BIND_SHARED_PREFS pkg=com.google.android.gms }
06-08 15:42:30.152 D/BoundBrokerSvc( 1299): Loading bound service for intent: Intent { act=com.google.android.gms.common.BIND_SHARED_PREFS pkg=com.google.android.gms }
06-08 15:42:30.153 I/BlockstoreStorage( 1299): Clearing Blockstore Data for package org.khandaq.messenger [CONTEXT service_id=258 ]
06-08 15:42:30.153 D/ImsResolver( 1000): maybeAddedImsService, packageName: com.google.android.calendar
06-08 15:42:30.154 I/BlockstoreStorage( 1299): Keyless data not found or its IsLastInstallationData = false. [CONTEXT service_id=258 ]
06-08 15:42:30.155 D/BoundBrokerSvc( 1299): onUnbind: Intent { act=com.google.android.gms.common.BIND_SHARED_PREFS pkg=com.google.android.gms }
06-08 15:42:30.162 I/AutofillModuleInitInten( 1299): AutofillModuleInitIntentOperation onInitRuntimeState(12) [CONTEXT service_id=177 ]
06-08 15:42:30.177 I/PeopleGalProvider( 1299): Gal directories started.
06-08 15:42:30.177 I/PeopleGalProvider( 1299): Method 1 completed.
06-08 15:42:30.178 I/PeopleGalProvider( 1299): Method 1 finished successfully.
06-08 15:42:30.184 W/AiAiAutofill( 1659): Failed to set whitelist for augmented autofill service.
06-08 15:42:30.184 W/AiAiAutofill( 1659): java.lang.SecurityException: caller is not user's Augmented Autofill Service
06-08 15:42:30.184 W/AiAiAutofill( 1659): 	at android.view.autofill.AutofillManager.setAugmentedAutofillWhitelist(AutofillManager.java:2386)
06-08 15:42:30.184 W/AiAiAutofill( 1659): 	at bzn.b(PG:7)
06-08 15:42:30.184 W/AiAiAutofill( 1659): 	at caa.g(PG:8)
06-08 15:42:30.184 W/AiAiAutofill( 1659): 	at can.e(PG:9)
06-08 15:42:30.184 W/AiAiAutofill( 1659): 	at cat.a(PG:6)
06-08 15:42:30.184 W/AiAiAutofill( 1659): 	at hqz.r(PG:17)
06-08 15:42:30.184 W/AiAiAutofill( 1659): 	at hqz.b(PG:36)
06-08 15:42:30.184 W/AiAiAutofill( 1659): 	at bxg.run(PG:14)
06-08 15:42:30.184 W/AiAiAutofill( 1659): 	at dum.run(PG:70)
06-08 15:42:30.184 W/AiAiAutofill( 1659): 	at java.util.concurrent.Executors$RunnableAdapter.call(Executors.java:463)
06-08 15:42:30.184 W/AiAiAutofill( 1659): 	at java.util.concurrent.FutureTask.run(FutureTask.java:264)
06-08 15:42:30.184 W/AiAiAutofill( 1659): 	at java.util.concurrent.ScheduledThreadPoolExecutor$ScheduledFutureTask.run(ScheduledThreadPoolExecutor.java:307)
06-08 15:42:30.184 W/AiAiAutofill( 1659): 	at java.util.concurrent.ThreadPoolExecutor.runWorker(ThreadPoolExecutor.java:1137)
06-08 15:42:30.184 W/AiAiAutofill( 1659): 	at java.util.concurrent.ThreadPoolExecutor$Worker.run(ThreadPoolExecutor.java:637)
06-08 15:42:30.184 W/AiAiAutofill( 1659): 	at dum.run(PG:65)
06-08 15:42:30.184 W/AiAiAutofill( 1659): 	at java.lang.Thread.run(Thread.java:1012)
06-08 15:42:30.191 I/Dck     ( 1299): doesDeviceHaveSupportedWirelessCapabilities: wccSysProp:0, wccMendel:1, deviceWccOverride:false [CONTEXT service_id=289 ]
06-08 15:42:30.191 D/ImsResolver( 1000): maybeAddedImsService, packageName: com.google.android.cellbroadcastreceiver
06-08 15:42:30.192 I/Dck     ( 1299): isDckModuleEligible: isAtLeastR:true, hasWccSupport:false, downloadAllowed:false [CONTEXT service_id=289 ]
06-08 15:42:30.192 W/Dck     ( 1299): Dck module not eligible for asynchronous downloading [CONTEXT service_id=289 ]
06-08 15:42:30.196 W/ProximityAuth( 1107): [GetMyPublicKey] Failed to fetch public key.
06-08 15:42:30.197 I/AlarmManager( 1107): set [name: SystemMemoryCache type: 2 triggerAtMillis: 315360039389 windowMillis: -1 intervalMillis: 0]
06-08 15:42:30.199 E/dlpn    ( 1107): RuntimeException while executing runnable dlqc{qze@8f9d8ac} with executor MoreExecutors.directExecutor()
06-08 15:42:30.199 E/dlpn    ( 1107): java.lang.NullPointerException: Attempt to get length of null array
06-08 15:42:30.199 E/dlpn    ( 1107): 	at android.util.Base64.encode(Base64.java:496)
06-08 15:42:30.199 E/dlpn    ( 1107): 	at android.util.Base64.encodeToString(Base64.java:458)
06-08 15:42:30.199 E/dlpn    ( 1107): 	at com.google.android.gms.auth.proximity.RemoteDevice.a(:com.google.android.gms@231818044@23.18.18 (190400-535401451):0)
06-08 15:42:30.199 E/dlpn    ( 1107): 	at qze.b(:com.google.android.gms@231818044@23.18.18 (190400-535401451):2)
06-08 15:42:30.199 E/dlpn    ( 1107): 	at dlqc.run(:com.google.android.gms@231818044@23.18.18 (190400-535401451):6)
06-08 15:42:30.199 E/dlpn    ( 1107): 	at dlpk.execute(:com.google.android.gms@231818044@23.18.18 (190400-535401451):0)
06-08 15:42:30.199 E/dlpn    ( 1107): 	at dlpn.c(:com.google.android.gms@231818044@23.18.18 (190400-535401451):1)
06-08 15:42:30.199 E/dlpn    ( 1107): 	at dlpn.b(:com.google.android.gms@231818044@23.18.18 (190400-535401451):3)
06-08 15:42:30.199 E/dlpn    ( 1107): 	at acei.done(:com.google.android.gms@231818044@23.18.18 (190400-535401451):0)
06-08 15:42:30.199 E/dlpn    ( 1107): 	at java.util.concurrent.FutureTask.finishCompletion(FutureTask.java:381)
06-08 15:42:30.199 E/dlpn    ( 1107): 	at java.util.concurrent.FutureTask.set(FutureTask.java:232)
06-08 15:42:30.199 E/dlpn    ( 1107): 	at java.util.concurrent.FutureTask.run(FutureTask.java:272)
06-08 15:42:30.199 E/dlpn    ( 1107): 	at aced.c(:com.google.android.gms@231818044@23.18.18 (190400-535401451):6)
06-08 15:42:30.199 E/dlpn    ( 1107): 	at aced.run(:com.google.android.gms@231818044@23.18.18 (190400-535401451):7)
06-08 15:42:30.199 E/dlpn    ( 1107): 	at java.util.concurrent.ThreadPoolExecutor.runWorker(ThreadPoolExecutor.java:1137)
06-08 15:42:30.199 E/dlpn    ( 1107): 	at java.util.concurrent.ThreadPoolExecutor$Worker.run(ThreadPoolExecutor.java:637)
06-08 15:42:30.199 E/dlpn    ( 1107): 	at acjn.run(:com.google.android.gms@231818044@23.18.18 (190400-535401451):0)
06-08 15:42:30.199 E/dlpn    ( 1107): 	at java.lang.Thread.run(Thread.java:1012)
06-08 15:42:30.203 I/hwservicemanager(  148): getTransport: Cannot find entry android.hardware.graphics.mapper@4.0::IMapper/default in either framework or device VINTF manifest.
06-08 15:42:30.203 I/Gralloc4( 3662): mapper 4.x is not supported
06-08 15:42:30.207 W/GCM     ( 1107): Unexpected forwarded intent: Intent { act=android.intent.action.PACKAGE_ADDED dat=package: flg=0x4000010 pkg=com.google.android.gms cmp=com.google.android.gms/.chimera.PersistentIntentOperationService (has extras) }
06-08 15:42:30.208 I/hwservicemanager(  148): getTransport: Cannot find entry android.hardware.graphics.allocator@4.0::IAllocator/default in either framework or device VINTF manifest.
06-08 15:42:30.208 I/FontLog ( 1107): Package org.khandaq.messenger has no metadata [CONTEXT service_id=132 ]
06-08 15:42:30.209 I/servicemanager(  147): Could not find android.hardware.graphics.allocator.IAllocator/default in the VINTF manifest.
06-08 15:42:30.209 W/Gralloc4( 3662): allocator 4.x is not supported
06-08 15:42:30.210 W/GCM     ( 1107): Unexpected forwarded intent: Intent { act=android.intent.action.PACKAGE_ADDED dat=package: flg=0x4000010 pkg=com.google.android.gms cmp=com.google.android.gms/.chimera.PersistentIntentOperationService (has extras) }
06-08 15:42:30.213 D/HostConnection( 3662): HostComposition ext ANDROID_EMU_CHECKSUM_HELPER_v1 ANDROID_EMU_native_sync_v2 ANDROID_EMU_dma_v1 ANDROID_EMU_direct_mem ANDROID_EMU_host_composition_v1 ANDROID_EMU_host_composition_v2 ANDROID_EMU_vulkan ANDROID_EMU_deferred_vulkan_commands ANDROID_EMU_vulkan_null_optional_strings ANDROID_EMU_vulkan_create_resources_with_requirements ANDROID_EMU_YUV_Cache ANDROID_EMU_vulkan_ignored_handles ANDROID_EMU_has_shared_slots_host_memory_allocator ANDROID_EMU_vulkan_free_memory_sync ANDROID_EMU_vulkan_shader_float16_int8 ANDROID_EMU_vulkan_async_queue_submit ANDROID_EMU_vulkan_queue_submit_with_commands ANDROID_EMU_sync_buffer_data ANDROID_EMU_vulkan_async_qsri ANDROID_EMU_read_color_buffer_dma ANDROID_EMU_hwc_color_transform GL_OES_EGL_image_external_essl3 GL_OES_vertex_array_object ANDROID_EMU_host_side_tracing ANDROID_EMU_gles_max_version_3_1 
06-08 15:42:30.214 E/OpenGLRenderer( 3662): Unable to match the desired swap behavior.
06-08 15:42:30.220 I/ProximityAuth( 1107): [MessageProcessorManager] MessageProcessorManager instantiated for user UserHandle{0}
06-08 15:42:30.221 D/BoundBrokerSvc( 1299): onUnbind: Intent { act=com.google.android.gms.gservices.START pkg=com.google.android.gms }
06-08 15:42:30.226 W/bwft    ( 1107): Succeeded but not registered: com.google.android.libraries.consentverifier#com.google.android.gms [CONTEXT service_id=51 ]
06-08 15:42:30.247 W/PackageParser( 1299): Unknown element under <manifest>: queries at /data/user_de/0/com.google.android.gms/app_chimera/m/00000000/AdsDynamite.apk Binary XML file line #15
06-08 15:42:30.273 W/ChimeraUtils( 1107): Module com.google.android.gms.nearby_en missing resource null(0)
06-08 15:42:30.277 I/Fitness ( 1107): OnPackageChangedOperation got intent: Intent { act=android.intent.action.PACKAGE_CHANGED dat=package: flg=0x5000010 pkg=com.google.android.gms cmp=com.google.android.gms/.chimera.PersistentIntentOperationService (has extras) } [CONTEXT service_id=17 ]
06-08 15:42:30.277 I/Fitness ( 1107): FitCleanupIntentOperation received Intent android.intent.action.PACKAGE_CHANGED [CONTEXT service_id=17 ]
06-08 15:42:30.287 I/Fitness ( 1107): OnPackageChangedOperation got intent: Intent { act=android.intent.action.PACKAGE_CHANGED dat=package: flg=0x45000010 pkg=com.google.android.gms cmp=com.google.android.gms/.chimera.PersistentIntentOperationService (has extras) } [CONTEXT service_id=17 ]
06-08 15:42:30.289 I/Fitness ( 1107): OnPackageChangedOperation got intent: Intent { act=android.intent.action.PACKAGE_CHANGED dat=package: flg=0x45000010 pkg=com.google.android.gms cmp=com.google.android.gms/.chimera.PersistentIntentOperationService (has extras) } [CONTEXT service_id=17 ]
06-08 15:42:30.297 W/ziparchive(  482): Unable to open '/data/app/~~678iGrEC2uxSGjisG8ppyw==/org.khandaq.messenger-n8YI6yH7iaIZfYJIV2RNUw==/base.dm': No such file or directory
06-08 15:42:30.299 I/ActivityTaskManager(  482): Displayed org.khandaq.messenger/com.zoffcc.applications.trifa.SetPasswordActivity: +1s870ms
06-08 15:42:30.361 I/Fitness ( 1107): OnPackageChangedOperation got intent: Intent { act=android.intent.action.PACKAGE_CHANGED dat=package: flg=0x45000010 pkg=com.google.android.gms cmp=com.google.android.gms/.chimera.PersistentIntentOperationService (has extras) } [CONTEXT service_id=17 ]
06-08 15:42:30.364 D/OneSearchSuggestProvider( 1008): Shut down the binder channel
06-08 15:42:30.366 I/Fitness ( 1107): OnPackageChangedOperation got intent: Intent { act=android.intent.action.PACKAGE_CHANGED dat=package: flg=0x45000010 pkg=com.google.android.gms cmp=com.google.android.gms/.chimera.PersistentIntentOperationService (has extras) } [CONTEXT service_id=17 ]
06-08 15:42:30.367 I/s.nexuslauncher( 1008): oneway function results for code 2 on binder at 0xb4000072add366e0 will be dropped but finished with status UNKNOWN_TRANSACTION
06-08 15:42:30.369 I/Fitness ( 1107): OnPackageChangedOperation got intent: Intent { act=android.intent.action.PACKAGE_CHANGED dat=package: flg=0x45000010 pkg=com.google.android.gms cmp=com.google.android.gms/.chimera.PersistentIntentOperationService (has extras) } [CONTEXT service_id=17 ]
