06-08 15:42:34.378 D/HeterodyneSyncer( 2961): updateFlag: com.google.android.finsky.regular, 83042110, 0, , Family__enable_user_settings_hidden_apps_retriever
06-08 15:42:34.378 D/HeterodyneSyncer( 2961): updateFlag: com.google.android.finsky.regular, 83042110, 0, , FastAppReinstallIpd__enable_fast_app_reinstall_my_apps
06-08 15:42:34.378 D/HeterodyneSyncer( 2961): updateFlag: com.google.android.finsky.regular, 83042110, 0, , FifeImage__ttl_in_days
06-08 15:42:34.378 D/HeterodyneSyncer( 2961): updateFlag: com.google.android.finsky.regular, 83042110, 0, , FixSearchSuggestionBackButtonLogging__search_suggestions_back_button_logging
06-08 15:42:34.378 D/HeterodyneSyncer( 2961): updateFlag: com.google.android.finsky.regular, 83042110, 0, , FloatingHighlightsRow__disable_fhr_auto_scrolling
06-08 15:42:34.378 D/HeterodyneSyncer( 2961): updateFlag: com.google.android.finsky.regular, 83042110, 0, , FoundersPackPreorder__show_original_price
06-08 15:42:34.378 D/HeterodyneSyncer( 2961): updateFlag: com.google.android.finsky.regular, 83042110, 0, , FreeAcquire__enable_bottom_sheet_sweeper
06-08 15:42:34.378 D/HeterodyneSyncer( 2961): updateFlag: com.google.android.finsky.regular, 83042110, 0, , FreeAcquire__enable_dependency_install_ui_jank
06-08 15:42:34.378 D/HeterodyneSyncer( 2961): updateFlag: com.google.android.finsky.regular, 83042110, 0, , GameplayVideos__enable_hype_panel
06-08 15:42:34.378 D/HeterodyneSyncer( 2961): updateFlag: com.google.android.finsky.regular, 83042110, 0, , GetItemsInstallDetailsFix__set_patch_client_options
06-08 15:42:34.378 I/Ma-Fcf-HeadsetConnNotifier( 1680): #subscribe
06-08 15:42:34.378 D/HeterodyneSyncer( 2961): updateFlag: com.google.android.finsky.regular, 83042110, 0, , GmscoreCompliance__query_gms_on_app_start
06-08 15:42:34.378 D/HeterodyneSyncer( 2961): updateFlag: com.google.android.finsky.regular, 83042110, 0, , GooglePlayProtect__enable_blocking_executor_for_install_verification
06-08 15:42:34.378 D/HeterodyneSyncer( 2961): updateFlag: com.google.android.finsky.regular, 83042110, 0, , GooglePlayProtect__enable_client_warnings_autoscan
06-08 15:42:34.378 D/HeterodyneSyncer( 2961): updateFlag: com.google.android.finsky.regular, 83042110, 0, , GooglePlayProtect__enable_gpp_installer_warnings_o_plus
06-08 15:42:34.378 D/HeterodyneSyncer( 2961): updateFlag: com.google.android.finsky.regular, 83042110, 0, , GooglePlayProtect__enable_gpp_installer_warnings_pre_o
06-08 15:42:34.379 D/HeterodyneSyncer( 2961): updateFlag: com.google.android.finsky.regular, 83042110, 0, , GooglePlayProtect__enable_gpp_pha_slice
06-08 15:42:34.379 D/HeterodyneSyncer( 2961): updateFlag: com.google.android.finsky.regular, 83042110, 0, , GooglePlayProtect__enable_play_protect_snackbar
06-08 15:42:34.379 I/HeadsetConnListener( 1680): (REDACTED) #onAudioDevicesAdded count: %s
06-08 15:42:34.379 D/HeterodyneSyncer( 2961): updateFlag: com.google.android.finsky.regular, 83042110, 0, , GooglePlayProtect__killswitch_post_install_verification
06-08 15:42:34.379 I/Ma-Fcf-A11yChangeNotifier( 1680): #FCF: subscribe
06-08 15:42:34.379 D/HeterodyneSyncer( 2961): updateFlag: com.google.android.finsky.regular, 83042110, 0, , GoogleTvFeatures__force_dark_theme
06-08 15:42:34.379 D/HeterodyneSyncer( 2961): updateFlag: com.google.android.finsky.regular, 83042110, 0, , GppOdmlWarnings__is_enabled
06-08 15:42:34.379 D/HeterodyneSyncer( 2961): updateFlag: com.google.android.finsky.regular, 83042110, 0, , GridCluster__recycled_view_pool_size
06-08 15:42:34.379 D/HeterodyneSyncer( 2961): updateFlag: com.google.android.finsky.regular, 83042110, 0, , Hibernation__flagless_unhibernation_killswitch
06-08 15:42:34.379 D/HeterodyneSyncer( 2961): updateFlag: com.google.android.finsky.regular, 83042110, 0, , HorizontalClusterImpression__disable_extra_layout_space
06-08 15:42:34.380 D/HeterodyneSyncer( 2961): updateFlag: com.google.android.finsky.regular, 83042110, 0, , HypePanel__disable_hype_panel_auto_play
06-08 15:42:34.380 D/HeterodyneSyncer( 2961): updateFlag: com.google.android.finsky.regular, 83042110, 0, , HypePanel__live_ops_information_item_freshness_seconds
06-08 15:42:34.380 D/HeterodyneSyncer( 2961): updateFlag: com.google.android.finsky.regular, 83042110, 0, , IconUniformity__enable_legacy_scaling_treatment
06-08 15:42:34.380 D/HeterodyneSyncer( 2961): updateFlag: com.google.android.finsky.regular, 83042110, 0, , IconUniformity__enable_legacy_treatment
06-08 15:42:34.380 D/HeterodyneSyncer( 2961): updateFlag: com.google.android.finsky.regular, 83042110, 0, , IconUniformity__enable_vx_treatment
06-08 15:42:34.380 D/HeterodyneSyncer( 2961): updateFlag: com.google.android.finsky.regular, 83042110, 0, , ImmersiveAdsBanner__enable_counting_button_click_as_card_click
06-08 15:42:34.380 D/HeterodyneSyncer( 2961): updateFlag: com.google.android.finsky.regular, 83042110, 0, , ImmersiveAdsBanner__enable_hide_immersive_banner_action_button
06-08 15:42:34.380 D/HeterodyneSyncer( 2961): updateFlag: com.google.android.finsky.regular, 83042110, 0, , ImmersiveAdsBanner__enable_install_bar_on_immersive_banner
06-08 15:42:34.380 D/HeterodyneSyncer( 2961): updateFlag: com.google.android.finsky.regular, 83042110, 0, , ImmersiveAdsBanner__enable_response_size_optimization
06-08 15:42:34.380 D/HeterodyneSyncer( 2961): updateFlag: com.google.android.finsky.regular, 83042110, 0, , ImmersiveContentCluster__has_transparent_metadata_bar
06-08 15:42:34.380 D/HeterodyneSyncer( 2961): updateFlag: com.google.android.finsky.regular, 83042110, 0, , InAppBillingLogging__enable_iab_get_sku_details_logging
06-08 15:42:34.380 D/HeterodyneSyncer( 2961): updateFlag: com.google.android.finsky.regular, 83042110, 0, , InAppBillingLogging__enable_iab_is_billing_supported_additional_logging
06-08 15:42:34.380 D/HeterodyneSyncer( 2961): updateFlag: com.google.android.finsky.regular, 83042110, 0, , InAppBillingLogging__enable_iab_is_billing_supported_logging
06-08 15:42:34.380 D/HeterodyneSyncer( 2961): updateFlag: com.google.android.finsky.regular, 83042110, 0, , InAppBilling__add_library_version_to_extra_param
06-08 15:42:34.380 D/HeterodyneSyncer( 2961): updateFlag: com.google.android.finsky.regular, 83042110, 0, , InAppBilling__add_library_version_to_get_sku_details
06-08 15:42:34.381 D/HeterodyneSyncer( 2961): updateFlag: com.google.android.finsky.regular, 83042110, 0, , InAppBilling__enable_ack_purchase
06-08 15:42:34.381 D/HeterodyneSyncer( 2961): updateFlag: com.google.android.finsky.regular, 83042110, 0, , InAppBilling__enable_ack_purchase_logging
06-08 15:42:34.381 D/HeterodyneSyncer( 2961): updateFlag: com.google.android.finsky.regular, 83042110, 0, , InAppBilling__enable_debug_messages
06-08 15:42:34.381 D/HeterodyneSyncer( 2961): updateFlag: com.google.android.finsky.regular, 83042110, 0, , InAppBilling__enable_offer_type_lookup_for_consume_purchase
06-08 15:42:34.381 D/HeterodyneSyncer( 2961): updateFlag: com.google.android.finsky.regular, 83042110, 0, , InAppBilling__enable_pending_purchases
06-08 15:42:34.381 D/HeterodyneSyncer( 2961): updateFlag: com.google.android.finsky.regular, 83042110, 0, , InAppBilling__enable_redeem_code_aidl_service
06-08 15:42:34.381 D/HeterodyneSyncer( 2961): updateFlag: com.google.android.finsky.regular, 83042110, 0, , InAppBilling__read_response_code_from_iab_error
06-08 15:42:34.381 D/HeterodyneSyncer( 2961): updateFlag: com.google.android.finsky.regular, 83042110, 0, , InAppBilling__read_response_code_from_iab_error_in_app_purchase_history
06-08 15:42:34.381 D/HeterodyneSyncer( 2961): updateFlag: com.google.android.finsky.regular, 83042110, 0, , InAppBilling__read_response_code_from_iab_error_sku_details
06-08 15:42:34.381 D/HeterodyneSyncer( 2961): updateFlag: com.google.android.finsky.regular, 83042110, 0, , InAppMessaging__add_billing_library_version_to_request
06-08 15:42:34.381 D/HeterodyneSyncer( 2961): updateFlag: com.google.android.finsky.regular, 83042110, 0, , InAppMessaging__disable_collapse_popstick_to_fab
06-08 15:42:34.381 D/HeterodyneSyncer( 2961): updateFlag: com.google.android.finsky.regular, 83042110, 0, , InAppMessaging__enable_always_trigger_callback
06-08 15:42:34.381 D/HeterodyneSyncer( 2961): updateFlag: com.google.android.finsky.regular, 83042110, 0, , InAppMessaging__enable_iab_show_in_app_messages
06-08 15:42:34.381 D/HeterodyneSyncer( 2961): updateFlag: com.google.android.finsky.regular, 83042110, 0, , InAppMessaging__enable_iab_show_in_app_messages_logging
06-08 15:42:34.381 D/HeterodyneSyncer( 2961): updateFlag: com.google.android.finsky.regular, 83042110, 0, , InAppMessaging__kill_switch_disable_code_refactor
06-08 15:42:34.381 I/A11yListener( 1680): #register: Start listening
06-08 15:42:34.381 D/HeterodyneSyncer( 2961): updateFlag: com.google.android.finsky.regular, 83042110, 0, , InAppPurchaseReporting__log_in_app_item_purchase_to_gmp
06-08 15:42:34.381 D/HeterodyneSyncer( 2961): updateFlag: com.google.android.finsky.regular, 83042110, 0, , InAppPurchaseReporting__report_in_app_item_purchase_to_gmp
06-08 15:42:34.381 D/HeterodyneSyncer( 2961): updateFlag: com.google.android.finsky.regular, 83042110, 0, , InAppPurchaseReporting__report_in_app_item_purchase_to_gmp_via_rads
06-08 15:42:34.381 D/HeterodyneSyncer( 2961): updateFlag: com.google.android.finsky.regular, 83042110, 0, , InAppReview__disable_frosting_check
06-08 15:42:34.381 D/HeterodyneSyncer( 2961): updateFlag: com.google.android.finsky.regular, 83042110, 0, , InAppReview__in_app_review_package_controller
06-08 15:42:34.381 D/HeterodyneSyncer( 2961): updateFlag: com.google.android.finsky.regular, 83042110, 0, , InAppReview__pending_intent_expire_threshold_sec
06-08 15:42:34.381 D/HeterodyneSyncer( 2961): updateFlag: com.google.android.finsky.regular, 83042110, 0, , InAppReview__playstamp_check_enabled
06-08 15:42:34.381 D/HeterodyneSyncer( 2961): updateFlag: com.google.android.finsky.regular, 83042110, 0, , InlineVideo__delay_before_logging_video_player_broken
06-08 15:42:34.381 D/HeterodyneSyncer( 2961): updateFlag: com.google.android.finsky.regular, 83042110, 0, , InlineVideo__enable_video_landing_page_logging_fix
06-08 15:42:34.381 D/HeterodyneSyncer( 2961): updateFlag: com.google.android.finsky.regular, 83042110, 0, , InlineVideo__enable_video_play_icon_click_full_screen_activity
06-08 15:42:34.381 D/HeterodyneSyncer( 2961): updateFlag: com.google.android.finsky.regular, 83042110, 0, , InstallAttribution__enable_dse_inform_install_attribution
06-08 15:42:34.381 D/HeterodyneSyncer( 2961): updateFlag: com.google.android.finsky.regular, 83042110, 0, , InstallQueue__run_installs_on_readiness_listener
06-08 15:42:34.381 I/A       ( 1680): FCF A11y Checker - readyForTngMa
06-08 15:42:34.381 D/HeterodyneSyncer( 2961): updateFlag: com.google.android.finsky.regular, 83042110, 0, , InstallReferrer__disable_external_referrer_from_installer_data_store
06-08 15:42:34.381 D/HeterodyneSyncer( 2961): updateFlag: com.google.android.finsky.regular, 83042110, 0, , InstallReferrer__enable_install_referrer_attestation
06-08 15:42:34.381 D/HeterodyneSyncer( 2961): updateFlag: com.google.android.finsky.regular, 83042110, 0, , InstallReferrer__enable_ping_referrer_on_remote_install
06-08 15:42:34.381 D/HeterodyneSyncer( 2961): updateFlag: com.google.android.finsky.regular, 83042110, 0, , InstallReferrer__enable_preregistration_timestamp_in_install_referrer
06-08 15:42:34.381 I/A       ( 1680): (REDACTED) #FCF: Continued Conversation Mode Enabled: %s
06-08 15:42:34.381 D/HeterodyneSyncer( 2961): updateFlag: com.google.android.finsky.regular, 83042110, 0, , InstallReferrer__server_timestamp_sync_interval_in_minutes
06-08 15:42:34.381 D/HeterodyneSyncer( 2961): updateFlag: com.google.android.finsky.regular, 83042110, 0, , InstallerCodegen__allow_oncomplete_in_start_apk_state
06-08 15:42:34.381 D/HeterodyneSyncer( 2961): updateFlag: com.google.android.finsky.regular, 83042110, 0, , InstallerCodegen__cancel_blocking_dormant_download
06-08 15:42:34.382 D/HeterodyneSyncer( 2961): updateFlag: com.google.android.finsky.regular, 83042110, 0, , InstallerCodegen__check_for_inconsistent_group_values
06-08 15:42:34.382 D/HeterodyneSyncer( 2961): updateFlag: com.google.android.finsky.regular, 83042110, 0, , InstallerCodegen__disable_update_preview_app
06-08 15:42:34.382 D/HeterodyneSyncer( 2961): updateFlag: com.google.android.finsky.regular, 83042110, 0, , InstallerCodegen__enable_battlestar_auto_update_policy
06-08 15:42:34.382 D/HeterodyneSyncer( 2961): updateFlag: com.google.android.finsky.regular, 83042110, 0, , InstallerCodegen__enable_checksum_logging
06-08 15:42:34.382 D/HeterodyneSyncer( 2961): updateFlag: com.google.android.finsky.regular, 83042110, 0, , InstallerCodegen__enable_default_uninstall_observer
06-08 15:42:34.382 D/HeterodyneSyncer( 2961): updateFlag: com.google.android.finsky.regular, 83042110, 0, , InstallerCodegen__enable_file_by_file_recursive
06-08 15:42:34.382 D/HeterodyneSyncer( 2961): updateFlag: com.google.android.finsky.regular, 83042110, 0, , InstallerCodegen__enable_install_time_split_check
06-08 15:42:34.382 I/A       ( 1680): (REDACTED) #FCF: Headset Connected Status: %s
06-08 15:42:34.382 D/HeterodyneSyncer( 2961): updateFlag: com.google.android.finsky.regular, 83042110, 0, , InstallerCodegen__enable_multi_version_apk_cache
06-08 15:42:34.382 D/HeterodyneSyncer( 2961): updateFlag: com.google.android.finsky.regular, 83042110, 0, , InstallerCodegen__enable_restore_from_cache
06-08 15:42:34.382 D/HeterodyneSyncer( 2961): updateFlag: com.google.android.finsky.regular, 83042110, 0, , InstallerCodegen__enable_update_missing_splits
06-08 15:42:34.382 D/HeterodyneSyncer( 2961): updateFlag: com.google.android.finsky.regular, 83042110, 0, , InstallerCodegen__enable_version_update_checker_refactor
06-08 15:42:34.382 D/HeterodyneSyncer( 2961): updateFlag: com.google.android.finsky.regular, 83042110, 0, , InstallerCodegen__enable_version_update_checker_v2
06-08 15:42:34.382 D/HeterodyneSyncer( 2961): updateFlag: com.google.android.finsky.regular, 83042110, 0, , InstallerCodegen__enable_wtf_on_untracked_session_in_copy
06-08 15:42:34.382 I/A       ( 1680): (REDACTED) #FCF: Assistant primary locale : %s
06-08 15:42:34.382 D/HeterodyneSyncer( 2961): updateFlag: com.google.android.finsky.regular, 83042110, 0, , InstallerCodegen__fix_hash_verification_error_logging
06-08 15:42:34.382 I/A       ( 1680): (REDACTED) #FCF: Assistant Primary locale check status : %s
06-08 15:42:34.382 D/HeterodyneSyncer( 2961): updateFlag: com.google.android.finsky.regular, 83042110, 0, , InstallerCodegen__max_stacktrace_length_on_copy_ioexception
06-08 15:42:34.382 D/HeterodyneSyncer( 2961): updateFlag: com.google.android.finsky.regular, 83042110, 0, , InstallerCodegen__notify_install_error_for_invalid_cases
06-08 15:42:34.382 D/HeterodyneSyncer( 2961): updateFlag: com.google.android.finsky.regular, 83042110, 0, , InstallerCodegen__preserve_full_constraints_in_install_request
06-08 15:42:34.382 D/HeterodyneSyncer( 2961): updateFlag: com.google.android.finsky.regular, 83042110, 0, , InstallerCodegen__recover_in_start_apk_state
06-08 15:42:34.382 D/HeterodyneSyncer( 2961): updateFlag: com.google.android.finsky.regular, 83042110, 0, , InstallerCodegen__reject_install_if_the_task_is_idle
06-08 15:42:34.382 D/HeterodyneSyncer( 2961): updateFlag: com.google.android.finsky.regular, 83042110, 0, , InstallerCodegen__skip_resource_logging_when_no_task
06-08 15:42:34.382 D/HeterodyneSyncer( 2961): updateFlag: com.google.android.finsky.regular, 83042110, 0, , InstallerCodegen__update_installreason_for_install_scheduled
06-08 15:42:34.382 D/HeterodyneSyncer( 2961): updateFlag: com.google.android.finsky.regular, 83042110, 0, , Installer__enable_install_request_log_parenting_fix
06-08 15:42:34.382 D/HeterodyneSyncer( 2961): updateFlag: com.google.android.finsky.regular, 83042110, 0, , Installer__enable_shared_library_support
06-08 15:42:34.382 D/HeterodyneSyncer( 2961): updateFlag: com.google.android.finsky.regular, 83042110, 0, , Installer__install_error_double_logging_fix
06-08 15:42:34.382 D/HeterodyneSyncer( 2961): updateFlag: com.google.android.finsky.regular, 83042110, 0, , Installer__install_queue_cancel_inactive
06-08 15:42:34.382 D/HeterodyneSyncer( 2961): updateFlag: com.google.android.finsky.regular, 83042110, 0, , Installer__system_app_check_on_package_removed
06-08 15:42:34.382 D/HeterodyneSyncer( 2961): updateFlag: com.google.android.finsky.regular, 83042110, 0, , InstantAppsFlavors__read_flavor_id_from_launch_api_request
06-08 15:42:34.382 D/HeterodyneSyncer( 2961): updateFlag: com.google.android.finsky.regular, 83042110, 0, , InstantAppsOneClickInstall__always_use_quick_install_experience
06-08 15:42:34.382 D/HeterodyneSyncer( 2961): updateFlag: com.google.android.finsky.regular, 83042110, 0, , InstantAppsOneClickInstall__enable_instant_apps_one_click_install
06-08 15:42:34.382 D/HeterodyneSyncer( 2961): updateFlag: com.google.android.finsky.regular, 83042110, 0, , InstantAppsSupervisor__killswitch_remove_supervisor_on_o
06-08 15:42:34.382 D/HeterodyneSyncer( 2961): updateFlag: com.google.android.finsky.regular, 83042110, 0, , InstantAppsSupervisor__remove_supervisor
06-08 15:42:34.382 D/HeterodyneSyncer( 2961): updateFlag: com.google.android.finsky.regular, 83042110, 0, , InstantAppsTryNowVisibility__disable_instant_apps_launch_intents
06-08 15:42:34.382 W/A       ( 1680): Unable to check for productivity accounts. Assuming there are none.
06-08 15:42:34.382 W/A       ( 1680): com.google.android.libraries.geller.portable.GellerException: Code: INVALID_ARGUMENT, Message: Account name is null.
06-08 15:42:34.382 W/A       ( 1680): 	at com.google.android.libraries.search.h.k.a(PG:6)
06-08 15:42:34.382 W/A       ( 1680): 	at com.google.apps.tiktok.tracing.es.a(PG:3)
06-08 15:42:34.382 W/A       ( 1680): 	at com.google.common.w.a.bc.a(PG:1)
06-08 15:42:34.382 W/A       ( 1680): 	at com.google.common.w.a.cw.run(PG:4)
06-08 15:42:34.382 W/A       ( 1680): 	at com.google.android.libraries.i.z.run(PG:1)
06-08 15:42:34.382 W/A       ( 1680): 	at java.util.concurrent.ThreadPoolExecutor.runWorker(ThreadPoolExecutor.java:1137)
06-08 15:42:34.382 W/A       ( 1680): 	at java.util.concurrent.ThreadPoolExecutor$Worker.run(ThreadPoolExecutor.java:637)
06-08 15:42:34.382 W/A       ( 1680): 	at com.google.android.libraries.i.h.run(PG:2)
06-08 15:42:34.382 W/A       ( 1680): 	at java.lang.Thread.run(Thread.java:1012)
06-08 15:42:34.382 W/A       ( 1680): 	at com.google.android.libraries.i.ai.run(PG:5)
06-08 15:42:34.382 D/HeterodyneSyncer( 2961): updateFlag: com.google.android.finsky.regular, 83042110, 0, , InstantAppsTryNowVisibility__enable_instant_apps_launch_button_for_users_on_holdback
06-08 15:42:34.382 D/HeterodyneSyncer( 2961): updateFlag: com.google.android.finsky.regular, 83042110, 0, , InstantAppsTryNowVisibility__enable_instant_apps_launch_button_for_users_who_prefer_web
06-08 15:42:34.382 D/HeterodyneSyncer( 2961): updateFlag: com.google.android.finsky.regular, 83042110, 0, , InstantAppsUpgrades__killswitch_instant_app_upgrade_reporting
06-08 15:42:34.382 D/HeterodyneSyncer( 2961): updateFlag: com.google.android.finsky.regular, 83042110, 0, , InstantCartClientCacheBoost__ignore_developer_id
06-08 15:42:34.382 D/HeterodyneSyncer( 2961): updateFlag: com.google.android.finsky.regular, 83042110, 0, , InstantCart__enable_books_in_store_bundle_prefetch
06-08 15:42:34.382 D/HeterodyneSyncer( 2961): updateFlag: com.google.android.finsky.regular, 83042110, 0, , InstantCart__enable_books_in_store_item_prefetch
06-08 15:42:34.382 D/HeterodyneSyncer( 2961): updateFlag: com.google.android.finsky.regular, 83042110, 0, , InstantCart__enable_cached_response_for_offer_disambiguation_acquire
06-08 15:42:34.382 D/HeterodyneSyncer( 2961): updateFlag: com.google.android.finsky.regular, 83042110, 0, , InstantCart__enable_new_cache_key_in_acquire_cache
06-08 15:42:34.382 D/HeterodyneSyncer( 2961): updateFlag: com.google.android.finsky.regular, 83042110, 0, , IntegrityService__add_caller_package_name_to_dg_extras
06-08 15:42:34.382 D/HeterodyneSyncer( 2961): updateFlag: com.google.android.finsky.regular, 83042110, 0, , IntegrityService__allow_passing_gcp_number
06-08 15:42:34.382 D/HeterodyneSyncer( 2961): updateFlag: com.google.android.finsky.regular, 83042110, 0, , IntegrityService__disable_package_controller
06-08 15:42:34.382 D/HeterodyneSyncer( 2961): updateFlag: com.google.android.finsky.regular, 83042110, 0, , IntegrityService__enable_auth_volley_error_handling
06-08 15:42:34.382 D/HeterodyneSyncer( 2961): updateFlag: com.google.android.finsky.regular, 83042110, 0, , IntegrityService__enable_dedicated_rate_limiter
06-08 15:42:34.382 D/HeterodyneSyncer( 2961): updateFlag: com.google.android.finsky.regular, 83042110, 0, , IntegrityService__enable_unauth
06-08 15:42:34.382 D/HeterodyneSyncer( 2961): updateFlag: com.google.android.finsky.regular, 83042110, 0, , IntegrityService__integrity_pgs_call_timeout_seconds
06-08 15:42:34.383 D/HeterodyneSyncer( 2961): updateFlag: com.google.android.finsky.regular, 83042110, 0, , IntegrityService__is_enabled
06-08 15:42:34.383 D/HeterodyneSyncer( 2961): updateFlag: com.google.android.finsky.regular, 83042110, 0, , IntegrityService__other_apps_overlay_signals
06-08 15:42:34.383 D/HeterodyneSyncer( 2961): updateFlag: com.google.android.finsky.regular, 83042110, 0, , IntegrityService__pass_droidguard_flow_name_to_pgs
06-08 15:42:34.383 D/HeterodyneSyncer( 2961): updateFlag: com.google.android.finsky.regular, 83042110, 0, , IntegrityService__play_or_system_apps_overlay_signals
06-08 15:42:34.383 D/HeterodyneSyncer( 2961): updateFlag: com.google.android.finsky.regular, 83042110, 0, , InternalSharing__enable_fix_account_selection_for_installed_internally_shared_apps
06-08 15:42:34.383 D/HeterodyneSyncer( 2961): updateFlag: com.google.android.finsky.regular, 83042110, 0, , InternalSharing__enable_internal_sharing_link_in_resolved_link
06-08 15:42:34.383 D/HeterodyneSyncer( 2961): updateFlag: com.google.android.finsky.regular, 83042110, 0, , InternalSharing__lowest_supported_sdk_version
06-08 15:42:34.383 D/HeterodyneSyncer( 2961): updateFlag: com.google.android.finsky.regular, 83042110, 0, , Ipc__enable_grpc_instant_app_upgrade_to_install
06-08 15:42:34.383 D/HeterodyneSyncer( 2961): updateFlag: com.google.android.finsky.regular, 83042110, 0, , KeyAttestation__enable_ka_check
06-08 15:42:34.384 D/HeterodyneSyncer( 2961): updateFlag: com.google.android.finsky.regular, 83042110, 0, , KidsAlleyOop__enable_description_module_details
06-08 15:42:34.384 D/HeterodyneSyncer( 2961): updateFlag: com.google.android.finsky.regular, 83042110, 0, , KidsAlleyOop__enable_expanded_secondary_details
06-08 15:42:34.384 D/HeterodyneSyncer( 2961): updateFlag: com.google.android.finsky.regular, 83042110, 0, , KidsAlleyOop__enable_policy_footer
06-08 15:42:34.384 D/HeterodyneSyncer( 2961): updateFlag: com.google.android.finsky.regular, 83042110, 0, , KidsAlleyOop__enable_secondary_action_menu
06-08 15:42:34.384 D/HeterodyneSyncer( 2961): updateFlag: com.google.android.finsky.regular, 83042110, 0, , KidsInfoPage__enable_header_extra_wide_image
06-08 15:42:34.384 D/HeterodyneSyncer( 2961): updateFlag: com.google.android.finsky.regular, 83042110, 0, , KillSwitches__killswitch_clear_fragment_transaction_fade
06-08 15:42:34.385 D/HeterodyneSyncer( 2961): updateFlag: com.google.android.finsky.regular, 83042110, 0, , KillSwitches__killswitch_device_settings
06-08 15:42:34.385 D/HeterodyneSyncer( 2961): updateFlag: com.google.android.finsky.regular, 83042110, 0, , KoreanAgeVerification__enable_skip_client_document_maturity_check_for_bottom_sheet
06-08 15:42:34.385 D/HeterodyneSyncer( 2961): updateFlag: com.google.android.finsky.regular, 83042110, 0, , LanguageSwitcher__enable_ulp_data_fetch
06-08 15:42:34.386 D/HeterodyneSyncer( 2961): updateFlag: com.google.android.finsky.regular, 83042110, 0, , LatencySequencerRedesign__custom_dimens_enabled_features
06-08 15:42:34.386 D/HeterodyneSyncer( 2961): updateFlag: com.google.android.finsky.regular, 83042110, 0, , LatencySequencerRedesign__disable_use_first_event_page_sub_type_killswitch
06-08 15:42:34.386 D/HeterodyneSyncer( 2961): updateFlag: com.google.android.finsky.regular, 83042110, 0, , LeftNavBottomSheetAddFop__enable_left_nav_bottom_sheet_add_fop
06-08 15:42:34.386 D/HeterodyneSyncer( 2961): updateFlag: com.google.android.finsky.regular, 83042110, 0, , LibraryModule__db_disk_image_malformed_treatment
06-08 15:42:34.386 D/HeterodyneSyncer( 2961): updateFlag: com.google.android.finsky.regular, 83042110, 0, , LibraryModule__populate_empty_purchase_data
06-08 15:42:34.386 D/HeterodyneSyncer( 2961): updateFlag: com.google.android.finsky.regular, 83042110, 0, , LibraryModule__set_read_consistency_in_phonesky
06-08 15:42:34.386 D/HeterodyneSyncer( 2961): updateFlag: com.google.android.finsky.regular, 83042110, 0, , Libraryentryignoredoctype__is_enabled
06-08 15:42:34.386 D/OomAdjuster(  482): Not killing cached processes
06-08 15:42:34.386 D/HeterodyneSyncer( 2961): updateFlag: com.google.android.finsky.regular, 83042110, 0, , Licensing__enable_install_source_enforcement_in_phonesky
06-08 15:42:34.386 D/HeterodyneSyncer( 2961): updateFlag: com.google.android.finsky.regular, 83042110, 0, , LinkFingerprint__snooze_period_minute
06-08 15:42:34.386 D/HeterodyneSyncer( 2961): updateFlag: com.google.android.finsky.regular, 83042110, 0, , LogOptimization__killswitch_deprecate_latency_events
06-08 15:42:34.386 D/HeterodyneSyncer( 2961): updateFlag: com.google.android.finsky.regular, 83042110, 0, , LogPageTypeInMainActivity__log_page_type_in_main_activity
06-08 15:42:34.386 D/HeterodyneSyncer( 2961): updateFlag: com.google.android.finsky.regular, 83042110, 0, , LootDrop__enable_account_api_package_allowlist
06-08 15:42:34.387 D/HeterodyneSyncer( 2961): updateFlag: com.google.android.finsky.regular, 83042110, 0, , LootDrop__enable_account_api_return_value
06-08 15:42:34.387 D/HeterodyneSyncer( 2961): updateFlag: com.google.android.finsky.regular, 83042110, 0, , LootDrop__enable_loot_drop_delivery
06-08 15:42:34.387 D/HeterodyneSyncer( 2961): updateFlag: com.google.android.finsky.regular, 83042110, 0, , LootDrop__filter_broadcast_account
06-08 15:42:34.387 D/HeterodyneSyncer( 2961): updateFlag: com.google.android.finsky.regular, 83042110, 0, , LootDrop__loot_drop_delivery_timeout_ms
06-08 15:42:34.387 D/HeterodyneSyncer( 2961): updateFlag: com.google.android.finsky.regular, 83042110, 0, , LootDrop__loot_drop_min_gamesapp_version
06-08 15:42:34.387 D/HeterodyneSyncer( 2961): updateFlag: com.google.android.finsky.regular, 83042110, 0, , LootDrop__loot_drop_min_gmscore_version
06-08 15:42:34.387 D/HeterodyneSyncer( 2961): updateFlag: com.google.android.finsky.regular, 83042110, 0, , LoyaltyInToolbar__add_loyalty_progress_card_to_account_menu
06-08 15:42:34.387 D/HeterodyneSyncer( 2961): updateFlag: com.google.android.finsky.regular, 83042110, 0, , LoyaltyInToolbar__add_loyalty_to_expandable_account_menu
06-08 15:42:34.387 D/HeterodyneSyncer( 2961): updateFlag: com.google.android.finsky.regular, 83042110, 0, , LoyaltyInToolbar__add_tier_icon_to_account_disc
06-08 15:42:34.387 D/HeterodyneSyncer( 2961): updateFlag: com.google.android.finsky.regular, 83042110, 0, , Loyalty__enable_animated_refresh_on_points_promotion_content_page
06-08 15:42:34.387 D/HeterodyneSyncer( 2961): updateFlag: com.google.android.finsky.regular, 83042110, 0, , Loyalty__enable_lottie_on_loyalty_home
06-08 15:42:34.387 D/HeterodyneSyncer( 2961): updateFlag: com.google.android.finsky.regular, 83042110, 0, , Loyalty__enable_lottie_on_purchase_dialog
06-08 15:42:34.387 D/HeterodyneSyncer( 2961): updateFlag: com.google.android.finsky.regular, 83042110, 0, , Loyalty__kill_switch_earn_tab_refresh_on_quest_status_updates
06-08 15:42:34.387 D/HeterodyneSyncer( 2961): updateFlag: com.google.android.finsky.regular, 83042110, 0, , Loyalty__load_details_page_ribbon_icon_from_server
06-08 15:42:34.387 D/HeterodyneSyncer( 2961): updateFlag: com.google.android.finsky.regular, 83042110, 0, , Lvlv2FallbackUpdate__enable_library_update_on_fallback
06-08 15:42:34.387 D/HeterodyneSyncer( 2961): updateFlag: com.google.android.finsky.regular, 83042110, 0, , Lvlv2FallbackUpdate__is_enabled
06-08 15:42:34.387 D/HeterodyneSyncer( 2961): updateFlag: com.google.android.finsky.regular, 83042110, 0, , Lvlv2FallbackUpdate__is_enabled_in_hygiene_job
06-08 15:42:34.387 D/HeterodyneSyncer( 2961): updateFlag: com.google.android.finsky.regular, 83042110, 0, , Mainline__enable_autoupdate_manual_check
06-08 15:42:34.387 D/HeterodyneSyncer( 2961): updateFlag: com.google.android.finsky.regular, 83042110, 0, , Mainline__enable_reboot_notification
06-08 15:42:34.387 D/HeterodyneSyncer( 2961): updateFlag: com.google.android.finsky.regular, 83042110, 0, , Mainline__install_only_first_train_when_no_filesystem_checkpoint
06-08 15:42:34.387 D/HeterodyneSyncer( 2961): updateFlag: com.google.android.finsky.regular, 83042110, 0, , Mainline__reboot_interval_end_hour
06-08 15:42:34.387 D/HeterodyneSyncer( 2961): updateFlag: com.google.android.finsky.regular, 83042110, 0, , Mainline__reboot_interval_start_hour
06-08 15:42:34.387 D/HeterodyneSyncer( 2961): updateFlag: com.google.android.finsky.regular, 83042110, 0, , Mainline__skip_untracked_or_to_cancel_trains
06-08 15:42:34.387 D/HeterodyneSyncer( 2961): updateFlag: com.google.android.finsky.regular, 83042110, 0, , MaterialNextOverscroll__disable_overscroll_stretch_on_s_plus
06-08 15:42:34.387 D/HeterodyneSyncer( 2961): updateFlag: com.google.android.finsky.regular, 83042110, 0, , MaterialNextOverscroll__enable_vertical_overlap_offset_for_edge_effect
06-08 15:42:34.387 D/HeterodyneSyncer( 2961): updateFlag: com.google.android.finsky.regular, 83042110, 0, , MetadataView__enable_creator_special_color
06-08 15:42:34.387 D/HeterodyneSyncer( 2961): updateFlag: com.google.android.finsky.regular, 83042110, 0, , MetadataView__enable_search_result_page_migration
06-08 15:42:34.387 D/HeterodyneSyncer( 2961): updateFlag: com.google.android.finsky.regular, 83042110, 0, , MetadataView__enable_show_vx_price_on_shared_line
06-08 15:42:34.387 D/HeterodyneSyncer( 2961): updateFlag: com.google.android.finsky.regular, 83042110, 0, , MetadataView__use_migrated_vertically_stacked_cluster
06-08 15:42:34.387 D/HeterodyneSyncer( 2961): updateFlag: com.google.android.finsky.regular, 83042110, 0, , MetadataView__use_migrated_view
06-08 15:42:34.387 D/HeterodyneSyncer( 2961): updateFlag: com.google.android.finsky.regular, 83042110, 0, , MetadataView__vertically_stacked_max_rows
06-08 15:42:34.387 D/HeterodyneSyncer( 2961): updateFlag: com.google.android.finsky.regular, 83042110, 0, , ModuloHeterogeneousCardRecycling__enable_heterogeneous_card_recycling
06-08 15:42:34.387 D/HeterodyneSyncer( 2961): updateFlag: com.google.android.finsky.regular, 83042110, 0, , ModuloIntegration__enable_use_icon_text_combination_view
06-08 15:42:34.387 D/HeterodyneSyncer( 2961): updateFlag: com.google.android.finsky.regular, 83042110, 0, , MultiAccountIab__enable_multi_account_iab_switch_account
06-08 15:42:34.388 D/HeterodyneSyncer( 2961): updateFlag: com.google.android.finsky.regular, 83042110, 0, , MultiOfferSkuDetails__kill_switch_sku_details_extra_params
06-08 15:42:34.389 D/HeterodyneSyncer( 2961): updateFlag: com.google.android.finsky.regular, 83042110, 0, , MultiProcess__process_metrics_detailed
06-08 15:42:34.389 D/HeterodyneSyncer( 2961): updateFlag: com.google.android.finsky.regular, 83042110, 0, , MultiProcess__process_metrics_initialization
06-08 15:42:34.389 D/HeterodyneSyncer( 2961): updateFlag: com.google.android.finsky.regular, 83042110, 0, , MultiProcess__process_metrics_memory
06-08 15:42:34.389 D/HeterodyneSyncer( 2961): updateFlag: com.google.android.finsky.regular, 83042110, 0, , MultiProcess__process_metrics_successful_start
06-08 15:42:34.389 D/HeterodyneSyncer( 2961): updateFlag: com.google.android.finsky.regular, 83042110, 0, , MultilineSubscriptions__exit_affordance_threshold
06-08 15:42:34.389 D/HeterodyneSyncer( 2961): updateFlag: com.google.android.finsky.regular, 83042110, 0, , MvcActionButtonsReplaceOpenWithPlay__is_enabled
06-08 15:42:34.389 D/HeterodyneSyncer( 2961): updateFlag: com.google.android.finsky.regular, 83042110, 0, , MyAppsAssistCard__ENABLE_MY_APPS_ASSIST_CARD_REQUEST_LOGGING
06-08 15:42:34.389 D/HeterodyneSyncer( 2961): updateFlag: com.google.android.finsky.regular, 83042110, 0, , MyAppsAssistCard__SHOW_ASSIST_CARD_DISMISSAL_UNDO_SNACKBAR
06-08 15:42:34.389 D/HeterodyneSyncer( 2961): updateFlag: com.google.android.finsky.regular, 83042110, 0, , MyAppsImpressionFix__enable_my_apps_impression_fix
06-08 15:42:34.389 D/HeterodyneSyncer( 2961): updateFlag: com.google.android.finsky.regular, 83042110, 0, , NativeBrotliCompression__native_brotli_compressed_fbf_patches_targeting_conroller
06-08 15:42:34.389 D/HeterodyneSyncer( 2961): updateFlag: com.google.android.finsky.regular, 83042110, 0, , NetworkRequestConfig__cronet_executor_core_pool_size
06-08 15:42:34.389 D/HeterodyneSyncer( 2961): updateFlag: com.google.android.finsky.regular, 83042110, 0, , NetworkRequestConfig__cronet_executor_max_pool_size
06-08 15:42:34.389 D/HeterodyneSyncer( 2961): updateFlag: com.google.android.finsky.regular, 83042110, 0, , NetworkRequestMigration__migrate_add_delete_review_to_cronet
06-08 15:42:34.389 D/HeterodyneSyncer( 2961): updateFlag: com.google.android.finsky.regular, 83042110, 0, , NetworkRequestMigration__migrate_getbrowselayout_to_cronet
06-08 15:42:34.389 D/HeterodyneSyncer( 2961): updateFlag: com.google.android.finsky.regular, 83042110, 0, , NetworkRequestMigration__migrate_getdetails_resolvelink_to_cronet
06-08 15:42:34.389 D/HeterodyneSyncer( 2961): updateFlag: com.google.android.finsky.regular, 83042110, 0, , NetworkRequestMigration__migrate_getlist_to_cronet
06-08 15:42:34.389 D/HeterodyneSyncer( 2961): updateFlag: com.google.android.finsky.regular, 83042110, 0, , NetworkRequestMigration__migrate_getreviews_to_cronet
06-08 15:42:34.389 D/HeterodyneSyncer( 2961): updateFlag: com.google.android.finsky.regular, 83042110, 0, , NetworkRequestMigration__migrate_gettoc_inuserflow_to_cronet
06-08 15:42:34.389 D/HeterodyneSyncer( 2961): updateFlag: com.google.android.finsky.regular, 83042110, 0, , NetworkRequestMigration__migrate_search_to_cronet
06-08 15:42:34.389 D/HeterodyneSyncer( 2961): updateFlag: com.google.android.finsky.regular, 83042110, 0, , NotificationClickability__disable_opt_out_user
06-08 15:42:34.389 D/HeterodyneSyncer( 2961): updateFlag: com.google.android.finsky.regular, 83042110, 0, , NotificationClickability__enable_ablation
06-08 15:42:34.389 D/HeterodyneSyncer( 2961): updateFlag: com.google.android.finsky.regular, 83042110, 0, , NotificationClickability__enable_hygiene
06-08 15:42:34.389 D/HeterodyneSyncer( 2961): updateFlag: com.google.android.finsky.regular, 83042110, 0, , NotificationClickability__enable_outstanding_update_ablation
06-08 15:42:34.389 D/HeterodyneSyncer( 2961): updateFlag: com.google.android.finsky.regular, 83042110, 0, , NotificationClickability__enable_report_stats
06-08 15:42:34.389 D/HeterodyneSyncer( 2961): updateFlag: com.google.android.finsky.regular, 83042110, 0, , NotificationClickability__enable_signal_gc
06-08 15:42:34.389 D/HeterodyneSyncer( 2961): updateFlag: com.google.android.finsky.regular, 83042110, 0, , NotificationClickability__enable_successful_update_ablation
06-08 15:42:34.389 D/HeterodyneSyncer( 2961): updateFlag: com.google.android.finsky.regular, 83042110, 0, , NotificationClickability__max_no_show_days
06-08 15:42:34.389 D/HeterodyneSyncer( 2961): updateFlag: com.google.android.finsky.regular, 83042110, 0, , NotificationClickability__min_signal_collection_days_for_prediction
06-08 15:42:34.389 D/HeterodyneSyncer( 2961): updateFlag: com.google.android.finsky.regular, 83042110, 0, , NotificationClickability__outstanding_update_max_no_show_millis
06-08 15:42:34.389 D/HeterodyneSyncer( 2961): updateFlag: com.google.android.finsky.regular, 83042110, 0, , NotificationClickability__prediction_cache_ttl_hours
06-08 15:42:34.389 D/HeterodyneSyncer( 2961): updateFlag: com.google.android.finsky.regular, 83042110, 0, , NotificationClickability__prediction_threshold
06-08 15:42:34.389 D/HeterodyneSyncer( 2961): updateFlag: com.google.android.finsky.regular, 83042110, 0, , NotificationClickability__signal_ttl_days
06-08 15:42:34.389 D/HeterodyneSyncer( 2961): updateFlag: com.google.android.finsky.regular, 83042110, 0, , NotificationClickability__successful_update_max_no_show_millis
06-08 15:42:34.389 D/HeterodyneSyncer( 2961): updateFlag: com.google.android.finsky.regular, 83042110, 0, , Notifications__dedup_impressions
06-08 15:42:34.390 D/HeterodyneSyncer( 2961): updateFlag: com.google.android.finsky.regular, 83042110, 0, , Notifications__disable_updates_completion_channel_shrinking
06-08 15:42:34.390 D/HeterodyneSyncer( 2961): updateFlag: com.google.android.finsky.regular, 83042110, 0, , Notifications__enable_adding_manage_notifications_cta_to_all_fg_notifications
06-08 15:42:34.390 D/HeterodyneSyncer( 2961): updateFlag: com.google.android.finsky.regular, 83042110, 0, , Notifications__enable_logging_notification_updates
06-08 15:42:34.390 D/HeterodyneSyncer( 2961): updateFlag: com.google.android.finsky.regular, 83042110, 0, , Notifications__enable_notification_for_apps_with_active_subscriptions_v2
06-08 15:42:34.390 D/HeterodyneSyncer( 2961): updateFlag: com.google.android.finsky.regular, 83042110, 0, , Notifications__forced_dismissible_notification_types
06-08 15:42:34.390 D/HeterodyneSyncer( 2961): updateFlag: com.google.android.finsky.regular, 83042110, 0, , Notifications__uninstall_app_with_active_subs_notification_variant
06-08 15:42:34.390 D/HeterodyneSyncer( 2961): updateFlag: com.google.android.finsky.regular, 83042110, 0, , Notifications__update_notifications_to_pending_downloads
06-08 15:42:34.390 D/HeterodyneSyncer( 2961): updateFlag: com.google.android.finsky.regular, 83042110, 0, , Oauth2__use_oauth2_for_dfe_requests
06-08 15:42:34.390 D/HeterodyneSyncer( 2961): updateFlag: com.google.android.finsky.regular, 83042110, 0, , Oauth2__use_oauth2_for_odyssey_requests
06-08 15:42:34.390 D/HeterodyneSyncer( 2961): updateFlag: com.google.android.finsky.regular, 83042110, 0, , OfflineGames__use_offline_page_logging_metric
06-08 15:42:34.390 D/HeterodyneSyncer( 2961): updateFlag: com.google.android.finsky.regular, 83042110, 0, , OfflineInstall__enable_offline_install
06-08 15:42:34.390 D/HeterodyneSyncer( 2961): updateFlag: com.google.android.finsky.regular, 83042110, 0, , OfflineMyApps__enable_v2_data_controllers
06-08 15:42:34.390 D/HeterodyneSyncer( 2961): updateFlag: com.google.android.finsky.regular, 83042110, 0, , OlWarnings__is_enabled
06-08 15:42:34.390 D/HeterodyneSyncer( 2961): updateFlag: com.google.android.finsky.regular, 83042110, 0, , P2p__allow_p2p_installs_to_override_existing
06-08 15:42:34.390 D/HeterodyneSyncer( 2961): updateFlag: com.google.android.finsky.regular, 83042110, 0, , P2p__enable_dynamic_eval_skip_missing_custom_languages
06-08 15:42:34.390 D/HeterodyneSyncer( 2961): updateFlag: com.google.android.finsky.regular, 83042110, 0, , P2p__enable_extra_not_installable_reason_codes
06-08 15:42:34.390 D/HeterodyneSyncer( 2961): updateFlag: com.google.android.finsky.regular, 83042110, 0, , P2p__enable_frosted_apk_copy_to_internal_storage
06-08 15:42:34.390 D/HeterodyneSyncer( 2961): updateFlag: com.google.android.finsky.regular, 83042110, 0, , P2p__enable_frosting_format_version_evaluate
06-08 15:42:34.390 D/HeterodyneSyncer( 2961): updateFlag: com.google.android.finsky.regular, 83042110, 0, , P2p__enable_obb_evaluation
06-08 15:42:34.390 D/HeterodyneSyncer( 2961): updateFlag: com.google.android.finsky.regular, 83042110, 0, , P2p__enable_p2p_restore_hidden_apps_check
06-08 15:42:34.390 D/HeterodyneSyncer( 2961): updateFlag: com.google.android.finsky.regular, 83042110, 0, , P2p__highest_enabled_api_version
06-08 15:42:34.390 D/HeterodyneSyncer( 2961): updateFlag: com.google.android.finsky.regular, 83042110, 0, , P2p__p2p_destination_protocol_version
06-08 15:42:34.390 D/HeterodyneSyncer( 2961): updateFlag: com.google.android.finsky.regular, 83042110, 0, , P2p__p2p_enable_aadc_restrictions_api
06-08 15:42:34.390 D/HeterodyneSyncer( 2961): updateFlag: com.google.android.finsky.regular, 83042110, 0, , P2p__p2p_enable_content_filter_gate
06-08 15:42:34.390 D/HeterodyneSyncer( 2961): updateFlag: com.google.android.finsky.regular, 83042110, 0, , P2p__p2p_enable_under_eighteen_account_gate
06-08 15:42:34.390 D/HeterodyneSyncer( 2961): updateFlag: com.google.android.finsky.regular, 83042110, 0, , P2p__p2p_nearby_enable_wifi_aware
06-08 15:42:34.390 D/HeterodyneSyncer( 2961): updateFlag: com.google.android.finsky.regular, 83042110, 0, , P2p__p2p_nearby_enable_wifi_lan
06-08 15:42:34.390 D/HeterodyneSyncer( 2961): updateFlag: com.google.android.finsky.regular, 83042110, 0, , P2p__p2p_nearby_wait_for_bandwidth_quality
06-08 15:42:34.390 D/HeterodyneSyncer( 2961): updateFlag: com.google.android.finsky.regular, 83042110, 0, , P2p__p2p_nearby_wait_for_bandwidth_quality_timeout_ms
06-08 15:42:34.390 D/HeterodyneSyncer( 2961): updateFlag: com.google.android.finsky.regular, 83042110, 0, , P2p__p2p_source_protocol_version
06-08 15:42:34.390 D/HeterodyneSyncer( 2961): updateFlag: com.google.android.finsky.regular, 83042110, 0, , P2p__use_apk_results_list_for_events
06-08 15:42:34.390 D/HeterodyneSyncer( 2961): updateFlag: com.google.android.finsky.regular, 83042110, 0, , PackageManager__enable_sha256_certs
06-08 15:42:34.390 D/HeterodyneSyncer( 2961): updateFlag: com.google.android.finsky.regular, 83042110, 0, , PageDwellTimeLogging__disable_legacy_impl
06-08 15:42:34.391 D/HeterodyneSyncer( 2961): updateFlag: com.google.android.finsky.regular, 83042110, 0, , PageDwellTimeLogging__enable_page_dwell_time_logging
06-08 15:42:34.391 D/HeterodyneSyncer( 2961): updateFlag: com.google.android.finsky.regular, 83042110, 0, , PageDwellTimeLogging__enable_start_from_first_image
06-08 15:42:34.391 D/HeterodyneSyncer( 2961): updateFlag: com.google.android.finsky.regular, 83042110, 0, , PartialAuth__enable_partial_auth_auto_update
06-08 15:42:34.391 D/HeterodyneSyncer( 2961): updateFlag: com.google.android.finsky.regular, 83042110, 0, , PartialAuth__enable_partial_auth_my_apps
06-08 15:42:34.391 D/HeterodyneSyncer( 2961): updateFlag: com.google.android.finsky.regular, 83042110, 0, , PaymentsDeviceTokens__killswitch_pm_auth_config
06-08 15:42:34.391 D/HeterodyneSyncer( 2961): updateFlag: com.google.android.finsky.regular, 83042110, 0, , PaymentsGmsCore__enable_gmscore_for_left_nav_billing_profile
06-08 15:42:34.391 D/HeterodyneSyncer( 2961): updateFlag: com.google.android.finsky.regular, 83042110, 0, , PaymentsGmsCore__killswitch_disable_megalogs_logging
06-08 15:42:34.391 D/HeterodyneSyncer( 2961): updateFlag: com.google.android.finsky.regular, 83042110, 0, , PcsiAsyncClusterRenderingLatencyLogging__disable_legacy_async_cluster_latency_logging
06-08 15:42:34.392 D/HeterodyneSyncer( 2961): updateFlag: com.google.android.finsky.regular, 83042110, 0, , PcsiStaleEventFix__max_stale_event_count
06-08 15:42:34.392 D/HeterodyneSyncer( 2961): updateFlag: com.google.android.finsky.regular, 83042110, 0, , PcsiStaleEventFix__stale_threshold_ms
06-08 15:42:34.392 D/HeterodyneSyncer( 2961): updateFlag: com.google.android.finsky.regular, 83042110, 0, , PdsCertificateRule__package_controller
06-08 15:42:34.392 D/HeterodyneSyncer( 2961): updateFlag: com.google.android.finsky.regular, 83042110, 0, , PerAppCompatOverrides__is_enabled
06-08 15:42:34.392 D/HeterodyneSyncer( 2961): updateFlag: com.google.android.finsky.regular, 83042110, 0, , PhoneskyDumpsys__enable_dump_install_status_from_db
06-08 15:42:34.392 D/HeterodyneSyncer( 2961): updateFlag: com.google.android.finsky.regular, 83042110, 0, , PhoneskyDumpsys__enable_phonesky_dumpsys_in_prod_versions
06-08 15:42:34.392 D/HeterodyneSyncer( 2961): updateFlag: com.google.android.finsky.regular, 83042110, 0, , PhoneskyHeader__enable_phonesky_header
06-08 15:42:34.392 D/HeterodyneSyncer( 2961): updateFlag: com.google.android.finsky.regular, 83042110, 0, , PhoneskyHeader__enable_phonesky_header_migration
06-08 15:42:34.392 D/HeterodyneSyncer( 2961): updateFlag: com.google.android.finsky.regular, 83042110, 0, , PhoneskyHeaders__migrate_setup_flow_to_url_param
06-08 15:42:34.392 D/HeterodyneSyncer( 2961): updateFlag: com.google.android.finsky.regular, 83042110, 0, , PhoneskyMoviesShutdown__enable_dp_message
06-08 15:42:34.392 D/HeterodyneSyncer( 2961): updateFlag: com.google.android.finsky.regular, 83042110, 0, , PhoneskyScheduler__killswitch_data_subscription_roaming
06-08 15:42:34.393 D/HeterodyneSyncer( 2961): updateFlag: com.google.android.finsky.regular, 83042110, 0, , PhoneskySetup__cache_pending_early_updates
06-08 15:42:34.393 D/HeterodyneSyncer( 2961): updateFlag: com.google.android.finsky.regular, 83042110, 0, , PhoneskySetup__enable_all_setup_service_api_usage_logging
06-08 15:42:34.393 D/HeterodyneSyncer( 2961): updateFlag: com.google.android.finsky.regular, 83042110, 0, , PhoneskySetup__enable_deferred_setup_intent_in_progress_notification
06-08 15:42:34.393 D/HeterodyneSyncer( 2961): updateFlag: com.google.android.finsky.regular, 83042110, 0, , PhoneskySetup__enable_get_recommended_preinstalls_caller_allowlist
06-08 15:42:34.393 D/HeterodyneSyncer( 2961): updateFlag: com.google.android.finsky.regular, 83042110, 0, , PhoneskySetup__enable_phonesky_early_update
06-08 15:42:34.393 D/HeterodyneSyncer( 2961): updateFlag: com.google.android.finsky.regular, 83042110, 0, , PhoneskySetup__persist_early_update_attempts
06-08 15:42:34.393 D/HeterodyneSyncer( 2961): updateFlag: com.google.android.finsky.regular, 83042110, 0, , PhoneskySetup__populate_install_details_in_install_request
06-08 15:42:34.393 D/HeterodyneSyncer( 2961): updateFlag: com.google.android.finsky.regular, 83042110, 0, , PhoneskySetup__remove_user_cancel_from_failure_count
06-08 15:42:34.393 D/HeterodyneSyncer( 2961): updateFlag: com.google.android.finsky.regular, 83042110, 0, , PhoneskySetup__schedule_phonesky_early_update_through_install_queue
06-08 15:42:34.393 D/HeterodyneSyncer( 2961): updateFlag: com.google.android.finsky.regular, 83042110, 0, , PlayCore__enable_app_not_owned_error_code
06-08 15:42:34.393 D/HeterodyneSyncer( 2961): updateFlag: com.google.android.finsky.regular, 83042110, 0, , PlayCore__log_play_core_latency
06-08 15:42:34.393 D/HeterodyneSyncer( 2961): updateFlag: com.google.android.finsky.regular, 83042110, 0, , PlayFirstLaunchToUninstallDiff__is_enabled
06-08 15:42:34.393 D/HeterodyneSyncer( 2961): updateFlag: com.google.android.finsky.regular, 83042110, 0, , PlayInstallService__enable_enx_headless_install_policy
06-08 15:42:34.393 D/HeterodyneSyncer( 2961): updateFlag: com.google.android.finsky.regular, 83042110, 0, , PlayJankLogging__enable_deadline_based_metrics
06-08 15:42:34.393 D/HeterodyneSyncer( 2961): updateFlag: com.google.android.finsky.regular, 83042110, 0, , PlayJankLogging__interval_duration
06-08 15:42:34.393 D/HeterodyneSyncer( 2961): updateFlag: com.google.android.finsky.regular, 83042110, 0, , PlayJankLogging__is_enabled
06-08 15:42:34.393 D/HeterodyneSyncer( 2961): updateFlag: com.google.android.finsky.regular, 83042110, 0, , PlayPassAppDetailPageClusters__is_enabled
06-08 15:42:34.393 D/HeterodyneSyncer( 2961): updateFlag: com.google.android.finsky.regular, 83042110, 0, , PlayPass__auto_scroll_delay_millis
06-08 15:42:34.393 D/HeterodyneSyncer( 2961): updateFlag: com.google.android.finsky.regular, 83042110, 0, , PlayPass__enable_ndfc_free_removal
06-08 15:42:34.393 D/HeterodyneSyncer( 2961): updateFlag: com.google.android.finsky.regular, 83042110, 0, , PlayPass__enable_new_layout_for_primary_nav_header_image
06-08 15:42:34.393 D/HeterodyneSyncer( 2961): updateFlag: com.google.android.finsky.regular, 83042110, 0, , PlayPass__enable_new_layout_for_primary_nav_header_video
06-08 15:42:34.393 D/HeterodyneSyncer( 2961): updateFlag: com.google.android.finsky.regular, 83042110, 0, , PlayPass__enable_play_pass_setup_page_for_subscribers
06-08 15:42:34.393 D/HeterodyneSyncer( 2961): updateFlag: com.google.android.finsky.regular, 83042110, 0, , PlayPass__enable_signup_page_tool_bar_visual_refresh
06-08 15:42:34.393 D/HeterodyneSyncer( 2961): updateFlag: com.google.android.finsky.regular, 83042110, 0, , PlayPass__enable_strike_through_price_on_editorial_page
06-08 15:42:34.394 D/HeterodyneSyncer( 2961): updateFlag: com.google.android.finsky.regular, 83042110, 0, , PlayPass__enable_tool_bar_activation_button_click
06-08 15:42:34.394 D/HeterodyneSyncer( 2961): updateFlag: com.google.android.finsky.regular, 83042110, 0, , PlayPass__enable_use_url_from_server
06-08 15:42:34.394 D/HeterodyneSyncer( 2961): updateFlag: com.google.android.finsky.regular, 83042110, 0, , PlayPass__enable_warning_message_module_user_settings_cache_listener
06-08 15:42:34.394 D/HeterodyneSyncer( 2961): updateFlag: com.google.android.finsky.regular, 83042110, 0, , PlayPass__killswitch_enable_use_url_from_toc
06-08 15:42:34.394 D/HeterodyneSyncer( 2961): updateFlag: com.google.android.finsky.regular, 83042110, 0, , PlayPass__show_alternative_plan_below_second_benefits_section
06-08 15:42:34.394 D/HeterodyneSyncer( 2961): updateFlag: com.google.android.finsky.regular, 83042110, 0, , PlayPass__show_play_pass_ribbon_with_cta
06-08 15:42:34.395 D/HeterodyneSyncer( 2961): updateFlag: com.google.android.finsky.regular, 83042110, 0, , PlayPass__stop_play_reinitialization_for_existing_active_subscribers
06-08 15:42:34.395 D/HeterodyneSyncer( 2961): updateFlag: com.google.android.finsky.regular, 83042110, 0, , PlayProtect__app_installer_warning_dismissal_period_days
06-08 15:42:34.395 D/HeterodyneSyncer( 2961): updateFlag: com.google.android.finsky.regular, 83042110, 0, , PlayProtect__client_datastore_writing_kill_switch
